03-05 11:00:28.959     0     0 I init    : [libfs_mgr]__mount(source=/dev/block/pci/pci0000:00/0000:00:06.0/by-name/metadata,target=/metadata,type=ext4)=0: Success
03-05 11:00:28.961     0     0 E init    : Failed to copy /avb into /metadata/gsi/dsu/avb/: No such file or directory
03-05 11:00:28.963     0     0 I init    : [libfs_mgr]Created logical partition system on device /dev/block/dm-0
03-05 11:00:28.965     0     0 I init    : [libfs_mgr]Created logical partition system_dlkm on device /dev/block/dm-1
03-05 11:00:28.966     0     0 I init    : [libfs_mgr]Created logical partition system_ext on device /dev/block/dm-2
03-05 11:00:28.967     0     0 I init    : [libfs_mgr]Created logical partition product on device /dev/block/dm-3
03-05 11:00:28.969     0     0 I init    : [libfs_mgr]Created logical partition vendor on device /dev/block/dm-4
03-05 11:00:28.970     0     0 I init    : DSU not detected, proceeding with normal boot
03-05 11:00:29.976     0     0 E init    : [libfs_avb]Device path not found: /dev/block/by-name/system
03-05 11:00:29.979     0     0 I init    : [libfs_avb]Fallback to use logical device path: /dev/block/dm-0
03-05 11:00:30.989     0     0 E init    : [libfs_avb]Device path not found: /dev/block/by-name/system
03-05 11:00:30.991     0     0 I init    : [libfs_avb]Fallback to use logical device path: /dev/block/dm-0
03-05 11:00:30.994     0     0 I init    : [libfs_avb]Returning avb_handle with status: Success
03-05 11:00:30.995     0     0 I init    : [libfs_avb]Built verity table: '1 /dev/block/dm-0 /dev/block/dm-0 4096 4096 209333 209333 sha256 7667b2375efb4ab64aa2dec7d98c29f908e4b7c495261976d9f9ed75c1c43b82 67488f628d272f9fc87d59fa03d93f838097df39ea7216c8f2bbda75971f3e91 10 use_fec_from_device /dev/block/dm-0 fec_roots 2 fec_blocks 210983 fec_start 210983 restart_on_corruption ignore_zero_blocks'
03-05 11:00:31.003     0     0 I device-mapper: verity: sha256 using implementation "sha256-avx"
03-05 11:00:31.007     0     0 I init    : [libfs_mgr]superblock s_max_mnt_count:65535,/dev/block/dm-5
03-05 11:00:31.009     0     0 I EXT4-fs (dm-5): mounted filesystem without journal. Opts: barrier=1. Quota mode: none.
03-05 11:00:31.011     0     0 I init    : [libfs_mgr]__mount(source=/dev/block/dm-5,target=/system,type=ext4)=0: Success
03-05 11:00:31.012     0     0 I init    : Switching root to '/system'
03-05 11:00:31.016     0     0 I init    : [libfs_mgr]superblock s_max_mnt_count:65535,/dev/block/dm-4
03-05 11:00:31.019     0     0 I EXT4-fs (dm-4): mounted filesystem without journal. Opts: barrier=1. Quota mode: none.
03-05 11:00:31.020     0     0 I init    : [libfs_mgr]__mount(source=/dev/block/dm-4,target=/vendor,type=ext4)=0: Success
03-05 11:00:31.022     0     0 I init    : [libfs_mgr]superblock s_max_mnt_count:65535,/dev/block/dm-3
03-05 11:00:31.024     0     0 I EXT4-fs (dm-3): mounted filesystem without journal. Opts: barrier=1. Quota mode: none.
03-05 11:00:31.025     0     0 I init    : [libfs_mgr]__mount(source=/dev/block/dm-3,target=/product,type=ext4)=0: Success
03-05 11:00:31.027     0     0 I erofs   : (device dm-1): mounted with root inode @ nid 38.
03-05 11:00:31.028     0     0 I init    : [libfs_mgr]__mount(source=/dev/block/dm-1,target=/system_dlkm,type=erofs)=0: Success
03-05 11:00:31.029     0     0 I init    : [libfs_mgr]superblock s_max_mnt_count:65535,/dev/block/dm-2
03-05 11:00:31.031     0     0 I EXT4-fs (dm-2): mounted filesystem without journal. Opts: barrier=1. Quota mode: none.
03-05 11:00:31.033     0     0 I init    : [libfs_mgr]__mount(source=/dev/block/dm-2,target=/system_ext,type=ext4)=0: Success
03-05 11:00:31.037     0     0 I init    : Skipped setting INIT_AVB_VERSION (not in recovery mode)
03-05 11:00:31.138     0     0 I init    : Opening SELinux policy
03-05 11:00:31.140     0     0 I init    : Falling back to standard signature check. TODO implementent support for fsverity SEPolicy.
03-05 11:00:31.142     0     0 I init    : Error: Apex SEPolicy failed signature check
03-05 11:00:31.143     0     0 I init    : Loading APEX Sepolicy from /system/etc/selinux/apex/SEPolicy.zip
03-05 11:00:31.144     0     0 E init    : Failed to open package /system/etc/selinux/apex/SEPolicy.zip: No such file or directory
03-05 11:00:31.150     0     0 I init    : Loading SELinux policy
03-05 11:00:31.153     0     0 I SELinux : Permission bpf in class capability2 not defined in policy.
03-05 11:00:31.154     0     0 I SELinux : Permission checkpoint_restore in class capability2 not defined in policy.
03-05 11:00:31.155     0     0 I SELinux : Permission bpf in class cap2_userns not defined in policy.
03-05 11:00:31.156     0     0 I SELinux : Permission checkpoint_restore in class cap2_userns not defined in policy.
03-05 11:00:31.158     0     0 I SELinux : Class mctp_socket not defined in policy.
03-05 11:00:31.158     0     0 I SELinux : the above unknown classes and permissions will be denied
03-05 11:00:31.160     0     0 I SELinux : policy capability network_peer_controls=1
03-05 11:00:31.161     0     0 I SELinux : policy capability open_perms=1
03-05 11:00:31.162     0     0 I SELinux : policy capability extended_socket_class=1
03-05 11:00:31.163     0     0 I SELinux : policy capability always_check_network=0
03-05 11:00:31.164     0     0 I SELinux : policy capability cgroup_seclabel=0
03-05 11:00:31.164     0     0 I SELinux : policy capability nnp_nosuid_transition=1
03-05 11:00:31.165     0     0 I SELinux : policy capability genfs_seclabel_symlinks=0
03-05 11:00:31.166     0     0 I SELinux : policy capability ioctl_skip_cloexec=0
03-05 11:00:31.159   173   173 W auditd  : type=1403 audit(0.0:2): auid=4294967295 ses=4294967295 lsm=selinux res=1
03-05 11:00:31.273     0     0 I selinux : SELinux: Loaded file_contexts
03-05 11:00:31.274     0     0 I selinux :  
03-05 11:00:31.171   173   173 W auditd  : type=1404 audit(0.0:3): enforcing=1 old_enforcing=0 auid=4294967295 ses=4294967295 enabled=1 old-enabled=1 lsm=selinux res=1
03-05 11:00:31.300     0     0 I init    : init second stage started!
03-05 11:00:31.311     0     0 I init    : Using Android DT directory /proc/device-tree/firmware/android/
03-05 11:00:31.313     0     0 W init    : Couldn't load property file '/vendor/default.prop': open() failed: No such file or directory: No such file or directory
03-05 11:00:31.315     0     0 W init    : Overriding previous property 'ro.control_privapp_permissions':'disable' with new value 'enforce'
03-05 11:00:31.318     0     0 W init    : Couldn't load property file '/odm_dlkm/etc/build.prop': open() failed: No such file or directory: No such file or directory
03-05 11:00:31.321     0     0 W init    : Overriding previous property 'ro.config.notification_sound':'OnTheHunt.ogg' with new value 'pixiedust.ogg'
03-05 11:00:31.323     0     0 I init    : Setting product property ro.product.brand to 'google' (from ro.product.product.brand)
03-05 11:00:31.324     0     0 I init    : Setting product property ro.product.device to 'emu64x' (from ro.product.product.device)
03-05 11:00:31.325     0     0 I init    : Setting product property ro.product.manufacturer to 'Google' (from ro.product.product.manufacturer)
03-05 11:00:31.327     0     0 I init    : Setting product property ro.product.model to 'sdk_gphone64_x86_64' (from ro.product.product.model)
03-05 11:00:31.328     0     0 I init    : Setting product property ro.product.name to 'sdk_gphone64_x86_64' (from ro.product.product.name)
03-05 11:00:31.330     0     0 I init    : Setting property 'ro.build.fingerprint' to 'google/sdk_gphone64_x86_64/emu64x:13/TE1A.240213.009/12342917:userdebug/dev-keys'
03-05 11:00:31.332     0     0 I init    : Setting property 'ro.product.cpu.abilist' to 'x86_64'
03-05 11:00:31.333     0     0 I init    : Setting property 'ro.product.cpu.abilist32' to ''
03-05 11:00:31.334     0     0 I init    : Setting property 'ro.product.cpu.abilist64' to 'x86_64'
03-05 11:00:31.335     0     0 I selinux : SELinux: Loaded file_contexts
03-05 11:00:31.336     0     0 I selinux :  
03-05 11:00:31.336     0     0 I init    : Running restorecon...
03-05 11:00:31.339     0     0 I init    : Created socket '/dev/socket/property_service', mode 666, user 0, group 0
03-05 11:00:31.341     0     0 I init    : SetupMountNamespaces done
03-05 11:00:31.342     0     0 I init    : Forked subcontext for 'u:r:vendor_init:s0' with pid 117
03-05 11:00:31.344     0     0 I init    : Parsing file /system/etc/init/hw/init.rc...
03-05 11:00:31.346     0     0 I init    : Added '/init.environ.rc' to import list
03-05 11:00:31.347     0     0 I init    : Added '/system/etc/init/hw/init.usb.rc' to import list
03-05 11:00:31.348     0     0 I init    : Added '/init.ranchu.rc' to import list
03-05 11:00:31.348     0     0 I init    : Added '/vendor/etc/init/hw/init.ranchu.rc' to import list
03-05 11:00:31.349     0     0 I init    : Added '/system/etc/init/hw/init.usb.configfs.rc' to import list
03-05 11:00:31.350     0     0 I init    : Added '/system/etc/init/hw/init.zygote64.rc' to import list
03-05 11:00:31.352     0     0 I init    : Parsing file /init.environ.rc...
03-05 11:00:31.353     0     0 I init    : Parsing file /system/etc/init/hw/init.usb.rc...
03-05 11:00:31.354     0     0 I init    : Parsing file /init.ranchu.rc...
03-05 11:00:31.355     0     0 I init    : Unable to read config file '/init.ranchu.rc': open() failed: No such file or directory
03-05 11:00:31.357     0     0 I init    : Parsing file /vendor/etc/init/hw/init.ranchu.rc...
03-05 11:00:31.358     0     0 I init    : Parsing file /system/etc/init/hw/init.usb.configfs.rc...
03-05 11:00:31.360     0     0 I init    : Parsing file /system/etc/init/hw/init.zygote64.rc...
03-05 11:00:31.361     0     0 I init    : Parsing directory /system/etc/init...
03-05 11:00:31.362     0     0 I init    : Parsing file /system/etc/init/android.hidl.allocator@1.0-service.rc...
03-05 11:00:31.363     0     0 I init    : Parsing file /system/etc/init/android.system.suspend@1.0-service.rc...
03-05 11:00:31.364     0     0 I init    : Parsing file /system/etc/init/apexd.rc...
03-05 11:00:31.365     0     0 I init    : Parsing file /system/etc/init/atrace.rc...
03-05 11:00:31.367     0     0 I init    : Parsing file /system/etc/init/atrace_userdebug.rc...
03-05 11:00:31.368     0     0 I init    : Parsing file /system/etc/init/audioserver.rc...
03-05 11:00:31.369     0     0 I init    : Parsing file /system/etc/init/blank_screen.rc...
03-05 11:00:31.370     0     0 I init    : Parsing file /system/etc/init/bootanim.rc...
03-05 11:00:31.371     0     0 I init    : Parsing file /system/etc/init/bootstat-debug.rc...
03-05 11:00:31.372     0     0 I init    : Parsing file /system/etc/init/bootstat.rc...
03-05 11:00:31.373     0     0 I init    : Parsing file /system/etc/init/bpfloader.rc...
03-05 11:00:31.374     0     0 I init    : Parsing file /system/etc/init/cameraserver.rc...
03-05 11:00:31.375     0     0 I init    : Parsing file /system/etc/init/clean_scratch_files.rc...
03-05 11:00:31.376     0     0 I init    : Parsing file /system/etc/init/cppreopts.rc...
03-05 11:00:31.377     0     0 I init    : Parsing file /system/etc/init/credstore.rc...
03-05 11:00:31.378     0     0 I init    : Parsing file /system/etc/init/dmesgd.rc...
03-05 11:00:31.379     0     0 I init    : Parsing file /system/etc/init/drmserver.rc...
03-05 11:00:31.380     0     0 I init    : Parsing file /system/etc/init/dumpstate.rc...
03-05 11:00:31.381     0     0 I init    : Parsing file /system/etc/init/flags_health_check.rc...
03-05 11:00:31.382     0     0 I init    : Parsing file /system/etc/init/gatekeeperd.rc...
03-05 11:00:31.383     0     0 I init    : Parsing file /system/etc/init/gpuservice.rc...
03-05 11:00:31.384     0     0 I init    : Parsing file /system/etc/init/gsid.rc...
03-05 11:00:31.385     0     0 I init    : Parsing file /system/etc/init/heapprofd.rc...
03-05 11:00:31.386     0     0 I init    : Parsing file /system/etc/init/hwservicemanager.rc...
03-05 11:00:31.387     0     0 I init    : Parsing file /system/etc/init/idmap2d.rc...
03-05 11:00:31.388     0     0 I init    : Parsing file /system/etc/init/incidentd.rc...
03-05 11:00:31.389     0     0 I init    : Parsing file /system/etc/init/init-debug.rc...
03-05 11:00:31.390     0     0 I init    : Parsing file /system/etc/init/installd.rc...
03-05 11:00:31.391     0     0 I init    : Parsing file /system/etc/init/keystore2.rc...
03-05 11:00:31.392     0     0 I init    : Parsing file /system/etc/init/llkd-debuggable.rc...
03-05 11:00:31.393     0     0 I init    : Parsing file /system/etc/init/llkd.rc...
03-05 11:00:31.394     0     0 I init    : Parsing file /system/etc/init/lmkd.rc...
03-05 11:00:31.395     0     0 I init    : Parsing file /system/etc/init/logcatd.rc...
03-05 11:00:31.396     0     0 I init    : Parsing file /system/etc/init/logd.rc...
03-05 11:00:31.397     0     0 I init    : Parsing file /system/etc/init/logtagd.rc...
03-05 11:00:31.398     0     0 I init    : Parsing file /system/etc/init/lpdumpd.rc...
03-05 11:00:31.399     0     0 I init    : Parsing file /system/etc/init/mdnsd.rc...
03-05 11:00:31.400     0     0 I init    : Parsing file /system/etc/init/mediaextractor.rc...
03-05 11:00:31.401     0     0 I init    : Parsing file /system/etc/init/mediametrics.rc...
03-05 11:00:31.402     0     0 I init    : Parsing file /system/etc/init/mediaserver.rc...
03-05 11:00:31.403     0     0 I init    : Parsing file /system/etc/init/mtpd.rc...
03-05 11:00:31.404     0     0 I init    : Parsing file /system/etc/init/netd.rc...
03-05 11:00:31.405     0     0 I init    : Parsing file /system/etc/init/odsign.rc...
03-05 11:00:31.406     0     0 I init    : Parsing file /system/etc/init/otapreopt.rc...
03-05 11:00:31.407     0     0 I init    : Parsing file /system/etc/init/perfetto.rc...
03-05 11:00:31.408     0     0 I init    : Parsing file /system/etc/init/prng_seeder.rc...
03-05 11:00:31.409     0     0 I init    : Parsing file /system/etc/init/profcollectd.rc...
03-05 11:00:31.410     0     0 I init    : Parsing file /system/etc/init/racoon.rc...
03-05 11:00:31.411     0     0 I init    : Parsing file /system/etc/init/recovery-persist.rc...
03-05 11:00:31.412     0     0 I init    : Parsing file /system/etc/init/recovery-refresh.rc...
03-05 11:00:31.413     0     0 I init    : Parsing file /system/etc/init/rss_hwm_reset.rc...
03-05 11:00:31.414     0     0 I init    : Parsing file /system/etc/init/servicemanager.rc...
03-05 11:00:31.415     0     0 I init    : Parsing file /system/etc/init/simpleperf.rc...
03-05 11:00:31.416     0     0 I init    : Parsing file /system/etc/init/snapuserd.rc...
03-05 11:00:31.417     0     0 I init    : Parsing file /system/etc/init/storaged.rc...
03-05 11:00:31.418     0     0 I init    : Parsing file /system/etc/init/surfaceflinger.rc...
03-05 11:00:31.419     0     0 I init    : Parsing file /system/etc/init/tombstoned.rc...
03-05 11:00:31.420     0     0 I init    : Parsing file /system/etc/init/traced_perf.rc...
03-05 11:00:31.421     0     0 I init    : Parsing file /system/etc/init/uncrypt.rc...
03-05 11:00:31.422     0     0 I init    : Parsing file /system/etc/init/update_engine.rc...
03-05 11:00:31.423     0     0 I init    : Parsing file /system/etc/init/update_verifier.rc...
03-05 11:00:31.424     0     0 I init    : Parsing file /system/etc/init/usbd.rc...
03-05 11:00:31.425     0     0 I init    : Parsing file /system/etc/init/vold.rc...
03-05 11:00:31.426     0     0 I init    : Parsing file /system/etc/init/wifi.rc...
03-05 11:00:31.427     0     0 I init    : Parsing file /system/etc/init/wificond.rc...
03-05 11:00:31.428     0     0 I init    : Parsing directory /system_ext/etc/init...
03-05 11:00:31.429     0     0 I init    : Parsing file /system_ext/etc/init/init.system_ext.rc...
03-05 11:00:31.430     0     0 I init    : Parsing directory /vendor/etc/init...
03-05 11:00:31.431     0     0 I init    : Parsing file /vendor/etc/init/android.hardware.atrace@1.0-service.rc...
03-05 11:00:31.432     0     0 I init    : Parsing file /vendor/etc/init/android.hardware.audio.service.rc...
03-05 11:00:31.433     0     0 I init    : Parsing file /vendor/etc/init/android.hardware.authsecret@1.0-service.rc...
03-05 11:00:31.435     0     0 I init    : Parsing file /vendor/etc/init/android.hardware.biometrics.face@1.0-service.rc...
03-05 11:00:31.436     0     0 I init    : Parsing file /vendor/etc/init/android.hardware.biometrics.fingerprint@2.1-service.rc...
03-05 11:00:31.438     0     0 I init    : Parsing file /vendor/etc/init/android.hardware.bluetooth@1.1-service.btlinux.rc...
03-05 11:00:31.439     0     0 I init    : Parsing file /vendor/etc/init/android.hardware.camera.provider@2.4-service_64.rc...
03-05 11:00:31.440     0     0 I init    : Parsing file /vendor/etc/init/android.hardware.camera.provider@2.7-service-google.rc...
03-05 11:00:31.442     0     0 I init    : Parsing file /vendor/etc/init/android.hardware.cas@1.2-service.rc...
03-05 11:00:31.443     0     0 I init    : Parsing file /vendor/etc/init/android.hardware.contexthub@1.1-service.rc...
03-05 11:00:31.445     0     0 I init    : Parsing file /vendor/etc/init/android.hardware.drm-service.clearkey.rc...
03-05 11:00:31.446     0     0 I init    : Parsing file /vendor/etc/init/android.hardware.drm-service.widevine.rc...
03-05 11:00:31.447     0     0 W init    : 'writepid /dev/cpuset/foreground/tasks' is converted into 'task_profiles ProcessCapacityHigh' for service vendor.drm-widevine-hal
03-05 11:00:31.449     0     0 I init    : Parsing file /vendor/etc/init/android.hardware.drm@1.0-service.rc...
03-05 11:00:31.450     0     0 I init    : Parsing file /vendor/etc/init/android.hardware.drm@1.4-service.clearkey.rc...
03-05 11:00:31.452     0     0 I init    : Parsing file /vendor/etc/init/android.hardware.dumpstate@1.1-service.example.rc...
03-05 11:00:31.453     0     0 I init    : Parsing file /vendor/etc/init/android.hardware.gatekeeper@1.0-service.software.rc...
03-05 11:00:31.454     0     0 I init    : Parsing file /vendor/etc/init/android.hardware.gnss@2.0-service.ranchu.rc...
03-05 11:00:31.456     0     0 I init    : Parsing file /vendor/etc/init/android.hardware.graphics.allocator@3.0-service.rc...
03-05 11:00:31.457     0     0 I init    : Parsing file /vendor/etc/init/android.hardware.graphics.composer@2.4-service.rc...
03-05 11:00:31.459     0     0 I init    : Parsing file /vendor/etc/init/android.hardware.health.storage@1.0-service.rc...
03-05 11:00:31.460     0     0 I init    : Parsing file /vendor/etc/init/android.hardware.health@2.1-service.rc...
03-05 11:00:31.461     0     0 I init    : Parsing file /vendor/etc/init/android.hardware.media.c2@1.0-service-goldfish.rc...
03-05 11:00:31.463     0     0 I init    : Parsing file /vendor/etc/init/android.hardware.neuralnetworks@1.3-service-sample-all.rc...
03-05 11:00:31.464     0     0 I init    : Parsing file /vendor/etc/init/android.hardware.neuralnetworks@1.3-service-sample-limited.rc...
03-05 11:00:31.466     0     0 I init    : Parsing file /vendor/etc/init/android.hardware.power.stats@1.0-service.rc...
03-05 11:00:31.467     0     0 I init    : Parsing file /vendor/etc/init/android.hardware.security.keymint-service.rc...
03-05 11:00:31.468     0     0 I init    : Parsing file /vendor/etc/init/android.hardware.sensors@2.1-service-multihal.rc...
03-05 11:00:31.470     0     0 I init    : Parsing file /vendor/etc/init/android.hardware.thermal@2.0-service.rc...
03-05 11:00:31.471     0     0 I init    : Parsing file /vendor/etc/init/android.hardware.usb@1.0-service.rc...
03-05 11:00:31.472     0     0 I init    : Parsing file /vendor/etc/init/android.hardware.wifi@1.0-service.rc...
03-05 11:00:31.474     0     0 I init    : Parsing file /vendor/etc/init/boringssl_self_test.rc...
03-05 11:00:31.475     0     0 I init    : Parsing file /vendor/etc/init/hostapd.android.rc...
03-05 11:00:31.476     0     0 I init    : Parsing file /vendor/etc/init/identity-default.rc...
03-05 11:00:31.477     0     0 I init    : Parsing file /vendor/etc/init/lights-default.rc...
03-05 11:00:31.478     0     0 I init    : Parsing file /vendor/etc/init/power-default.rc...
03-05 11:00:31.479     0     0 I init    : Parsing file /vendor/etc/init/rebootescrow-default.rc...
03-05 11:00:31.480     0     0 I init    : Parsing file /vendor/etc/init/rild_goldfish.rc...
03-05 11:00:31.481     0     0 I init    : Parsing file /vendor/etc/init/vibrator-default.rc...
03-05 11:00:31.482     0     0 I init    : Parsing file /odm/etc/init...
03-05 11:00:31.483     0     0 I init    : Unable to read config file '/odm/etc/init': open() failed: No such file or directory
03-05 11:00:31.484     0     0 I init    : Parsing file /product/etc/init...
03-05 11:00:31.485     0     0 I init    : Unable to read config file '/product/etc/init': open() failed: No such file or directory
03-05 11:00:31.486     0     0 I init    : processing action (SetupCgroups) from (<Builtin Action>:0)
03-05 11:00:31.554     0     0 I init    : Command 'SetupCgroups' action=SetupCgroups (<Builtin Action>:0) took 66ms and succeeded
03-05 11:00:31.559     0     0 I init    : processing action (SetKptrRestrict) from (<Builtin Action>:0)
03-05 11:00:31.561     0     0 I init    : processing action (TestPerfEventSelinux) from (<Builtin Action>:0)
03-05 11:00:31.563     0     0 I init    : processing action (ConnectEarlyStageSnapuserd) from (<Builtin Action>:0)
03-05 11:00:31.564     0     0 I init    : processing action (early-init) from (/system/etc/init/hw/init.rc:15)
03-05 11:00:31.617     0     0 I init    : Command 'write /proc/sys/kernel/sysrq 0' action=early-init (/system/etc/init/hw/init.rc:17) took 51ms and succeeded
03-05 11:00:31.626     0     0 I init    : Command 'mkdir /acct/uid' action=early-init (/system/etc/init/hw/init.rc:30) took 5ms and failed: mkdir() failed on /acct/uid: Read-only file system
03-05 11:00:31.629     0     0 I init    : starting service 'exec 1 (/system/bin/bootstrap/linkerconfig --target /linkerconfig/bootstrap)'...
03-05 11:00:31.632     0     0 I init    : SVC_EXEC service 'exec 1 (/system/bin/bootstrap/linkerconfig --target /linkerconfig/bootstrap)' pid 118 (uid 0 gid 0+0 context default) started; waiting...
03-05 11:00:31.644     0     0 E linkerconfig: Unable to access VNDK APEX at path: /apex/com.android.vndk.v33: No such file or directory
03-05 11:00:31.646     0     0 E linkerconfig: Unable to access VNDK APEX at path: /apex/com.android.vndk.v33: No such file or directory
03-05 11:00:31.933   176   176 I hwservicemanager: getDeviceHalManifest: Reading VINTF information.
03-05 11:00:31.648     0     0 I         : linkerconfig (118) used greatest stack depth: 11600 bytes left
03-05 11:00:31.648     0     0 I init    : Service 'exec 1 (/system/bin/bootstrap/linkerconfig --target /linkerconfig/bootstrap)' (pid 118) exited with status 0 waiting took 0.016000 seconds
03-05 11:00:31.651     0     0 I init    : Sending signal 9 to service 'exec 1 (/system/bin/bootstrap/linkerconfig --target /linkerconfig/bootstrap)' (pid 118) process group...
03-05 11:00:31.653     0     0 I libprocessgroup: Successfully killed process cgroup uid 0 pid 118 in 0ms
03-05 11:00:31.655     0     0 I init    : starting service 'ueventd'...
03-05 11:00:31.656     0     0 I init    : starting service 'apexd-bootstrap'...
03-05 11:00:31.658     0     0 I init    : SVC_EXEC service 'apexd-bootstrap' pid 120 (uid 0 gid 1000+0 context default) started; waiting...
03-05 11:00:31.662     0     0 I ueventd : ueventd started!
03-05 11:00:31.664     0     0 I selinux : SELinux: Loaded file_contexts
03-05 11:00:31.664     0     0 I selinux :  
03-05 11:00:31.665     0     0 I ueventd : Parsing file /system/etc/ueventd.rc...
03-05 11:00:31.666     0     0 I ueventd : Added '/vendor/etc/ueventd.rc' to import list
03-05 11:00:31.667     0     0 I ueventd : Added '/odm/etc/ueventd.rc' to import list
03-05 11:00:31.668     0     0 I ueventd : Parsing file /vendor/etc/ueventd.rc...
03-05 11:00:31.669     0     0 I ueventd : Parsing file /odm/etc/ueventd.rc...
03-05 11:00:31.670     0     0 I ueventd : Unable to read config file '/odm/etc/ueventd.rc': open() failed: No such file or directory
03-05 11:00:31.696     0     0 I ueventd : Coldboot took 0.025 seconds
03-05 11:00:31.704     0     0 I apexd   : Bootstrap subcommand detected
03-05 11:00:31.707     0     0 E cutils-trace: Error opening trace file: No such file or directory (2)
03-05 11:00:31.767     0     0 I apexd   : Pre-allocated 32 loopback devices
03-05 11:00:31.768     0     0 I apexd   : Scanning /system/apex for pre-installed ApexFiles
03-05 11:00:31.769     0     0 I apexd   : Found pre-installed APEX /system/apex/com.google.android.tzdata4.apex
03-05 11:00:31.770     0     0 I apexd   : Found pre-installed APEX /system/apex/com.google.android.mediaprovider.apex
03-05 11:00:31.772     0     0 I apexd   : Found pre-installed APEX /system/apex/com.google.android.appsearch.apex
03-05 11:00:31.773     0     0 I apexd   : Found pre-installed APEX /system/apex/com.android.apex.cts.shim.apex
03-05 11:00:31.774     0     0 I apexd   : Found pre-installed APEX /system/apex/com.google.android.media.swcodec.apex
03-05 11:00:31.776     0     0 I apexd   : Found pre-installed APEX /system/apex/com.google.android.os.statsd.apex
03-05 11:00:31.777     0     0 I apexd   : Found pre-installed APEX /system/apex/com.google.android.ipsec.apex
03-05 11:00:31.778     0     0 I apexd   : Found pre-installed APEX /system/apex/com.google.android.extservices.apex
03-05 11:00:31.779     0     0 I apexd   : Found pre-installed APEX /system/apex/com.google.android.sdkext.apex
03-05 11:00:31.781     0     0 I apexd   : Found pre-installed APEX /system/apex/com.google.android.tethering.apex
03-05 11:00:31.782     0     0 I apexd   : Found pre-installed APEX /system/apex/com.google.mainline.primary.libs.apex
03-05 11:00:31.783     0     0 I apexd   : Found pre-installed APEX /system/apex/com.google.android.scheduling.apex
03-05 11:00:31.784     0     0 I apexd   : Found pre-installed APEX /system/apex/com.android.vndk.current.apex
03-05 11:00:31.786     0     0 I apexd   : Found pre-installed APEX /system/apex/com.google.android.cellbroadcast.apex
03-05 11:00:31.787     0     0 I apexd   : Found pre-installed APEX /system/apex/com.google.android.adservices.apex
03-05 11:00:31.788     0     0 I apexd   : Found pre-installed APEX /system/apex/com.google.android.wifi.apex
03-05 11:00:31.789     0     0 I apexd   : Found pre-installed APEX /system/apex/com.android.i18n.apex
03-05 11:00:31.791     0     0 I apexd   : Found pre-installed APEX /system/apex/com.google.android.conscrypt.apex
03-05 11:00:31.792     0     0 I apexd   : Found pre-installed APEX /system/apex/com.android.runtime.apex
03-05 11:00:31.793     0     0 I apexd   : Found pre-installed APEX /system/apex/com.google.android.art.apex
03-05 11:00:31.794     0     0 I apexd   : Found pre-installed APEX /system/apex/com.google.android.uwb.apex
03-05 11:00:31.795     0     0 I apexd   : Found pre-installed APEX /system/apex/com.google.android.adbd.apex
03-05 11:00:31.797     0     0 I apexd   : Found pre-installed APEX /system/apex/com.google.android.ondevicepersonalization.apex
03-05 11:00:31.798     0     0 I apexd   : Found pre-installed APEX /system/apex/com.google.android.neuralnetworks.apex
03-05 11:00:31.799     0     0 I apexd   : Found pre-installed APEX /system/apex/com.google.android.permission.apex
03-05 11:00:31.801     0     0 I apexd   : Found pre-installed APEX /system/apex/com.google.android.media.apex
03-05 11:00:31.802     0     0 I apexd   : Found pre-installed APEX /system/apex/com.google.android.btservices.apex
03-05 11:00:31.803     0     0 I apexd   : Found pre-installed APEX /system/apex/com.google.android.resolv.apex
03-05 11:00:31.804     0     0 I apexd   : Scanning /system_ext/apex for pre-installed ApexFiles
03-05 11:00:31.805     0     0 W apexd   : /system_ext/apex does not exist. Skipping
03-05 11:00:31.806     0     0 I apexd   : Scanning /product/apex for pre-installed ApexFiles
03-05 11:00:31.807     0     0 W apexd   : /product/apex does not exist. Skipping
03-05 11:00:31.808     0     0 I apexd   : Scanning /vendor/apex for pre-installed ApexFiles
03-05 11:00:31.809     0     0 W apexd   : /vendor/apex does not exist. Skipping
03-05 11:00:31.810     0     0 I apexd   : No block apex metadata partition found, not adding block apexes
03-05 11:00:31.811     0     0 I apexd   : Pre-allocated 0 loopback devices
03-05 11:00:31.814     0     0 I loop0   : detected capacity change from 0 to 68016
03-05 11:00:31.815     0     0 I loop1   : detected capacity change from 0 to 59592
03-05 11:00:31.817     0     0 I EXT4-fs (loop0): mounted filesystem without journal. Opts: (null). Quota mode: none.
03-05 11:00:31.818     0     0 I EXT4-fs (loop1): mounted filesystem without journal. Opts: (null). Quota mode: none.
03-05 11:00:31.818     0     0 I apexd   : Successfully mounted package /system/apex/com.android.i18n.apex on /apex/com.android.i18n@1 duration=4
03-05 11:00:31.820     0     0 I apexd   : Successfully mounted package /system/apex/com.android.vndk.current.apex on /apex/com.android.vndk.v33@1 duration=5
03-05 11:00:31.824     0     0 I loop2   : detected capacity change from 0 to 1656
03-05 11:00:31.825     0     0 I loop3   : detected capacity change from 0 to 10728
03-05 11:00:31.826     0     0 I EXT4-fs (loop2): mounted filesystem without journal. Opts: (null). Quota mode: none.
03-05 11:00:31.827     0     0 I EXT4-fs (loop3): mounted filesystem without journal. Opts: (null). Quota mode: none.
03-05 11:00:31.827     0     0 I apexd   : Successfully mounted package /system/apex/com.google.android.tzdata4.apex on /apex/com.android.tzdata@331314030 duration=3
03-05 11:00:31.828     0     0 I apexd   : Successfully mounted package /system/apex/com.android.runtime.apex on /apex/com.android.runtime@1 duration=4
03-05 11:00:31.832     0     0 I apexd   : Activated 4 packages.
03-05 11:00:31.835     0     0 I apexd   : OnBootstrap done, duration=126
03-05 11:00:31.836     0     0 I init    : Service 'apexd-bootstrap' (pid 120) exited with status 0 waiting took 0.178000 seconds
03-05 11:00:31.838     0     0 I init    : Sending signal 9 to service 'apexd-bootstrap' (pid 120) process group...
03-05 11:00:31.839     0     0 I libprocessgroup: Successfully killed process cgroup uid 0 pid 120 in 0ms
03-05 11:00:31.859     0     0 I init    : linkerconfig generated /linkerconfig with mounted APEX modules info
03-05 11:00:31.861     0     0 I init    : processing action (early-init) from (/init.environ.rc:2)
03-05 11:00:31.862     0     0 I init    : processing action (early-init) from (/vendor/etc/init/hw/init.ranchu.rc:11)
03-05 11:00:31.864     0     0 I init    : Command 'setprop ro.config.low_ram ${ro.boot.config.low_ram}' action=early-init (/vendor/etc/init/hw/init.ranchu.rc:16) took 0ms and failed: property 'ro.boot.config.low_ram' doesn't exist while expanding '${ro.boot.config.low_ram}'
03-05 11:00:31.868     0     0 I init    : starting service 'vendor.dlkm_loader'...
03-05 11:00:31.870     0     0 I init    : processing action (ro.product.debugfs_restrictions.enabled=true && early-init) from (/system/etc/init/init-debug.rc:10)
03-05 11:00:31.872     0     0 I init    : processing action (early-init) from (/system/etc/init/prng_seeder.rc:5)
03-05 11:00:31.874     0     0 I init    : starting service 'prng_seeder'...
03-05 11:00:31.875     0     0 I init    : Created socket '/dev/socket/prng_seeder', mode 666, user 1092, group 1092
03-05 11:00:31.879     0     0 I init    : processing action (ro.product.cpu.abilist64=* && early-init) from (/vendor/etc/init/boringssl_self_test.rc:4)
03-05 11:00:31.881     0     0 I init    : starting service 'boringssl_self_test64_vendor'...
03-05 11:00:31.884     0     0 I init    : SVC_EXEC service 'boringssl_self_test64_vendor' pid 163 (uid 0 gid 0+0 context default) started; waiting...
03-05 11:00:31.912     0     0 I usbcore : registered new interface driver btusb
03-05 11:00:31.936     0     0 I cfg80211: Loading compiled-in X.509 certificates for regulatory database
03-05 11:00:31.936     0     0 I init    : Service 'boringssl_self_test64_vendor' (pid 163) exited with status 0 waiting took 0.052000 seconds
03-05 11:00:31.937     0     0 I cfg80211: Loaded X.509 cert 'sforshee: 00b28ddf47aef9cea7'
03-05 11:00:31.939     0     0 I init    : Sending signal 9 to service 'boringssl_self_test64_vendor' (pid 163) process group...
03-05 11:00:31.940     0     0 W platform regulatory.0: Direct firmware load for regulatory.db failed with error -2
03-05 11:00:31.941     0     0 I libprocessgroup: Successfully killed process cgroup uid 0 pid 163 in 0ms
03-05 11:00:31.942     0     0 I cfg80211: failed to load regulatory.db
03-05 11:00:31.944     0     0 I init    : processing action (wait_for_coldboot_done) from (<Builtin Action>:0)
03-05 11:00:31.945     0     0 I init    : start_waiting_for_property("ro.cold_boot_done", "true"): already set
03-05 11:00:31.947     0     0 I init    : processing action (SetMmapRndBits) from (<Builtin Action>:0)
03-05 11:00:31.948     0     0 I init    : processing action (KeychordInit) from (<Builtin Action>:0)
03-05 11:00:31.949     0     0 W init    : EVIOCSMASK not supported: Invalid argument
03-05 11:00:31.950     0     0 I init    : processing action (init) from (/system/etc/init/hw/init.rc:89)
03-05 11:00:31.951     0     0 I dummy_hcd.0: USB Host+Gadget Emulator, driver 02 May 2005
03-05 11:00:31.951     0     0 I init    : Command 'copy /system/etc/prop.default /dev/urandom' action=init (/system/etc/init/hw/init.rc:94) took 0ms and failed: Could not read input file '/system/etc/prop.default': open() failed: No such file or directory
03-05 11:00:31.952     0     0 I dummy_hcd.0: Dummy host controller
03-05 11:00:31.956     0     0 I dummy_hcd.0: new USB bus registered, assigned bus number 1
03-05 11:00:31.957     0     0 I usb1    : New USB device found, idVendor=1d6b, idProduct=0002, bcdDevice= 5.15
03-05 11:00:31.958     0     0 I init    : Command 'write /dev/blkio/blkio.weight 1000' action=init (/system/etc/init/hw/init.rc:230) took 0ms and failed: Unable to write to file '/dev/blkio/blkio.weight': open() failed: Permission denied
03-05 11:00:31.958     0     0 I usb1    : New USB device strings: Mfr=3, Product=2, SerialNumber=1
03-05 11:00:31.961     0     0 I init    : Command 'write /dev/blkio/background/blkio.weight 200' action=init (/system/etc/init/hw/init.rc:231) took 0ms and failed: Unable to write to file '/dev/blkio/background/blkio.weight': open() failed: Permission denied
03-05 11:00:31.962     0     0 I usb1    : Product: Dummy host controller
03-05 11:00:31.962     0     0 I usb1    : Manufacturer: Linux 5.15.119-android13-8-00034-gd34029c8258b-ab10871489 dummy_hcd
03-05 11:00:31.962     0     0 I usb1    : SerialNumber: dummy_hcd.0
03-05 11:00:31.962     0     0 I hub 1-0 : 1.0: USB hub found
03-05 11:00:31.965     0     0 I init    : Command 'write /dev/blkio/blkio.group_idle 0' action=init (/system/etc/init/hw/init.rc:233) took 0ms and failed: Unable to write to file '/dev/blkio/blkio.group_idle': open() failed: Permission denied
03-05 11:00:31.966     0     0 I hub 1-0 : 1.0: 1 port detected
03-05 11:00:31.967     0     0 I init    : Command 'write /dev/blkio/background/blkio.group_idle 0' action=init (/system/etc/init/hw/init.rc:234) took 0ms and failed: Unable to write to file '/dev/blkio/background/blkio.group_idle': open() failed: Permission denied
03-05 11:00:31.975     0     0 I e1000   : Intel(R) PRO/1000 Network Driver
03-05 11:00:31.976     0     0 I e1000   : Copyright (c) 1999-2006 Intel Corporation.
03-05 11:00:31.977     0     0 W goldfish_address_space: loading out-of-tree module taints kernel.
03-05 11:00:31.980     0     0 I init    : Command 'write /dev/cpu_variant:${ro.bionic.arch} ${ro.bionic.cpu_variant}' action=init (/system/etc/init/hw/init.rc:449) took 0ms and failed: property 'ro.bionic.cpu_variant' doesn't exist while expanding '${ro.bionic.cpu_variant}'
03-05 11:00:31.983     0     0 I init    : Command 'write /dev/cpu_variant:${ro.bionic.2nd_arch} ${ro.bionic.2nd_cpu_variant}' action=init (/system/etc/init/hw/init.rc:451) took 0ms and failed: property 'ro.bionic.2nd_arch' doesn't exist while expanding '/dev/cpu_variant:${ro.bionic.2nd_arch}'
03-05 11:00:31.987     0     0 I init    : Command 'chmod 0444 /dev/cpu_variant:${ro.bionic.2nd_arch}' action=init (/system/etc/init/hw/init.rc:452) took 0ms and failed: property 'ro.bionic.2nd_arch' doesn't exist while expanding '/dev/cpu_variant:${ro.bionic.2nd_arch}'
03-05 11:00:31.990     0     0 I init    : starting service 'logd'...
03-05 11:00:31.991     0     0 I init    : Created socket '/dev/socket/logd', mode 666, user 1036, group 1036
03-05 11:00:31.992     0     0 I init    : Created socket '/dev/socket/logdr', mode 666, user 1036, group 1036
03-05 11:00:31.993     0     0 I init    : Created socket '/dev/socket/logdw', mode 222, user 1036, group 1036
03-05 11:00:31.995     0     0 I usbcore : registered new interface driver gs_usb
03-05 11:00:31.996     0     0 I init    : starting service 'lmkd'...
03-05 11:00:31.997     0     0 I init    : Created socket '/dev/socket/lmkd', mode 660, user 1000, group 1000
03-05 11:00:32.000     0     0 I init    : starting service 'servicemanager'...
03-05 11:00:32.004     0     0 I init    : starting service 'hwservicemanager'...
03-05 11:00:32.005     0     0 I init    : Command 'start vndservicemanager' action=init (/system/etc/init/hw/init.rc:477) took 0ms and failed: service vndservicemanager not found
03-05 11:00:32.008     0     0 I init    : processing action (ro.product.cpu.abilist64=* && init) from (/system/etc/init/hw/init.rc:482)
03-05 11:00:32.010     0     0 I init    : starting service 'boringssl_self_test64'...
03-05 11:00:32.012     0     0 I init    : SVC_EXEC service 'boringssl_self_test64' pid 181 (uid 0 gid 0+0 context default) started; waiting...
03-05 11:00:32.019     0     0 I logd.auditd: start
03-05 11:00:31.935   161   161 I dlkm_loader: Loaded kernel module /vendor/lib/modules/mt76.ko
03-05 11:00:31.935   161   161 I dlkm_loader: Loading module /vendor/lib/modules/mt76-usb.ko with args ''
03-05 11:00:31.936   161   161 I dlkm_loader: Loaded kernel module /vendor/lib/modules/mt76-usb.ko
03-05 11:00:31.936   161   161 I dlkm_loader: Loading module /vendor/lib/modules/mt76x02-lib.ko with args ''
03-05 11:00:32.027     0     0 I mac80211_hwsim: initializing netlink
03-05 11:00:32.027     0     0 I logd    : Loaded bug_map file: /system_ext/etc/selinux/bug_map
03-05 11:00:32.027     0     0 I init    : Service 'boringssl_self_test64' (pid 181) exited with status 0 waiting took 0.015000 seconds
03-05 11:00:32.027     0     0 I init    : Sending signal 9 to service 'boringssl_self_test64' (pid 181) process group...
03-05 11:00:32.027     0     0 I libprocessgroup: Successfully killed process cgroup uid 0 pid 181 in 0ms
03-05 11:00:32.031     0     0 I init    : processing action (ro.debuggable=1 && init) from (/system/etc/init/hw/init.rc:1283)
03-05 11:00:32.031     0     0 I logd    : Loaded bug_map file: /vendor/etc/selinux/selinux_denial_metadata
03-05 11:00:32.035     0     0 I init    : starting service 'console'...
03-05 11:00:32.036     0     0 I logd    : Loaded bug_map file: /system/etc/selinux/bug_map
03-05 11:00:32.037     0     0 I init    : processing action (init) from (/system/etc/init/hw/init.usb.rc:27)
03-05 11:00:32.038     0     0 I init    : processing action (init) from (/vendor/etc/init/hw/init.ranchu.rc:29)
03-05 11:00:32.042     0     0 I init    : starting service 'qemu-props'...
03-05 11:00:31.939   161   161 I dlkm_loader: Loaded kernel module /vendor/lib/modules/mt76x02-lib.ko
03-05 11:00:31.939   161   161 I dlkm_loader: Loading module /vendor/lib/modules/mt76x0-common.ko with args ''
03-05 11:00:31.940   161   161 I dlkm_loader: Loaded kernel module /vendor/lib/modules/mt76x0-common.ko
03-05 11:00:31.940   161   161 I dlkm_loader: Loading module /vendor/lib/modules/mt76x02-usb.ko with args ''
03-05 11:00:31.943   176   176 I hwservicemanager: getDeviceHalManifest: Successfully processed VINTF information
03-05 11:00:31.943   176   176 I hwservicemanager: getFrameworkHalManifest: Successfully processed VINTF information
03-05 11:00:31.943   161   161 I dlkm_loader: Loaded kernel module /vendor/lib/modules/mt76x02-usb.ko
03-05 11:00:31.943   161   161 I dlkm_loader: Loading module /vendor/lib/modules/mt76x0u.ko with args ''
03-05 11:00:31.943   176   176 I hwservicemanager: hwservicemanager is ready now.
03-05 11:00:32.045     0     0 I init    : processing action (init) from (/system/etc/init/audioserver.rc:62)
03-05 11:00:32.046     0     0 I init    : processing action (late-init) from (/system/etc/init/hw/init.rc:517)
03-05 11:00:32.047     0     0 I init    : processing action (late-init) from (/system/etc/init/atrace.rc:3)
03-05 11:00:32.049     0     0 I usbcore : registered new interface driver mt76x0u
03-05 11:00:31.944   161   161 I dlkm_loader: Loaded kernel module /vendor/lib/modules/mt76x0u.ko
03-05 11:00:31.944   161   161 I dlkm_loader: Loading module /vendor/lib/modules/mt76x2-common.ko with args ''
03-05 11:00:31.946   161   161 I dlkm_loader: Loaded kernel module /vendor/lib/modules/mt76x2-common.ko
03-05 11:00:31.946   161   161 I dlkm_loader: Loading module /vendor/lib/modules/mt76x2u.ko with args ''
03-05 11:00:31.947   188   188 I qemu-props: connected to 'boot-properties' qemud service.
03-05 11:00:31.947   188   188 I qemu-props: receiving..
03-05 11:00:31.947   188   188 I qemu-props: received: ro.opengles.version=196608
03-05 11:00:31.947   188   188 I qemu-props: ignoring 'ro.opengles.version' property
03-05 11:00:31.947   188   188 I qemu-props: receiving..
03-05 11:00:31.947   188   188 I qemu-props: received: qemu.sf.fake_camera=front
03-05 11:00:31.947   188   188 I qemu-props: successfully set property 'vendor.qemu.sf.fake_camera' to 'front'
03-05 11:00:31.947   188   188 I qemu-props: receiving..
03-05 11:00:31.947   188   188 I qemu-props: received: dalvik.vm.heapsize=512m
03-05 11:00:31.947   188   188 I qemu-props: ignoring 'dalvik.vm.heapsize' property
03-05 11:00:31.947   188   188 I qemu-props: receiving..
03-05 11:00:31.947   188   188 I qemu-props: received: qemu.hw.mainkeys=0
03-05 11:00:31.948   188   188 I qemu-props: successfully set property 'qemu.hw.mainkeys' to '0'
03-05 11:00:31.948   188   188 I qemu-props: receiving..
03-05 11:00:31.948   188   188 I qemu-props: received: qemu.sf.lcd_density=420
03-05 11:00:31.948   188   188 I qemu-props: successfully set property 'qemu.sf.lcd_density' to '420'
03-05 11:00:31.948   188   188 I qemu-props: receiving..
03-05 11:00:31.948   188   188 I qemu-props: received: net.wifi_mac_prefix=5554
03-05 11:00:32.050     0     0 I init    : processing action (late-init) from (/vendor/etc/init/android.hardware.atrace@1.0-service.rc:1)
03-05 11:00:32.052     0     0 I init    : processing action (queue_property_triggers) from (<Builtin Action>:0)
03-05 11:00:32.053     0     0 I init    : processing action (early-fs) from (/system/etc/init/hw/init.rc:550)
03-05 11:00:31.948   188   188 I qemu-props: successfully set property 'vendor.net.wifi_mac_prefix' to '5554'
03-05 11:00:31.948   188   188 I qemu-props: receiving..
03-05 11:00:31.948   188   188 I qemu-props: received: qemu.timezone=Asia/Bangkok
03-05 11:00:31.948   188   188 I qemu-props: successfully set property 'vendor.qemu.timezone' to 'Asia/Bangkok'
03-05 11:00:31.948   188   188 I qemu-props: receiving..
03-05 11:00:31.948   188   188 I qemu-props: successfully set property 'vendor.qemu.vport.bluetooth' to '/dev/vport8p2'
03-05 11:00:31.948   188   188 W qemu-props: could not open '/sys/class/virtio-ports/vport8p0/name'
03-05 11:00:31.948   188   188 I qemu-props: successfully set property 'vendor.qemu.vport.modem' to '/dev/vport9p1'
03-05 11:00:31.948   188   188 W qemu-props: could not open '/sys/class/virtio-ports/vport8p1/name'
03-05 11:00:32.053     0     0 I usbcore : registered new interface driver mt76x2u
03-05 11:00:31.950   161   161 I dlkm_loader: Loaded kernel module /vendor/lib/modules/mt76x2u.ko
03-05 11:00:31.950   161   161 I dlkm_loader: Loading module /vendor/lib/modules/nd_virtio.ko with args ''
03-05 11:00:31.951   161   161 I dlkm_loader: Loaded kernel module /vendor/lib/modules/nd_virtio.ko
03-05 11:00:31.951   161   161 I dlkm_loader: Loading module /vendor/lib/modules/net_failover.ko with args ''
03-05 11:00:31.951   161   161 I dlkm_loader: Loaded kernel module /vendor/lib/modules/net_failover.ko
03-05 11:00:31.951   161   161 I dlkm_loader: Loading module /vendor/lib/modules/pulse8-cec.ko with args ''
03-05 11:00:31.951   161   161 I dlkm_loader: Loaded kernel module /vendor/lib/modules/pulse8-cec.ko
03-05 11:00:31.951   161   161 I dlkm_loader: Loading module /vendor/lib/modules/rtc-test.ko with args ''
03-05 11:00:32.055     0     0 I init    : starting service 'vold'...
03-05 11:00:32.057     0     0 I init    : processing action (early-fs) from (/vendor/etc/init/hw/init.ranchu.rc:1)
03-05 11:00:32.058     0     0 I rtc-test.0: registered as rtc1
03-05 11:00:32.058     0     0 I init    : service 'vold' requested start, but it is already running (flags: 2052)
03-05 11:00:32.059     0     0 I rtc-test.1: registered as rtc2
03-05 11:00:32.060     0     0 I init    : processing action (fs) from (/vendor/etc/init/hw/init.ranchu.rc:4)
03-05 11:00:32.061     0     0 I rtc-test.2: registered as rtc3
03-05 11:00:31.957   161   161 I dlkm_loader: Loaded kernel module /vendor/lib/modules/rtc-test.ko
03-05 11:00:31.957   161   161 I dlkm_loader: Loading module /vendor/lib/modules/slcan.ko with args ''
03-05 11:00:32.063     0     0 I slcan   : serial line CAN interface driver
03-05 11:00:32.064     0     0 I slcan   : 10 dynamic interface channels.
03-05 11:00:32.064     0     0 I init    : processing action (fs) from (/system/etc/init/logd.rc:29)
03-05 11:00:31.960   161   161 I dlkm_loader: Loaded kernel module /vendor/lib/modules/slcan.ko
03-05 11:00:31.961   161   161 I dlkm_loader: Loading module /vendor/lib/modules/sw_sync.ko with args ''
03-05 11:00:32.066     0     0 I init    : processing action (fs) from (/system/etc/init/wifi.rc:25)
03-05 11:00:32.067     0     0 I init    : processing action (post-fs) from (/system/etc/init/hw/init.rc:554)
03-05 11:00:32.069     0     0 I init    : starting service 'exec 2 (/system/bin/vdc checkpoint markBootAttempt)'...
03-05 11:00:31.964   161   161 I dlkm_loader: Loaded kernel module /vendor/lib/modules/sw_sync.ko
03-05 11:00:31.965   161   161 I dlkm_loader: Loading module /vendor/lib/modules/system_heap.ko with args ''
03-05 11:00:31.965   161   161 I dlkm_loader: Loaded kernel module /vendor/lib/modules/system_heap.ko
03-05 11:00:31.965   161   161 I dlkm_loader: Loading module /vendor/lib/modules/test_meminit.ko with args ''
03-05 11:00:32.072     0     0 I init    : SVC_EXEC service 'exec 2 (/system/bin/vdc checkpoint markBootAttempt)' pid 190 (uid 1000 gid 1000+0 context default) started; waiting...
03-05 11:00:32.079     0     0 I test_meminit: all 10 tests in test_pages passed
03-05 11:00:32.082     0     0 I test_meminit: all 40 tests in test_kvmalloc passed
--------- beginning of system
03-05 11:00:31.987   189   189 I vold    : Vold 3.0 (the awakening) firing up
03-05 11:00:31.987   189   189 D vold    : Detected support for: ext4 f2fs vfat
03-05 11:00:31.989   189   189 D vold    : VoldNativeService::start() completed OK
03-05 11:00:31.992   189   195 I vold    : Found disk at /devices/pci0000:00/0000:00:08.0/virtio6/block/vdf but delaying scan due to secure keyguard
03-05 11:00:32.101     0     0 I init    : Service 'exec 2 (/system/bin/vdc checkpoint markBootAttempt)' (pid 190) exited with status 0 waiting took 0.030000 seconds
03-05 11:00:32.103     0     0 I init    : Sending signal 9 to service 'exec 2 (/system/bin/vdc checkpoint markBootAttempt)' (pid 190) process group...
03-05 11:00:32.105     0     0 I libprocessgroup: Successfully killed process cgroup uid 1000 pid 190 in 0ms
03-05 11:00:32.108     0     0 I init    : Command 'chown system cache /cache' action=post-fs (/system/etc/init/hw/init.rc:570) took 0ms and failed: lchown() failed: Read-only file system
03-05 11:00:32.110     0     0 I init    : Command 'chmod 0770 /cache' action=post-fs (/system/etc/init/hw/init.rc:571) took 0ms and failed: fchmodat() failed: Read-only file system
03-05 11:00:32.112     0     0 E selinux : SELinux:  setxattr failed: /cache:  Read-only file system
03-05 11:00:32.113     0     0 E selinux :  
03-05 11:00:32.114     0     0 I init    : Command 'mkdir /cache/recovery 0770 system cache' action=post-fs (/system/etc/init/hw/init.rc:577) took 0ms and failed: mkdir() failed on /cache/recovery: Read-only file system
03-05 11:00:32.116     0     0 I init    : Command 'mkdir /cache/backup_stage 0700 system system' action=post-fs (/system/etc/init/hw/init.rc:580) took 0ms and failed: mkdir() failed on /cache/backup_stage: Read-only file system
03-05 11:00:32.119     0     0 I init    : Command 'mkdir /cache/backup 0700 system system' action=post-fs (/system/etc/init/hw/init.rc:581) took 0ms and failed: mkdir() failed on /cache/backup: Read-only file system
03-05 11:00:32.121     0     0 I init    : Command 'mkdir /cache/lost+found 0770 root root' action=post-fs (/system/etc/init/hw/init.rc:605) took 0ms and failed: mkdir() failed on /cache/lost+found: Read-only file system
03-05 11:00:32.125     0     0 I selinux : SELinux: Skipping restorecon on directory(/metadata)
03-05 11:00:32.126     0     0 I selinux :  
03-05 11:00:32.127     0     0 I selinux : SELinux: Skipping restorecon on directory(/metadata/apex)
