03-05 11:00:35.186   356   356 W android.hardware.media.c2@1.0-service-goldfish: libminijail[356]: failed to get path of fd 5: No such file or directory
03-05 11:00:35.186   356   356 W android.hardware.media.c2@1.0-service-goldfish: libminijail[356]: allowing syscall: socket
03-05 11:00:35.186   356   356 W android.hardware.media.c2@1.0-service-goldfish: libminijail[356]: allowing syscall: connect
03-05 11:00:35.186   356   356 W android.hardware.media.c2@1.0-service-goldfish: libminijail[356]: allowing syscall: fcntl
03-05 11:00:35.186   356   356 W android.hardware.media.c2@1.0-service-goldfish: libminijail[356]: allowing syscall: writev
03-05 11:00:35.186   356   356 W android.hardware.media.c2@1.0-service-goldfish: libminijail[356]: compile_file: <fd>(20): nonexistent syscall 'getuid32'
03-05 11:00:35.186   356   356 W android.hardware.media.c2@1.0-service-goldfish: libminijail[356]: compile_file: <fd>(26): nonexistent syscall 'mmap2'
03-05 11:00:35.186   356   356 W android.hardware.media.c2@1.0-service-goldfish: libminijail[356]: compile_file: <fd>(28): nonexistent syscall 'fstat64'
03-05 11:00:35.186   356   356 W android.hardware.media.c2@1.0-service-goldfish: libminijail[356]: compile_file: <fd>(30): nonexistent syscall 'stat64'
03-05 11:00:35.186   356   356 W android.hardware.media.c2@1.0-service-goldfish: libminijail[356]: compile_file: <fd>(31): nonexistent syscall 'statfs64'
03-05 11:00:35.186   356   356 W android.hardware.media.c2@1.0-service-goldfish: libminijail[356]: compile_file: <fd>(33): nonexistent syscall 'fstatat64'
03-05 11:00:35.186   356   356 W android.hardware.media.c2@1.0-service-goldfish: libminijail[356]: compile_file: <fd>(38): nonexistent syscall '_llseek'
03-05 11:00:35.186   356   356 W android.hardware.media.c2@1.0-service-goldfish: libminijail[356]: compile_file: <fd>(47): nonexistent syscall 'ugetrlimit'
03-05 11:00:35.186   356   356 W android.hardware.media.c2@1.0-service-goldfish: libminijail[356]: compile_file: <fd>(50): nonexistent syscall '_llseek'
03-05 11:00:35.186   356   356 W android.hardware.media.c2@1.0-service-goldfish: libminijail[356]: compile_file: <fd>(51): nonexistent syscall 'fstatfs64'
03-05 11:00:35.186   356   356 W android.hardware.media.c2@1.0-service-goldfish: libminijail[356]: compile_file: <fd>(63): nonexistent syscall 'ftruncate64'
03-05 11:00:35.186   356   356 W android.hardware.media.c2@1.0-service-goldfish: libminijail[356]: compile_file: <fd>(69): syscall gettid redefined here
03-05 11:00:35.186   356   356 W android.hardware.media.c2@1.0-service-goldfish: libminijail[356]: compile_file: <fd>(66): previous definition here
03-05 11:00:35.191   356   356 W android.hardware.media.c2@1.0-service-goldfish: libminijail[356]: compile_file: /system/etc/seccomp_policy/crash_dump.x86.policy(1): syscall read redefined here
03-05 11:00:35.191   356   356 W android.hardware.media.c2@1.0-service-goldfish: libminijail[356]: compile_file: <fd>(15): previous definition here
03-05 11:00:35.191   356   356 W android.hardware.media.c2@1.0-service-goldfish: libminijail[356]: compile_file: /system/etc/seccomp_policy/crash_dump.x86.policy(2): syscall write redefined here
03-05 11:00:35.191   356   356 W android.hardware.media.c2@1.0-service-goldfish: libminijail[356]: compile_file: <fd>(57): previous definition here
03-05 11:00:35.191   356   356 W android.hardware.media.c2@1.0-service-goldfish: libminijail[356]: compile_file: /system/etc/seccomp_policy/crash_dump.x86.policy(3): syscall exit redefined here
03-05 11:00:35.191   356   356 W android.hardware.media.c2@1.0-service-goldfish: libminijail[356]: compile_file: <fd>(44): previous definition here
03-05 11:00:35.191   356   356 W android.hardware.media.c2@1.0-service-goldfish: libminijail[356]: compile_file: /system/etc/seccomp_policy/crash_dump.x86.policy(4): syscall rt_sigreturn redefined here
03-05 11:00:35.191   356   356 W android.hardware.media.c2@1.0-service-goldfish: libminijail[356]: compile_file: <fd>(46): previous definition here
03-05 11:00:35.191   356   356 W android.hardware.media.c2@1.0-service-goldfish: libminijail[356]: compile_file: /system/etc/seccomp_policy/crash_dump.x86.policy(5): nonexistent syscall 'sigreturn'
03-05 11:00:35.191   356   356 W android.hardware.media.c2@1.0-service-goldfish: libminijail[356]: compile_file: /system/etc/seccomp_policy/crash_dump.x86.policy(6): syscall exit_group redefined here
03-05 11:00:35.191   356   356 W android.hardware.media.c2@1.0-service-goldfish: libminijail[356]: compile_file: <fd>(45): previous definition here
03-05 11:00:35.191   356   356 W android.hardware.media.c2@1.0-service-goldfish: libminijail[356]: compile_file: /system/etc/seccomp_policy/crash_dump.x86.policy(9): syscall futex redefined here
03-05 11:00:35.191   356   356 W android.hardware.media.c2@1.0-service-goldfish: libminijail[356]: compile_file: <fd>(35): previous definition here
03-05 11:00:35.191   356   356 W android.hardware.media.c2@1.0-service-goldfish: libminijail[356]: compile_file: /system/etc/seccomp_policy/crash_dump.x86.policy(11): syscall getpid redefined here
03-05 11:00:35.191   356   356 W android.hardware.media.c2@1.0-service-goldfish: libminijail[356]: compile_file: <fd>(68): previous definition here
03-05 11:00:35.191   356   356 W android.hardware.media.c2@1.0-service-goldfish: libminijail[356]: compile_file: /system/etc/seccomp_policy/crash_dump.x86.policy(12): syscall gettid redefined here
03-05 11:00:35.191   356   356 W android.hardware.media.c2@1.0-service-goldfish: libminijail[356]: compile_file: <fd>(66): previous definition here
03-05 11:00:35.191   356   356 W android.hardware.media.c2@1.0-service-goldfish: libminijail[356]: compile_file: /system/etc/seccomp_policy/crash_dump.x86.policy(15): syscall openat redefined here
03-05 11:00:35.191   356   356 W android.hardware.media.c2@1.0-service-goldfish: libminijail[356]: compile_file: <fd>(18): previous definition here
03-05 11:00:35.191   356   356 W android.hardware.media.c2@1.0-service-goldfish: libminijail[356]: compile_file: /system/etc/seccomp_policy/crash_dump.x86.policy(16): syscall dup redefined here
03-05 11:00:35.191   356   356 W android.hardware.media.c2@1.0-service-goldfish: libminijail[356]: compile_file: <fd>(55): previous definition here
03-05 11:00:35.191   356   356 W android.hardware.media.c2@1.0-service-goldfish: libminijail[356]: compile_file: /system/etc/seccomp_policy/crash_dump.x86.policy(17): syscall close redefined here
03-05 11:00:35.191   356   356 W android.hardware.media.c2@1.0-service-goldfish: libminijail[356]: compile_file: <fd>(25): previous definition here
03-05 11:00:35.191   356   356 W android.hardware.media.c2@1.0-service-goldfish: libminijail[356]: compile_file: /system/etc/seccomp_policy/crash_dump.x86.policy(18): syscall lseek redefined here
03-05 11:00:35.191   356   356 W android.hardware.media.c2@1.0-service-goldfish: libminijail[356]: compile_file: <fd>(39): previous definition here
03-05 11:00:35.191   356   356 W android.hardware.media.c2@1.0-service-goldfish: libminijail[356]: compile_file: /system/etc/seccomp_policy/crash_dump.x86.policy(20): syscall faccessat redefined here
03-05 11:00:35.191   356   356 W android.hardware.media.c2@1.0-service-goldfish: libminijail[356]: compile_file: <fd>(37): previous definition here
03-05 11:00:35.191   356   356 W android.hardware.media.c2@1.0-service-goldfish: libminijail[356]: compile_file: /system/etc/seccomp_policy/crash_dump.x86.policy(29): syscall prctl redefined here
03-05 11:00:35.191   356   356 W android.hardware.media.c2@1.0-service-goldfish: libminijail[356]: compile_file: <fd>(17): previous definition here
03-05 11:00:35.191   356   356 W android.hardware.media.c2@1.0-service-goldfish: libminijail[356]: compile_file: /system/etc/seccomp_policy/crash_dump.x86.policy(30): syscall madvise redefined here
03-05 11:00:35.191   356   356 W android.hardware.media.c2@1.0-service-goldfish: libminijail[356]: compile_file: <fd>(32): previous definition here
03-05 11:00:35.191   356   356 W android.hardware.media.c2@1.0-service-goldfish: libminijail[356]: compile_file: /system/etc/seccomp_policy/crash_dump.x86.policy(31): syscall mprotect redefined here
03-05 11:00:35.191   356   356 W android.hardware.media.c2@1.0-service-goldfish: libminijail[356]: compile_file: <fd>(16): previous definition here
03-05 11:00:35.191   356   356 W android.hardware.media.c2@1.0-service-goldfish: libminijail[356]: compile_file: /system/etc/seccomp_policy/crash_dump.x86.policy(32): syscall munmap redefined here
03-05 11:00:35.191   356   356 W android.hardware.media.c2@1.0-service-goldfish: libminijail[356]: compile_file: <fd>(36): previous definition here
03-05 11:00:35.191   356   356 W android.hardware.media.c2@1.0-service-goldfish: libminijail[356]: compile_file: /system/etc/seccomp_policy/crash_dump.x86.policy(33): nonexistent syscall 'getuid32'
03-05 11:00:35.191   356   356 W android.hardware.media.c2@1.0-service-goldfish: libminijail[356]: compile_file: /system/etc/seccomp_policy/crash_dump.x86.policy(34): nonexistent syscall 'fstat64'
03-05 11:00:35.191   356   356 W android.hardware.media.c2@1.0-service-goldfish: libminijail[356]: compile_file: /system/etc/seccomp_policy/crash_dump.x86.policy(35): nonexistent syscall 'mmap2'
03-05 11:00:35.191   356   356 W android.hardware.media.c2@1.0-service-goldfish: libminijail[356]: compile_file: /system/etc/seccomp_policy/crash_dump.x86.policy(36): nonexistent syscall 'geteuid32'
03-05 11:00:35.191   356   356 W android.hardware.media.c2@1.0-service-goldfish: libminijail[356]: compile_file: /system/etc/seccomp_policy/crash_dump.x86.policy(37): nonexistent syscall 'getgid32'
03-05 11:00:35.191   356   356 W android.hardware.media.c2@1.0-service-goldfish: libminijail[356]: compile_file: /system/etc/seccomp_policy/crash_dump.x86.policy(38): nonexistent syscall 'getegid32'
03-05 11:00:35.191   356   356 W android.hardware.media.c2@1.0-service-goldfish: libminijail[356]: compile_file: /system/etc/seccomp_policy/crash_dump.x86.policy(39): nonexistent syscall 'getgroups32'
03-05 11:00:35.191   356   356 W android.hardware.media.c2@1.0-service-goldfish: libminijail[356]: logging seccomp filter failures
03-05 11:00:35.192   356   356 D android.hardware.media.c2@1.0-service-goldfish: Instantiating Codec2's Goldfish IComponentStore service...
03-05 11:00:35.192   356   356 I GoldfishComponentStore: Create()
03-05 11:00:35.192   356   356 W GoldfishComponentStore: created goldfish store 0x731707b8ac70 reflector of param 0x7316e7b95b18
03-05 11:00:35.192   356   356 D GoldfishComponentStore: useAndroidGoldfishComponentInstance 253 found prop ro.boot.qemu.hwcodec.vpxdec val 2
03-05 11:00:35.192   356   356 D GoldfishComponentStore: useAndroidGoldfishComponentInstance 253 found prop ro.boot.qemu.hwcodec.avcdec val 2
03-05 11:00:35.192   356   356 D GoldfishComponentStore: useAndroidGoldfishComponentInstance 253 found prop ro.boot.qemu.hwcodec.hevcdec val 2
03-05 11:00:35.194   336   336 I HidlServiceManagement: Registered android.hardware.soundtrigger@2.2::ISoundTriggerHw/default
03-05 11:00:35.194   336   336 I LegacySupport: Registration complete for android.hardware.soundtrigger@2.2::ISoundTriggerHw/default.
03-05 11:00:35.194   176   176 I hwservicemanager: getTransport: Cannot find entry android.hardware.bluetooth.audio@2.2::IBluetoothAudioProvidersFactory/default in either framework or device VINTF manifest.
03-05 11:00:35.194   336   336 E LegacySupport: Could not get passthrough implementation for android.hardware.bluetooth.audio@2.2::IBluetoothAudioProvidersFactory/default.
03-05 11:00:35.195   356   356 I HidlServiceManagement: Registered android.hardware.media.c2@1.0::IComponentStore/default
03-05 11:00:35.195   356   356 I HidlServiceManagement: Removing namespace from process name android.hardware.media.c2@1.0-service-goldfish to c2@1.0-service-goldfish.
03-05 11:00:35.195   356   356 I android.hardware.media.c2@1.0-service-goldfish: Codec2's IComponentStore service created.
03-05 11:00:35.201   175   175 I servicemanager: Found android.hardware.identity.IIdentityCredentialStore/default in device VINTF manifest.
03-05 11:00:35.201   353   353 D HostConnection: HostComposition ext ANDROID_EMU_CHECKSUM_HELPER_v1 ANDROID_EMU_native_sync_v2 ANDROID_EMU_dma_v1 ANDROID_EMU_direct_mem ANDROID_EMU_host_composition_v1 ANDROID_EMU_host_composition_v2 ANDROID_EMU_vulkan ANDROID_EMU_deferred_vulkan_commands ANDROID_EMU_vulkan_null_optional_strings ANDROID_EMU_vulkan_create_resources_with_requirements ANDROID_EMU_YUV_Cache ANDROID_EMU_vulkan_ignored_handles ANDROID_EMU_has_shared_slots_host_memory_allocator ANDROID_EMU_vulkan_free_memory_sync ANDROID_EMU_vulkan_shader_float16_int8 ANDROID_EMU_vulkan_async_queue_submit ANDROID_EMU_vulkan_queue_submit_with_commands ANDROID_EMU_sync_buffer_data ANDROID_EMU_vulkan_async_qsri ANDROID_EMU_read_color_buffer_dma ANDROID_EMU_hwc_multi_configs ANDROID_EMU_hwc_color_transform GL_OES_EGL_image_external_essl3 GL_OES_vertex_array_object GL_KHR_texture_compression_astc_ldr ANDROID_EMU_host_side_tracing ANDROID_EMU_gles_max_version_3_0 
03-05 11:00:35.201   353   353 D RanchuHwc: init initializing display:0 with config: w:1080 h:2400 dpi-x:420 dpi-y:420 vsync:60.000002 config-group:0
03-05 11:00:35.202   176   176 I hwservicemanager: getTransport: Cannot find entry android.hardware.graphics.mapper@4.0::IMapper/default in either framework or device VINTF manifest.
03-05 11:00:35.202   353   353 I Gralloc4: mapper 4.x is not supported
03-05 11:00:35.218   358   358 I HidlServiceManagement: Registered android.hardware.neuralnetworks@1.3::IDevice/nnapi-sample_float_fast
03-05 11:00:35.219   358   358 I HidlServiceManagement: Removing namespace from process name android.hardware.neuralnetworks@1.3-service-sample-limited to neuralnetworks@1.3-service-sample-limited.
03-05 11:00:35.223   340   340 I EmulatedCameraProviderHwlImpl: Create: Created EmulatedCameraProviderHwlImpl
03-05 11:00:35.223   176   176 I hwservicemanager: getTransport: Cannot find entry android.hardware.graphics.allocator@4.0::IAllocator/default in either framework or device VINTF manifest.
03-05 11:00:35.224   175   175 I servicemanager: Found android.hardware.drm.IDrmFactory/widevine in device VINTF manifest.
03-05 11:00:35.224   175   175 I servicemanager: Could not find android.hardware.graphics.allocator.IAllocator/default in the VINTF manifest.
03-05 11:00:35.224   353   353 W Gralloc4: allocator 4.x is not supported
03-05 11:00:35.224   358   358 I HidlServiceManagement: Registered android.hardware.neuralnetworks@1.3::IDevice/nnapi-sample_float_slow
03-05 11:00:35.224   358   358 I HidlServiceManagement: Removing namespace from process name android.hardware.neuralnetworks@1.3-service-sample-limited to neuralnetworks@1.3-service-sample-limited.
03-05 11:00:35.324     0     0 I init    : Command 'setprop debug.stagefright.ccodec ${ro.boot.debug.stagefright.ccodec}' action=boot (/vendor/etc/init/hw/init.ranchu.rc:93) took 0ms and failed: property 'ro.boot.debug.stagefright.ccodec' doesn't exist while expanding '${ro.boot.debug.stagefright.ccodec}'
03-05 11:00:35.328     0     0 I init    : Service 'ranchu-setup' (pid 376) exited with status 1 oneshot service took 0.160000 seconds in background
03-05 11:00:35.225   366   366 I android.hardware.wifi@1.0-service: Wifi Hal is booting up...
03-05 11:00:35.335     0     0 I init    : Sending signal 9 to service 'ranchu-setup' (pid 376) process group...
03-05 11:00:35.337     0     0 I libprocessgroup: Successfully killed process cgroup uid 0 pid 376 in 0ms
03-05 11:00:35.339     0     0 I init    : Command 'setprop dalvik.vm.checkjni ${ro.boot.dalvik.vm.checkjni}' action=boot (/vendor/etc/init/hw/init.ranchu.rc:97) took 0ms and failed: property 'ro.boot.dalvik.vm.checkjni' doesn't exist while expanding '${ro.boot.dalvik.vm.checkjni}'
03-05 11:00:35.235   352   352 D HostConnection: HostComposition ext ANDROID_EMU_CHECKSUM_HELPER_v1 ANDROID_EMU_native_sync_v2 ANDROID_EMU_dma_v1 ANDROID_EMU_direct_mem ANDROID_EMU_host_composition_v1 ANDROID_EMU_host_composition_v2 ANDROID_EMU_vulkan ANDROID_EMU_deferred_vulkan_commands ANDROID_EMU_vulkan_null_optional_strings ANDROID_EMU_vulkan_create_resources_with_requirements ANDROID_EMU_YUV_Cache ANDROID_EMU_vulkan_ignored_handles ANDROID_EMU_has_shared_slots_host_memory_allocator ANDROID_EMU_vulkan_free_memory_sync ANDROID_EMU_vulkan_shader_float16_int8 ANDROID_EMU_vulkan_async_queue_submit ANDROID_EMU_vulkan_queue_submit_with_commands ANDROID_EMU_sync_buffer_data ANDROID_EMU_vulkan_async_qsri ANDROID_EMU_read_color_buffer_dma ANDROID_EMU_hwc_multi_configs ANDROID_EMU_hwc_color_transform GL_OES_EGL_image_external_essl3 GL_OES_vertex_array_object GL_KHR_texture_compression_astc_ldr ANDROID_EMU_host_side_tracing ANDROID_EMU_gles_max_version_3_0 
03-05 11:00:35.236   340   340 E GCH_CameraProvider: Initialize: HWL doesn't support vendor buffer allocation Function not implemented(-38)
03-05 11:00:35.237   366   366 I HidlServiceManagement: Registered android.hardware.wifi@1.6::IWifi/default
03-05 11:00:35.237   366   366 I HidlServiceManagement: Removing namespace from process name android.hardware.wifi@1.0-service to wifi@1.0-service.
03-05 11:00:35.240   336   336 I BTAudioProviderA2dpSoftware: A2dpSoftwareAudioProvider - size of audio buffer 7680 byte(s)
03-05 11:00:35.240   336   336 I BTAudioProviderHearingAid: HearingAidAudioProvider - size of audio buffer 3584 byte(s)
03-05 11:00:35.242   336   336 I HidlServiceManagement: Registered android.hardware.bluetooth.audio@2.1::IBluetoothAudioProvidersFactory/default
03-05 11:00:35.242   336   336 I LegacySupport: Registration complete for android.hardware.bluetooth.audio@2.1::IBluetoothAudioProvidersFactory/default.
03-05 11:00:35.242   176   176 I hwservicemanager: getTransport: Cannot find entry android.hardware.bluetooth.a2dp@1.0::IBluetoothAudioOffload/default in either framework or device VINTF manifest.
03-05 11:00:35.242   336   336 E LegacySupport: Could not get passthrough implementation for android.hardware.bluetooth.a2dp@1.0::IBluetoothAudioOffload/default.
03-05 11:00:35.242   336   336 W audiohalservice: Could not register Bluetooth Audio Offload API
03-05 11:00:35.242   336   336 E audiohalservice: Failed to dlopen android.hardware.bluetooth.audio-impl.so: dlopen failed: library "android.hardware.bluetooth.audio-impl.so" not found
03-05 11:00:35.242   336   336 W audiohalservice: createIBluetoothAudioProviderFactory() from android.hardware.bluetooth.audio-impl failed
03-05 11:00:35.244   353   353 D HostConnection: HostComposition ext ANDROID_EMU_CHECKSUM_HELPER_v1 ANDROID_EMU_native_sync_v2 ANDROID_EMU_dma_v1 ANDROID_EMU_direct_mem ANDROID_EMU_host_composition_v1 ANDROID_EMU_host_composition_v2 ANDROID_EMU_vulkan ANDROID_EMU_deferred_vulkan_commands ANDROID_EMU_vulkan_null_optional_strings ANDROID_EMU_vulkan_create_resources_with_requirements ANDROID_EMU_YUV_Cache ANDROID_EMU_vulkan_ignored_handles ANDROID_EMU_has_shared_slots_host_memory_allocator ANDROID_EMU_vulkan_free_memory_sync ANDROID_EMU_vulkan_shader_float16_int8 ANDROID_EMU_vulkan_async_queue_submit ANDROID_EMU_vulkan_queue_submit_with_commands ANDROID_EMU_sync_buffer_data ANDROID_EMU_vulkan_async_qsri ANDROID_EMU_read_color_buffer_dma ANDROID_EMU_hwc_multi_configs ANDROID_EMU_hwc_color_transform GL_OES_EGL_image_external_essl3 GL_OES_vertex_array_object GL_KHR_texture_compression_astc_ldr ANDROID_EMU_host_side_tracing ANDROID_EMU_gles_max_version_3_0 
03-05 11:00:35.245   353   353 E RanchuHwc: GetFunction: Unknown function descriptor: 44
03-05 11:00:35.245   353   353 E RanchuHwc: GetFunction: Unknown function descriptor: 45
03-05 11:00:35.245   353   353 E RanchuHwc: GetFunction: Unknown function descriptor: 46
03-05 11:00:35.246   353   353 E RanchuHwc: GetFunction: Unknown function descriptor: 47
03-05 11:00:35.246   353   353 E RanchuHwc: GetFunction: Unknown function descriptor: 48
03-05 11:00:35.246   353   353 E RanchuHwc: GetFunction: Unknown function descriptor: 49
03-05 11:00:35.246   353   353 E RanchuHwc: GetFunction: Unknown function descriptor: 50
03-05 11:00:35.246   353   353 E RanchuHwc: GetFunction: Unknown function descriptor: 51
03-05 11:00:35.246   353   353 E RanchuHwc: GetFunction: Unknown function descriptor: 52
03-05 11:00:35.246   353   353 E RanchuHwc: GetFunction: Unknown function descriptor: 55
03-05 11:00:35.246   353   353 E RanchuHwc: GetFunction: Unknown function descriptor: 56
03-05 11:00:35.246   353   353 E RanchuHwc: GetFunction: Unknown function descriptor: 57
03-05 11:00:35.246   353   353 E RanchuHwc: GetFunction: Unknown function descriptor: 58
03-05 11:00:35.246   353   353 E RanchuHwc: GetFunction: Unknown function descriptor: 59
03-05 11:00:35.246   353   353 E RanchuHwc: GetFunction: Unknown function descriptor: 68
03-05 11:00:35.246   353   353 E RanchuHwc: GetFunction: Unknown function descriptor: 69
03-05 11:00:35.246   353   353 E RanchuHwc: GetFunction: Unknown function descriptor: 70
03-05 11:00:35.246   358   358 I HidlServiceManagement: Registered android.hardware.neuralnetworks@1.3::IDevice/nnapi-sample_minimal
03-05 11:00:35.246   358   358 I HidlServiceManagement: Removing namespace from process name android.hardware.neuralnetworks@1.3-service-sample-limited to neuralnetworks@1.3-service-sample-limited.
03-05 11:00:35.246   353   353 I HidlServiceManagement: Registered android.hardware.graphics.composer@2.4::IComposer/default
03-05 11:00:35.246   353   353 I HidlServiceManagement: Removing namespace from process name android.hardware.graphics.composer@2.4-service to composer@2.4-service.
03-05 11:00:35.246   358   358 I HidlServiceManagement: Registered android.hardware.neuralnetworks@1.3::IDevice/nnapi-sample_quant
03-05 11:00:35.246   358   358 I HidlServiceManagement: Removing namespace from process name android.hardware.neuralnetworks@1.3-service-sample-limited to neuralnetworks@1.3-service-sample-limited.
03-05 11:00:35.248   175   175 I servicemanager: Found android.hardware.camera.provider.ICameraProvider/internal/0 in device VINTF manifest.
03-05 11:00:35.349     0     0 I init    : processing action (boot) from (/system/etc/init/dumpstate.rc:1)
03-05 11:00:35.361     0     0 I init    : processing action (boot) from (/system/etc/init/gsid.rc:25)
03-05 11:00:35.363     0     0 I init    : starting service 'exec 16 (/system/bin/gsid run-startup-tasks)'...
03-05 11:00:35.367     0     0 I init    : processing action (persist.device_config.profcollect_native_boot.enabled= && boot) from (/system/etc/init/profcollectd.rc:19)
03-05 11:00:35.370     0     0 I init    : starting service 'exec 17 (/system/bin/profcollectctl reset)'...
03-05 11:00:35.373     0     0 I init    : processing action (enable_property_trigger) from (<Builtin Action>:0)
03-05 11:00:35.375     0     0 I init    : processing action (apexd.status=ready && ro.product.cpu.abilist64=*) from (/system/etc/init/hw/init.rc:486)
03-05 11:00:35.377     0     0 I init    : starting service 'boringssl_self_test_apex64'...
03-05 11:00:35.380     0     0 I init    : SVC_EXEC service 'boringssl_self_test_apex64' pid 418 (uid 0 gid 0+0 context default) started; waiting...
03-05 11:00:35.289   416   416 I gsid    : no DSU: No such file or directory
03-05 11:00:35.396     0     0 I init    : Service 'exec 16 (/system/bin/gsid run-startup-tasks)' (pid 416) exited with status 0 oneshot service took 0.030000 seconds in background
03-05 11:00:35.400     0     0 I init    : Sending signal 9 to service 'exec 16 (/system/bin/gsid run-startup-tasks)' (pid 416) process group...
03-05 11:00:35.402     0     0 I libprocessgroup: Successfully killed process cgroup uid 0 pid 416 in 0ms
03-05 11:00:35.304   176   176 I hwservicemanager: getTransport: Cannot find entry android.hardware.configstore@1.0::ISurfaceFlingerConfigs/default in either framework or device VINTF manifest.
03-05 11:00:35.309   384   384 E SurfaceFlinger: ro.sf.lcd_density must be defined as a build property
03-05 11:00:35.314   384   384 I SurfaceFlinger: Using HWComposer service: default
03-05 11:00:35.314   384   384 I SurfaceFlinger: SurfaceFlinger is starting
03-05 11:00:35.316   384   384 I SurfaceFlinger: SurfaceFlinger's main thread ready to run. Initializing graphics H/W...
03-05 11:00:35.316   384   384 E SurfaceFlinger: Unrecognized RenderEngineType ; ignoring!
03-05 11:00:35.316   384   384 D RenderEngine: Threaded RenderEngine with SkiaGL Backend
03-05 11:00:35.331   384   422 D libEGL  : loaded /vendor/lib64/egl/libEGL_emulation.so
03-05 11:00:35.333   384   422 D libEGL  : loaded /vendor/lib64/egl/libGLESv1_CM_emulation.so
03-05 11:00:35.335   384   422 D libEGL  : loaded /vendor/lib64/egl/libGLESv2_emulation.so
03-05 11:00:35.352   384   422 D HostConnection: HostComposition ext ANDROID_EMU_CHECKSUM_HELPER_v1 ANDROID_EMU_native_sync_v2 ANDROID_EMU_dma_v1 ANDROID_EMU_direct_mem ANDROID_EMU_host_composition_v1 ANDROID_EMU_host_composition_v2 ANDROID_EMU_vulkan ANDROID_EMU_deferred_vulkan_commands ANDROID_EMU_vulkan_null_optional_strings ANDROID_EMU_vulkan_create_resources_with_requirements ANDROID_EMU_YUV_Cache ANDROID_EMU_vulkan_ignored_handles ANDROID_EMU_has_shared_slots_host_memory_allocator ANDROID_EMU_vulkan_free_memory_sync ANDROID_EMU_vulkan_shader_float16_int8 ANDROID_EMU_vulkan_async_queue_submit ANDROID_EMU_vulkan_queue_submit_with_commands ANDROID_EMU_sync_buffer_data ANDROID_EMU_vulkan_async_qsri ANDROID_EMU_read_color_buffer_dma ANDROID_EMU_hwc_multi_configs ANDROID_EMU_hwc_color_transform GL_OES_EGL_image_external_essl3 GL_OES_vertex_array_object GL_KHR_texture_compression_astc_ldr ANDROID_EMU_host_side_tracing ANDROID_EMU_gles_max_version_3_0 
03-05 11:00:35.357   384   422 I RenderEngine: EGL information:
03-05 11:00:35.357   384   422 I RenderEngine: vendor    : Android
03-05 11:00:35.357   384   422 I RenderEngine: version   : 1.4 Android META-EGL
03-05 11:00:35.357   384   422 I RenderEngine: extensions: EGL_ANDROID_front_buffer_auto_refresh EGL_ANDROID_get_frame_timestamps EGL_ANDROID_get_native_client_buffer EGL_ANDROID_presentation_time EGL_EXT_surface_CTA861_3_metadata EGL_EXT_surface_SMPTE2086_metadata EGL_KHR_get_all_proc_addresses EGL_KHR_swap_buffers_with_damage EGL_ANDROID_image_native_buffer EGL_ANDROID_native_fence_sync EGL_ANDROID_recordable EGL_KHR_create_context EGL_KHR_fence_sync EGL_KHR_gl_texture_2D_image EGL_KHR_image EGL_KHR_image_base 
03-05 11:00:35.357   384   422 I RenderEngine: Client API: OpenGL_ES
03-05 11:00:35.357   384   422 I RenderEngine: EGLSurface: 8-8-8-8, config=0x5
03-05 11:00:35.359   377   377 I FastMixerState: sMaxFastTracks = 8
03-05 11:00:35.360   384   422 D EGL_emulation: eglCreateContext: 0x75eccf09a510: maj 3 min 0 rcv 3
03-05 11:00:35.461     0     0 I init    : Service 'boringssl_self_test_apex64' (pid 418) exited with status 0 waiting took 0.081000 seconds
03-05 11:00:35.463     0     0 I init    : Sending signal 9 to service 'boringssl_self_test_apex64' (pid 418) process group...
03-05 11:00:35.465     0     0 I libprocessgroup: Successfully killed process cgroup uid 0 pid 418 in 0ms
03-05 11:00:35.361   384   422 D EGL_emulation: eglMakeCurrent: 0x75eccf09a510: ver 3 0 (tinfo 0x75eed6c36080) (first time)
03-05 11:00:35.467     0     0 I init    : processing action (bootreceiver.enable=1 && ro.product.cpu.abilist64=*) from (/system/etc/init/hw/init.rc:653)
03-05 11:00:35.368   377   377 V MediaUtils: physMem: 2061213696
03-05 11:00:35.368   377   377 V MediaUtils: requested limit: 412242720
03-05 11:00:35.368   377   377 I libc    : malloc_limit: Allocation limit enabled, max size 412242720 bytes
03-05 11:00:35.369   377   377 I audioserver: ServiceManager: 0x70f9cf86f040
03-05 11:00:35.372   377   377 W BatteryNotifier: batterystats service unavailable!
03-05 11:00:35.381   331   331 D AndroidRuntime: >>>>>> START com.android.internal.os.ZygoteInit uid 0 <<<<<<
03-05 11:00:35.387   331   331 I AndroidRuntime: Using default boot image
03-05 11:00:35.387   331   331 I AndroidRuntime: Leaving lock profiling enabled
03-05 11:00:35.396   384   422 D RenderEngine: Background Blurs Enabled
03-05 11:00:35.401   384   422 I RenderEngine: OpenGL ES informations:
03-05 11:00:35.401   384   422 I RenderEngine: vendor    : Google (Google Inc.)
03-05 11:00:35.401   384   422 I RenderEngine: renderer  : Android Emulator OpenGL ES Translator (Google SwiftShader)
03-05 11:00:35.401   384   422 I RenderEngine: version   : OpenGL ES 3.0 (OpenGL ES 3.0 SwiftShader 4.0.0.1)
03-05 11:00:35.401   384   422 I RenderEngine: extensions: GL_EXT_debug_marker GL_EXT_robustness GL_OES_EGL_sync GL_OES_EGL_image GL_OES_EGL_image_external GL_OES_depth24 GL_OES_depth32 GL_OES_element_index_uint GL_OES_texture_float GL_OES_texture_float_linear GL_OES_compressed_paletted_texture GL_OES_compressed_ETC1_RGB8_texture GL_OES_depth_texture GL_OES_texture_half_float GL_OES_texture_half_float_linear GL_OES_packed_depth_stencil GL_OES_vertex_half_float GL_OES_standard_derivatives GL_OES_texture_npot GL_OES_rgb8_rgba8 GL_EXT_color_buffer_float GL_EXT_color_buffer_half_float GL_EXT_texture_format_BGRA8888 GL_APPLE_texture_format_BGRA8888 ANDROID_EMU_CHECKSUM_HELPER_v1 ANDROID_EMU_native_sync_v2 ANDROID_EMU_dma_v1 ANDROID_EMU_direct_mem ANDROID_EMU_host_composition_v1 ANDROID_EMU_host_composition_v2 ANDROID_EMU_vulkan ANDROID_EMU_deferred_vulkan_commands ANDROID_EMU_vulkan_null_optional_strings ANDROID_EMU_vulkan_create_resources_with_requirements ANDROID_EMU_YUV_Cache ANDROID_EMU_vulkan_ignored_handles ANDROID_EMU_has_shared_slots_host_memory_alloc
03-05 11:00:35.401   384   422 I RenderEngine: GL_MAX_TEXTURE_SIZE = 8192
03-05 11:00:35.401   384   422 I RenderEngine: GL_MAX_VIEWPORT_DIMS = 8192
03-05 11:00:35.402   175   175 I servicemanager: Could not find android.hardware.graphics.composer3.IComposer/default in the VINTF manifest.
03-05 11:00:35.402   176   176 I hwservicemanager: getTransport: Cannot find entry android.hardware.graphics.mapper@4.0::IMapper/default in either framework or device VINTF manifest.
03-05 11:00:35.402   353   353 I ComposerResources: failed to get mapper 4.0 service, falling back to mapper 3.0
03-05 11:00:35.418   353   353 I RanchuHwc: registerCallback hotplug connecting display:0
03-05 11:00:35.418   384   384 I SurfaceFlinger: Connecting HAL display 0
03-05 11:00:35.418   384   384 I HWComposer: Switching to generalized multi-display mode
03-05 11:00:35.422   384   384 W HwcComposer: getPerFrameMetadataKeys failed with 8
03-05 11:00:35.423   176   176 I hwservicemanager: getTransport: Cannot find entry android.hardware.configstore@1.1::ISurfaceFlingerConfigs/default in either framework or device VINTF manifest.
03-05 11:00:35.424   176   176 I hwservicemanager: getTransport: Cannot find entry android.hardware.graphics.mapper@4.0::IMapper/default in either framework or device VINTF manifest.
03-05 11:00:35.424   384   384 I Gralloc4: mapper 4.x is not supported
03-05 11:00:35.434   176   176 I hwservicemanager: getTransport: Cannot find entry android.hardware.audio.effect@7.1::IEffectsFactory/default in either framework or device VINTF manifest.
03-05 11:00:35.434   176   176 I hwservicemanager: getTransport: Cannot find entry android.hardware.graphics.allocator@4.0::IAllocator/default in either framework or device VINTF manifest.
03-05 11:00:35.435   175   175 I servicemanager: Could not find android.hardware.graphics.allocator.IAllocator/default in the VINTF manifest.
03-05 11:00:35.435   384   384 W Gralloc4: allocator 4.x is not supported
03-05 11:00:35.437   331   331 I zygote64: option[0]=-Xzygote
03-05 11:00:35.437   331   331 I zygote64: option[1]=exit
03-05 11:00:35.437   331   331 I zygote64: option[2]=vfprintf
03-05 11:00:35.437   331   331 I zygote64: option[3]=sensitiveThread
03-05 11:00:35.437   331   331 I zygote64: option[4]=-verbose:gc
03-05 11:00:35.437   331   331 I zygote64: option[5]=-XX:PerfettoHprof=true
03-05 11:00:35.437   331   331 I zygote64: option[6]=-XX:PerfettoJavaHeapStackProf=true
03-05 11:00:35.437   331   331 I zygote64: option[7]=-Xprimaryzygote
03-05 11:00:35.437   331   331 I zygote64: option[8]=-Xms8m
03-05 11:00:35.437   331   331 I zygote64: option[9]=-Xmx512m
03-05 11:00:35.437   331   331 I zygote64: option[10]=-XX:HeapGrowthLimit=192m
03-05 11:00:35.437   331   331 I zygote64: option[11]=-XX:HeapMinFree=512k
03-05 11:00:35.437   331   331 I zygote64: option[12]=-XX:HeapMaxFree=8m
03-05 11:00:35.437   331   331 I zygote64: option[13]=-XX:HeapTargetUtilization=0.75
03-05 11:00:35.437   331   331 I zygote64: option[14]=-Xusejit:true
03-05 11:00:35.437   331   331 I zygote64: option[15]=-Xjitsaveprofilinginfo
03-05 11:00:35.437   331   331 I zygote64: option[16]=-XMadviseWillNeedVdexFileSize:104857600
03-05 11:00:35.437   331   331 I zygote64: option[17]=-XMadviseWillNeedOdexFileSize:104857600
03-05 11:00:35.437   331   331 I zygote64: option[18]=-XMadviseWillNeedArtFileSize:4294967295
03-05 11:00:35.437   331   331 I zygote64: option[19]=-XjdwpOptions:suspend=n,server=y
03-05 11:00:35.437   331   331 I zygote64: option[20]=-XjdwpProvider:default
03-05 11:00:35.437   331   331 I zygote64: option[21]=-Xopaque-jni-ids:swapable
03-05 11:00:35.437   331   331 I zygote64: option[22]=-Xlockprofthreshold:500
03-05 11:00:35.437   331   331 I zygote64: option[23]=-Xcompiler-option
03-05 11:00:35.437   331   331 I zygote64: option[24]=--instruction-set-variant=x86_64
03-05 11:00:35.437   331   331 I zygote64: option[25]=-Xcompiler-option
03-05 11:00:35.437   331   331 I zygote64: option[26]=--instruction-set-features=default
03-05 11:00:35.437   331   331 I zygote64: option[27]=-Xcompiler-option
03-05 11:00:35.437   331   331 I zygote64: option[28]=--generate-mini-debug-info
03-05 11:00:35.437   331   331 I zygote64: option[29]=-Ximage-compiler-option
03-05 11:00:35.437   331   331 I zygote64: option[30]=--runtime-arg
03-05 11:00:35.437   331   331 I zygote64: option[31]=-Ximage-compiler-option
03-05 11:00:35.437   331   331 I zygote64: option[32]=-Xms64m
03-05 11:00:35.437   331   331 I zygote64: option[33]=-Ximage-compiler-option
03-05 11:00:35.437   331   331 I zygote64: option[34]=--runtime-arg
03-05 11:00:35.437   331   331 I zygote64: option[35]=-Ximage-compiler-option
03-05 11:00:35.437   331   331 I zygote64: option[36]=-Xmx64m
03-05 11:00:35.437   331   331 I zygote64: option[37]=-Ximage-compiler-option
03-05 11:00:35.437   331   331 I zygote64: option[38]=--dirty-image-objects=/system/etc/dirty-image-objects
03-05 11:00:35.437   331   331 I zygote64: option[39]=-Ximage-compiler-option
03-05 11:00:35.437   331   331 I zygote64: option[40]=--instruction-set-variant=x86_64
03-05 11:00:35.437   331   331 I zygote64: option[41]=-Ximage-compiler-option
03-05 11:00:35.437   331   331 I zygote64: option[42]=--instruction-set-features=default
03-05 11:00:35.437   331   331 I zygote64: option[43]=-Ximage-compiler-option
03-05 11:00:35.437   331   331 I zygote64: option[44]=--generate-mini-debug-info
03-05 11:00:35.437   331   331 I zygote64: option[45]=-Duser.locale=en-US
03-05 11:00:35.437   331   331 I zygote64: option[46]=--cpu-abilist=x86_64
03-05 11:00:35.437   331   331 I zygote64: option[47]=-Xcore-platform-api-policy:just-warn
03-05 11:00:35.437   331   331 I zygote64: option[48]=-Xfingerprint:google/sdk_gphone64_x86_64/emu64x:13/TE1A.240213.009/12342917:userdebug/dev-keys
03-05 11:00:35.538     0     0 I init    : Command 'mkdir /sys/kernel/tracing/instances/bootreceiver 0700 system system' action=bootreceiver.enable=1 && ro.product.cpu.abilist64=* (/system/etc/init/hw/init.rc:657) took 68ms and succeeded
03-05 11:00:35.452   384   384 D HostConnection: HostComposition ext ANDROID_EMU_CHECKSUM_HELPER_v1 ANDROID_EMU_native_sync_v2 ANDROID_EMU_dma_v1 ANDROID_EMU_direct_mem ANDROID_EMU_host_composition_v1 ANDROID_EMU_host_composition_v2 ANDROID_EMU_vulkan ANDROID_EMU_deferred_vulkan_commands ANDROID_EMU_vulkan_null_optional_strings ANDROID_EMU_vulkan_create_resources_with_requirements ANDROID_EMU_YUV_Cache ANDROID_EMU_vulkan_ignored_handles ANDROID_EMU_has_shared_slots_host_memory_allocator ANDROID_EMU_vulkan_free_memory_sync ANDROID_EMU_vulkan_shader_float16_int8 ANDROID_EMU_vulkan_async_queue_submit ANDROID_EMU_vulkan_queue_submit_with_commands ANDROID_EMU_sync_buffer_data ANDROID_EMU_vulkan_async_qsri ANDROID_EMU_read_color_buffer_dma ANDROID_EMU_hwc_multi_configs ANDROID_EMU_hwc_color_transform GL_OES_EGL_image_external_essl3 GL_OES_vertex_array_object GL_KHR_texture_compression_astc_ldr ANDROID_EMU_host_side_tracing ANDROID_EMU_gles_max_version_3_0 
03-05 11:00:35.454   384   427 W EventThread: Ignoring VSYNC request while display is disconnected
03-05 11:00:35.454   384   427 W EventThread: Ignoring VSYNC request while display is disconnected
03-05 11:00:35.454   384   428 W EventThread: Ignoring VSYNC request while display is disconnected
03-05 11:00:35.454   384   428 W EventThread: Ignoring VSYNC request while display is disconnected
03-05 11:00:35.455   384   427 W EventThread: Ignoring VSYNC request while display is disconnected
03-05 11:00:35.455   384   384 I SurfaceFlinger: Dispatching display hotplug event displayId=4619827259835644672, connected=1
03-05 11:00:35.455   384   427 W EventThread: Ignoring VSYNC request while display is disconnected
03-05 11:00:35.455   353   353 E RanchuHwc: registerCallback unhandled callback: VsyncPeriodTimingChanged
03-05 11:00:35.455   353   353 E RanchuHwc: registerCallback unhandled callback: SeamlessPossible
03-05 11:00:35.460   384   431 W SurfaceFlinger: Failed to set thread name on dispatch thread
03-05 11:00:35.561     0     0 I init    : processing action (net.tcp_def_init_rwnd=*) from (/system/etc/init/hw/init.rc:1212)
03-05 11:00:35.462   384   384 I HidlServiceManagement: Registered android.frameworks.displayservice@1.0::IDisplayService/default
03-05 11:00:35.462   384   384 D SurfaceFlinger: Setting power mode 2 on display 4619827259835644672
03-05 11:00:35.462   384   384 I SurfaceFlinger: Active display is 4619827259835644672
03-05 11:00:35.463   384   384 D SurfaceFlinger: Finished setting power mode 2 on display 4619827259835644672
03-05 11:00:35.564     0     0 I init    : processing action (sys.init.perf_lsm_hooks=1) from (/system/etc/init/hw/init.rc:1223)
03-05 11:00:35.567     0     0 I init    : starting service 'bootanim'...
03-05 11:00:35.572     0     0 I init    : Control message: Processed ctl.start for 'bootanim' from pid: 384 (/system/bin/surfaceflinger)
03-05 11:00:35.574     0     0 I init    : processing action (security.perf_harden=1) from (/system/etc/init/hw/init.rc:1237)
03-05 11:00:35.577     0     0 I init    : processing action (ro.debuggable=1) from (/system/etc/init/hw/init.rc:1272)
03-05 11:00:35.474   331   331 I zygote64: Core platform API reporting enabled, enforcing=false
03-05 11:00:35.579     0     0 I init    : processing action (sys.usb.config=adb && sys.usb.configfs=0) from (/system/etc/init/hw/init.usb.rc:40)
03-05 11:00:35.476   331   331 I zygote64: Using CollectorTypeCC GC.
03-05 11:00:35.582     0     0 I init    : Command 'write /sys/class/android_usb/android0/enable 0' action=sys.usb.config=adb && sys.usb.configfs=0 (/system/etc/init/hw/init.usb.rc:41) took 0ms and failed: Unable to write to file '/sys/class/android_usb/android0/enable': open() failed: Permission denied
03-05 11:00:35.587     0     0 I init    : Command 'write /sys/class/android_usb/android0/idVendor 18d1' action=sys.usb.config=adb && sys.usb.configfs=0 (/system/etc/init/hw/init.usb.rc:42) took 0ms and failed: Unable to write to file '/sys/class/android_usb/android0/idVendor': open() failed: Permission denied
03-05 11:00:35.593     0     0 I init    : Command 'write /sys/class/android_usb/android0/idProduct 4EE7' action=sys.usb.config=adb && sys.usb.configfs=0 (/system/etc/init/hw/init.usb.rc:43) took 0ms and failed: Unable to write to file '/sys/class/android_usb/android0/idProduct': open() failed: Permission denied
03-05 11:00:35.598     0     0 I init    : Command 'write /sys/class/android_usb/android0/functions ${sys.usb.config}' action=sys.usb.config=adb && sys.usb.configfs=0 (/system/etc/init/hw/init.usb.rc:44) took 0ms and failed: Unable to write to file '/sys/class/android_usb/android0/functions': open() failed: Permission denied
03-05 11:00:35.605     0     0 I init    : Command 'write /sys/class/android_usb/android0/enable 1' action=sys.usb.config=adb && sys.usb.configfs=0 (/system/etc/init/hw/init.usb.rc:45) took 0ms and failed: Unable to write to file '/sys/class/android_usb/android0/enable': open() failed: Permission denied
03-05 11:00:35.506   176   176 I hwservicemanager: getTransport: Cannot find entry android.hardware.audio.effect@7.1::IEffectsFactory/default in either framework or device VINTF manifest.
03-05 11:00:35.611     0     0 I init    : starting service 'adbd'...
03-05 11:00:35.612     0     0 I init    : Created socket '/dev/socket/adbd', mode 660, user 1000, group 1000
03-05 11:00:35.617     0     0 I init    : processing action (vendor.qemu.timezone=*) from (/vendor/etc/init/hw/init.ranchu.rc:131)
03-05 11:00:35.518   377   377 I ServiceManager: Waiting for service 'media.metrics' on '/dev/binder'...
03-05 11:00:35.631     0     0 I init    : processing action (ro.boot.qemu.cpuvulkan.version=*) from (/vendor/etc/init/hw/init.ranchu.rc:144)
03-05 11:00:35.635     0     0 I init    : processing action (vendor.qemu.vport.bluetooth=*) from (/vendor/etc/init/hw/init.ranchu.rc:206)
03-05 11:00:35.638     0     0 I init    : processing action (init.svc.audioserver=running) from (/system/etc/init/audioserver.rc:38)
03-05 11:00:35.641     0     0 I init    : service 'vendor.audio-hal' requested start, but it is already running (flags: 4)
03-05 11:00:35.645     0     0 I init    : Command 'start vendor.audio-hal-4-0-msd' action=init.svc.audioserver=running (/system/etc/init/audioserver.rc:40) took 0ms and failed: service vendor.audio-hal-4-0-msd not found
03-05 11:00:35.650     0     0 I init    : Command 'start audio_proxy_service' action=init.svc.audioserver=running (/system/etc/init/audioserver.rc:41) took 0ms and failed: service audio_proxy_service not found
03-05 11:00:35.655     0     0 I init    : Command 'start vendor.audio-hal-2-0' action=init.svc.audioserver=running (/system/etc/init/audioserver.rc:43) took 0ms and failed: service vendor.audio-hal-2-0 not found
03-05 11:00:35.660     0     0 I init    : Command 'start audio-hal-2-0' action=init.svc.audioserver=running (/system/etc/init/audioserver.rc:44) took 0ms and failed: service audio-hal-2-0 not found
03-05 11:00:35.665     0     0 I init    : processing action (ro.persistent_properties.ready=true) from (/system/etc/init/bootstat.rc:67)
03-05 11:00:35.669     0     0 I init    : processing action (ro.persistent_properties.ready=true) from (/system/etc/init/bootstat.rc:71)
03-05 11:00:35.672     0     0 I init    : starting service 'exec 18 (/system/bin/bootstat --set_system_boot_reason)'...
03-05 11:00:35.676     0     0 I init    : processing action (bootreceiver.enable=1 && ro.product.cpu.abilist64=*) from (/system/etc/init/dmesgd.rc:3)
03-05 11:00:35.679     0     0 I init    : Command 'rm /data/misc/dmesgd/sent_reports.txt' action=bootreceiver.enable=1 && ro.product.cpu.abilist64=* (/system/etc/init/dmesgd.rc:5) took 0ms and failed: unlink() failed: No such file or directory
03-05 11:00:35.578   433   433 D BootAnimation: BootAnimationStartTiming start time: 8090ms
03-05 11:00:35.578   433   433 D BootAnimation: BootAnimationPreloadTiming start time: 8090ms
03-05 11:00:35.684     0     0 I init    : processing action (drm.service.enabled=true) from (/system/etc/init/drmserver.rc:8)
03-05 11:00:35.687     0     0 I init    : starting service 'drm'...
03-05 11:00:35.691     0     0 I init    : processing action (persist.heapprofd.enable= && traced.lazy.heapprofd=) from (/system/etc/init/heapprofd.rc:49)
03-05 11:00:35.695     0     0 I init    : processing action (ro.debuggable=1) from (/system/etc/init/llkd-debuggable.rc:1)
03-05 11:00:35.595   433   433 D BootAnimation: /product/media/bootanimation.zip is loaded successfully
03-05 11:00:35.698     0     0 I init    : processing action (ro.debuggable=*) from (/system/etc/init/llkd.rc:2)
03-05 11:00:35.701     0     0 I init    : processing action (persist.device_config.lmkd_native.thrashing_limit_critical=*) from (/system/etc/init/lmkd.rc:44)
03-05 11:00:35.704     0     0 I init    : processing action (debug.atrace.user_initiated= && persist.traced.enable=1) from (/system/etc/init/perfetto.rc:47)
03-05 11:00:35.707     0     0 I init    : starting service 'traced_probes'...
03-05 11:00:35.712     0     0 I init    : processing action (persist.traced.enable=1) from (/system/etc/init/perfetto.rc:50)
03-05 11:00:35.716     0     0 I init    : starting service 'traced'...
03-05 11:00:35.718     0     0 I init    : Created socket '/dev/socket/traced_consumer', mode 666, user 0, group 0
03-05 11:00:35.720     0     0 I init    : Created socket '/dev/socket/traced_producer', mode 666, user 0, group 0
03-05 11:00:35.733     0     0 I init    : service 'traced_probes' requested start, but it is already running (flags: 132)
03-05 11:00:35.738     0     0 I init    : processing action (ro.persistent_properties.ready=true) from (/system/etc/init/perfetto.rc:116)
03-05 11:00:35.643   443   443 I perfetto:           probes.cc:104 Starting /system/bin/traced_probes service
03-05 11:00:35.644   439   439 I bootstat: Service started: /system/bin/bootstat --set_system_boot_reason 
03-05 11:00:35.649   439   439 I bootstat: Canonical boot reason: reboot
03-05 11:00:35.649   439   439 I bootstat: Canonical boot reason: reboot
03-05 11:00:35.651   443   448 I perfetto: _activity_trigger.cc:71 mm_events ftrace instance not found. Triggering of traces on memory pressure will not be available on this device.
03-05 11:00:35.651   439   439 E bootstat: Failed to read /metadata/bootstat/persist.sys.boot.reason: No such file or directory
03-05 11:00:35.651   439   439 I bootstat: Value of persist.sys.boot.reason : 
03-05 11:00:35.651   439   439 I bootstat: Normalized last reboot reason : reboot
03-05 11:00:35.751     0     0 I init    : processing action (persist.traced_perf.enable= && sys.init.perf_lsm_hooks=1 && traced.lazy.traced_perf=) from (/system/etc/init/traced_perf.rc:43)
03-05 11:00:35.652   443   443 I perfetto:  probes_producer.cc:346 Disconnected from tracing service
03-05 11:00:35.654   439   439 E bootstat: Failed to unlink /metadata/bootstat/persist.sys.boot.reason: No such file or directory
03-05 11:00:35.661   445   445 W perfetto:          service.cc:237 Started traced, listening on /dev/socket/traced_producer /dev/socket/traced_consumer
03-05 11:00:35.760     0     0 I init    : Service 'exec 18 (/system/bin/bootstat --set_system_boot_reason)' (pid 439) exited with status 0 oneshot service took 0.084000 seconds in background
03-05 11:00:35.764     0     0 I init    : Sending signal 9 to service 'exec 18 (/system/bin/bootstat --set_system_boot_reason)' (pid 439) process group...
03-05 11:00:35.768     0     0 I libprocessgroup: Successfully killed process cgroup uid 1000 pid 439 in 0ms
03-05 11:00:35.770     0     0 I init    : processing action (init.svc.qemu-adb-keys=stopped) from (/system_ext/etc/init/init.system_ext.rc:1)
03-05 11:00:35.773     0     0 I init    : starting service 'qemu-adb-setup'...
03-05 11:00:35.776     0     0 I init    : processing action (nonencrypted) from (/system/etc/init/hw/init.rc:1184)
03-05 11:00:35.778     0     0 I init    : starting service 'goldfish-logcat'...
03-05 11:00:35.781     0     0 I init    : starting service 'bt_vhci_forwarder'...
03-05 11:00:35.784     0     0 I init    : service 'zygote' requested start, but it is already running (flags: 4)
03-05 11:00:35.786     0     0 I init    : starting service 'cameraserver'...
03-05 11:00:35.687   436   436 I adbd    : persist.adb.watchdog set to ''
03-05 11:00:35.688   436   436 I adbd    : persist.sys.test_harness set to ''
03-05 11:00:35.688   436   436 I adbd    : adb watchdog timeout set to 600 seconds
03-05 11:00:35.688   436   436 I adbd    : Setup mdns on port= 5555
03-05 11:00:35.688   436   436 I adbd    : adbd listening on tcp:5555
03-05 11:00:35.688   436   436 I adbd    : adbd listening on vsock:5555
03-05 11:00:35.688   436   436 I adbd    : adbd started
03-05 11:00:35.795     0     0 W qemu-adb-setup: /data/misc/adb/adb_keys exists. Skipping qemu adb setup
03-05 11:00:35.795     0     0 I init    : service 'drm' requested start, but it is already running (flags: 132)
03-05 11:00:35.798     0     0 I init    : starting service 'idmap2d'...
03-05 11:00:35.801     0     0 I logd    : logdr: UID=1036 GID=0 PID=451 b tail=0 logMask=99 pid=0 start=0ns deadline=0ns
03-05 11:00:35.802     0     0 I init    : starting service 'incidentd'...
03-05 11:00:35.805     0     0 I init    : starting service 'installd'...
03-05 11:00:35.809     0     0 I init    : starting service 'mediaextractor'...
03-05 11:00:35.709   436   455 I adbd    : Waiting for persist.adb.tls_server.enable=1
03-05 11:00:35.815     0     0 I init    : starting service 'mediametrics'...
03-05 11:00:35.818     0     0 I init    : starting service 'media'...
03-05 11:00:35.824     0     0 I init    : service 'netd' requested start, but it is already running (flags: 4)
03-05 11:00:35.827     0     0 I init    : starting service 'storaged'...
03-05 11:00:35.828     0     0 I init    : Could not open file '/d/mmc0/mmc0:0001/ext_csd': Failed to open file '/d/mmc0/mmc0:0001/ext_csd': No such file or directory
03-05 11:00:35.833     0     0 I init    : starting service 'wificond'...
03-05 11:00:35.734   464   464 I installd: installd firing up
03-05 11:00:35.842     0     0 I init    : starting service 'vendor.ril-daemon'...
03-05 11:00:35.741   461   461 I idmap2d : Starting
