03-05 11:00:33.758     0     0 I EXT4-fs (loop4): mounted filesystem without journal. Opts: (null). Quota mode: none.
03-05 11:00:33.758     0     0 I EXT4-fs (loop5): mounted filesystem without journal. Opts: (null). Quota mode: none.
03-05 11:00:33.759     0     0 I apexd   : Successfully mounted package /system/apex/com.android.apex.cts.shim.apex on /apex/com.android.apex.cts.shim@1 duration=4
03-05 11:00:33.760     0     0 I apexd   : Successfully mounted package /system/apex/com.google.mainline.primary.libs.apex on /apex/com.google.mainline.primary.libs@331731000 duration=6
03-05 11:00:33.765     0     0 I loop6   : detected capacity change from 0 to 10728
03-05 11:00:33.766     0     0 I loop7   : detected capacity change from 0 to 1656
03-05 11:00:33.767     0     0 I EXT4-fs (loop6): mounted filesystem without journal. Opts: (null). Quota mode: none.
03-05 11:00:33.768     0     0 I EXT4-fs (loop7): mounted filesystem without journal. Opts: (null). Quota mode: none.
03-05 11:00:33.768     0     0 I apexd   : Successfully mounted package /system/apex/com.android.runtime.apex on /apex/com.android.runtime@1 duration=3
03-05 11:00:33.770     0     0 I apexd   : Successfully mounted package /system/apex/com.google.android.tzdata4.apex on /apex/com.android.tzdata@331314030 duration=4
03-05 11:00:33.772     0     0 I loop8   : detected capacity change from 0 to 59592
03-05 11:00:33.774     0     0 I loop9   : detected capacity change from 0 to 48360
03-05 11:00:33.775     0     0 I EXT4-fs (loop8): mounted filesystem without journal. Opts: (null). Quota mode: none.
03-05 11:00:33.777     0     0 I apexd   : Successfully mounted package /system/apex/com.android.vndk.current.apex on /apex/com.android.vndk.v33@1 duration=5
03-05 11:00:33.777     0     0 I EXT4-fs (loop9): mounted filesystem without journal. Opts: (null). Quota mode: none.
03-05 11:00:33.779     0     0 I loop10  : detected capacity change from 0 to 68016
03-05 11:00:33.780     0     0 I apexd   : Successfully mounted package /system/apex/com.google.android.btservices.apex on /apex/com.android.btservices@331911000 duration=6
03-05 11:00:33.782     0     0 I EXT4-fs (loop10): mounted filesystem without journal. Opts: (null). Quota mode: none.
03-05 11:00:33.783     0     0 I loop11  : detected capacity change from 0 to 21040
03-05 11:00:33.784     0     0 I apexd   : Successfully mounted package /system/apex/com.android.i18n.apex on /apex/com.android.i18n@1 duration=5
03-05 11:00:33.785     0     0 I device-mapper: verity: sha256 using implementation "sha256-avx"
03-05 11:00:33.787     0     0 I loop12  : detected capacity change from 0 to 7152
03-05 11:00:33.789     0     0 I device-mapper: verity: sha256 using implementation "sha256-avx"
03-05 11:00:33.810     0     0 I EXT4-fs (dm-33): mounted filesystem without journal. Opts: (null). Quota mode: none.
03-05 11:00:33.812     0     0 I apexd   : Successfully mounted package /data/apex/decompressed/com.android.mediaprovider@331711020.decompressed.apex on /apex/com.android.mediaprovider@331711020 duration=28
03-05 11:00:33.816     0     0 I EXT4-fs (dm-32): mounted filesystem without journal. Opts: (null). Quota mode: none.
03-05 11:00:33.816     0     0 I loop13  : detected capacity change from 0 to 1600
03-05 11:00:33.818     0     0 I apexd   : Successfully mounted package /data/apex/decompressed/com.android.appsearch@331311020.decompressed.apex on /apex/com.android.appsearch@331311020 duration=31
03-05 11:00:33.820     0     0 I device-mapper: verity: sha256 using implementation "sha256-avx"
03-05 11:00:33.824     0     0 I loop14  : detected capacity change from 0 to 17072
03-05 11:00:33.826     0     0 I device-mapper: verity: sha256 using implementation "sha256-avx"
03-05 11:00:33.846     0     0 I EXT4-fs (dm-28): mounted filesystem without journal. Opts: (null). Quota mode: none.
03-05 11:00:33.848     0     0 I apexd   : Successfully mounted package /data/apex/decompressed/com.android.ipsec@331312000.decompressed.apex on /apex/com.android.ipsec@331312000 duration=31
03-05 11:00:33.852     0     0 I EXT4-fs (dm-24): mounted filesystem without journal. Opts: (null). Quota mode: none.
03-05 11:00:33.852     0     0 I loop15  : detected capacity change from 0 to 43032
03-05 11:00:33.854     0     0 I apexd   : Successfully mounted package /data/apex/decompressed/com.android.tethering@331711040.decompressed.apex on /apex/com.android.tethering@331711040 duration=29
03-05 11:00:33.856     0     0 I device-mapper: verity: sha256 using implementation "sha256-avx"
03-05 11:00:33.860     0     0 I loop16  : detected capacity change from 0 to 11088
03-05 11:00:33.862     0     0 I device-mapper: verity: sha256 using implementation "sha256-avx"
03-05 11:00:33.883     0     0 I EXT4-fs (dm-22): mounted filesystem without journal. Opts: (null). Quota mode: none.
03-05 11:00:33.885     0     0 I apexd   : Successfully mounted package /data/apex/decompressed/com.android.media.swcodec@331712000.decompressed.apex on /apex/com.android.media.swcodec@331712000 duration=32
03-05 11:00:33.887     0     0 I EXT4-fs (dm-23): mounted filesystem without journal. Opts: (null). Quota mode: none.
03-05 11:00:33.890     0     0 I loop17  : detected capacity change from 0 to 1624
03-05 11:00:33.891     0     0 I apexd   : Successfully mounted package /data/apex/decompressed/com.android.adbd@331610002.decompressed.apex on /apex/com.android.adbd@331610002 duration=30
03-05 11:00:33.893     0     0 I device-mapper: verity: sha256 using implementation "sha256-avx"
03-05 11:00:33.896     0     0 I loop18  : detected capacity change from 0 to 536
03-05 11:00:33.898     0     0 I device-mapper: verity: sha256 using implementation "sha256-avx"
03-05 11:00:33.918     0     0 I EXT4-fs (dm-21): mounted filesystem without journal. Opts: (null). Quota mode: none.
03-05 11:00:33.920     0     0 I apexd   : Successfully mounted package /data/apex/decompressed/com.android.sdkext@331412000.decompressed.apex on /apex/com.android.sdkext@331412000 duration=30
03-05 11:00:33.921     0     0 I EXT4-fs (dm-20): mounted filesystem without journal. Opts: (null). Quota mode: none.
03-05 11:00:33.925     0     0 I loop19  : detected capacity change from 0 to 7000
03-05 11:00:33.926     0     0 I apexd   : Successfully mounted package /data/apex/decompressed/com.android.scheduling@331113000.decompressed.apex on /apex/com.android.scheduling@331113000 duration=29
03-05 11:00:33.928     0     0 I device-mapper: verity: sha256 using implementation "sha256-avx"
03-05 11:00:33.932     0     0 I loop20  : detected capacity change from 0 to 10472
03-05 11:00:33.934     0     0 I device-mapper: verity: sha256 using implementation "sha256-avx"
03-05 11:00:33.954     0     0 I EXT4-fs (dm-19): mounted filesystem without journal. Opts: (null). Quota mode: none.
03-05 11:00:33.956     0     0 I apexd   : Successfully mounted package /data/apex/decompressed/com.android.conscrypt@331413000.decompressed.apex on /apex/com.android.conscrypt@331413000 duration=31
03-05 11:00:33.961     0     0 I EXT4-fs (dm-15): mounted filesystem without journal. Opts: (null). Quota mode: none.
03-05 11:00:33.961     0     0 I loop21  : detected capacity change from 0 to 3616
03-05 11:00:33.963     0     0 I apexd   : Successfully mounted package /data/apex/decompressed/com.android.media@331712010.decompressed.apex on /apex/com.android.media@331712010 duration=30
03-05 11:00:33.965     0     0 I device-mapper: verity: sha256 using implementation "sha256-avx"
03-05 11:00:33.969     0     0 I loop22  : detected capacity change from 0 to 10568
03-05 11:00:33.971     0     0 I device-mapper: verity: sha256 using implementation "sha256-avx"
03-05 11:00:33.991     0     0 I EXT4-fs (dm-16): mounted filesystem without journal. Opts: (null). Quota mode: none.
03-05 11:00:33.993     0     0 I apexd   : Successfully mounted package /data/apex/decompressed/com.android.os.statsd@331711010.decompressed.apex on /apex/com.android.os.statsd@331711010 duration=31
03-05 11:00:33.997     0     0 I EXT4-fs (dm-11): mounted filesystem without journal. Opts: (null). Quota mode: none.
03-05 11:00:33.997     0     0 I loop23  : detected capacity change from 0 to 29784
03-05 11:00:33.999     0     0 I apexd   : Successfully mounted package /data/apex/decompressed/com.android.neuralnetworks@331310000.decompressed.apex on /apex/com.android.neuralnetworks@331310000 duration=29
03-05 11:00:34.001     0     0 I device-mapper: verity: sha256 using implementation "sha256-avx"
03-05 11:00:34.005     0     0 I loop24  : detected capacity change from 0 to 45472
03-05 11:00:34.007     0     0 I device-mapper: verity: sha256 using implementation "sha256-avx"
03-05 11:00:34.028     0     0 I EXT4-fs (dm-12): mounted filesystem without journal. Opts: (null). Quota mode: none.
03-05 11:00:34.030     0     0 I apexd   : Successfully mounted package /data/apex/decompressed/com.android.cellbroadcast@331710020.decompressed.apex on /apex/com.android.cellbroadcast@331710020 duration=32
03-05 11:00:34.031     0     0 I EXT4-fs (dm-10): mounted filesystem without journal. Opts: (null). Quota mode: none.
03-05 11:00:34.034     0     0 I loop25  : detected capacity change from 0 to 13240
03-05 11:00:34.035     0     0 I apexd   : Successfully mounted package /data/apex/decompressed/com.android.adservices@331710270.decompressed.apex on /apex/com.android.adservices@331710270 duration=30
03-05 11:00:34.038     0     0 I device-mapper: verity: sha256 using implementation "sha256-avx"
03-05 11:00:34.041     0     0 I loop26  : detected capacity change from 0 to 6936
03-05 11:00:34.043     0     0 I device-mapper: verity: sha256 using implementation "sha256-avx"
03-05 11:00:34.063     0     0 I EXT4-fs (dm-27): mounted filesystem without journal. Opts: (null). Quota mode: none.
03-05 11:00:34.065     0     0 I apexd   : Successfully mounted package /data/apex/decompressed/com.android.extservices@331412000.decompressed.apex on /apex/com.android.extservices@331412000 duration=30
03-05 11:00:34.066     0     0 I EXT4-fs (dm-26): mounted filesystem without journal. Opts: (null). Quota mode: none.
03-05 11:00:34.069     0     0 I apexd   : Successfully mounted package /data/apex/decompressed/com.android.uwb@331613010.decompressed.apex on /apex/com.android.uwb@331613010 duration=27
03-05 11:00:34.071     0     0 I loop27  : detected capacity change from 0 to 15040
03-05 11:00:34.072     0     0 I loop28  : detected capacity change from 0 to 536
03-05 11:00:34.073     0     0 I device-mapper: verity: sha256 using implementation "sha256-avx"
03-05 11:00:34.074     0     0 I device-mapper: verity: sha256 using implementation "sha256-avx"
03-05 11:00:34.096     0     0 I EXT4-fs (dm-14): mounted filesystem without journal. Opts: (null). Quota mode: none.
03-05 11:00:34.096     0     0 I EXT4-fs (dm-8): mounted filesystem without journal. Opts: (null). Quota mode: none.
03-05 11:00:34.098     0     0 I apexd   : Successfully mounted package /data/apex/decompressed/com.android.wifi@331710030.decompressed.apex on /apex/com.android.wifi@331710030 duration=27
03-05 11:00:34.100     0     0 I apexd   : Successfully mounted package /data/apex/decompressed/com.android.ondevicepersonalization@330442040.decompressed.apex on /apex/com.android.ondevicepersonalization@330442040 duration=29
03-05 11:00:34.105     0     0 I loop29  : detected capacity change from 0 to 64072
03-05 11:00:34.109     0     0 I loop30  : detected capacity change from 0 to 33416
03-05 11:00:34.110     0     0 I device-mapper: verity: sha256 using implementation "sha256-avx"
03-05 11:00:34.111     0     0 I device-mapper: verity: sha256 using implementation "sha256-avx"
03-05 11:00:34.134     0     0 I EXT4-fs (dm-7): mounted filesystem without journal. Opts: (null). Quota mode: none.
03-05 11:00:34.136     0     0 I EXT4-fs (dm-25): mounted filesystem without journal. Opts: (null). Quota mode: none.
03-05 11:00:34.136     0     0 I apexd   : Successfully mounted package /data/apex/decompressed/com.android.permission@331710050.decompressed.apex on /apex/com.android.permission@331710050 duration=28
03-05 11:00:34.138     0     0 I apexd   : Successfully mounted package /data/apex/decompressed/com.android.art@331711080.decompressed.apex on /apex/com.android.art@331711080 duration=33
03-05 11:00:34.142     0     0 I loop31  : detected capacity change from 0 to 9312
03-05 11:00:34.147     0     0 I device-mapper: verity: sha256 using implementation "sha256-avx"
03-05 11:00:34.171     0     0 I EXT4-fs (dm-6): mounted filesystem without journal. Opts: (null). Quota mode: none.
03-05 11:00:34.173     0     0 I apexd   : Successfully mounted package /data/apex/decompressed/com.android.resolv@331611010.decompressed.apex on /apex/com.android.resolv@331611010 duration=30
03-05 11:00:34.177     0     0 I apexd   : Activated 28 packages.
03-05 11:00:34.178     0     0 I apexd   : OnStart done, duration=553
03-05 11:00:34.179     0     0 I AidlLazyServiceRegistrar: Registering service apexservice
03-05 11:00:34.186     0     0 E apexd   : Can't open /system_ext/apex for reading : No such file or directory
03-05 11:00:34.188     0     0 E apexd   : Can't open /product/apex for reading : No such file or directory
03-05 11:00:34.189     0     0 E apexd   : Can't open /vendor/apex for reading : No such file or directory
03-05 11:00:34.191     0     0 I apexd   : Marking APEXd as activated
03-05 11:00:34.192     0     0 I init    : Wait for property 'apexd.status=activated' took 554ms
03-05 11:00:34.201     0     0 I init    : Parsing file /apex/com.android.adbd/etc/init.rc...
03-05 11:00:34.202     0     0 I init    : Parsing file /apex/com.android.art/etc/init.rc...
03-05 11:00:34.204     0     0 I init    : Parsing file /apex/com.android.media.swcodec/etc/mediaswcodec.32rc...
03-05 11:00:34.205     0     0 I init    : Parsing file /apex/com.android.media/etc/mediatranscoding.32rc...
03-05 11:00:34.206     0     0 I init    : Parsing file /apex/com.android.os.statsd/etc/init.rc...
03-05 11:00:34.208     0     0 I init    : Parsing file /apex/com.android.sdkext/etc/derive_classpath.rc...
03-05 11:00:34.209     0     0 I init    : Parsing file /apex/com.android.sdkext/etc/derive_sdk.rc...
03-05 11:00:34.228     0     0 I init    : linkerconfig generated /linkerconfig with mounted APEX modules info
03-05 11:00:34.230     0     0 I init    : Not setting encryption policy on: /data/media
03-05 11:00:34.231     0     0 I init    : starting service 'exec 9 (/system/bin/chattr +F /data/media)'...
03-05 11:00:34.233     0     0 I init    : SVC_EXEC service 'exec 9 (/system/bin/chattr +F /data/media)' pid 296 (uid 1023 gid 1023+0 context default) started; waiting...
03-05 11:00:34.254     0     0 I init    : Service 'exec 9 (/system/bin/chattr +F /data/media)' (pid 296) exited with status 0 waiting took 0.021000 seconds
03-05 11:00:34.256     0     0 I init    : Sending signal 9 to service 'exec 9 (/system/bin/chattr +F /data/media)' (pid 296) process group...
03-05 11:00:34.257     0     0 I libprocessgroup: Successfully killed process cgroup uid 1023 pid 296 in 0ms
03-05 11:00:34.259     0     0 I init    : Verified that /data/media/obb has the encryption policy 3573ea8750aec94bd32c2a97550ccd69 v2 modes 1/4 flags 0x2
03-05 11:00:34.261     0     0 W init    : Inferred action different from explicit one, expected 2 but got 3
03-05 11:00:34.262     0     0 I init    : Verified that /data/bootanim has the encryption policy 3573ea8750aec94bd32c2a97550ccd69 v2 modes 1/4 flags 0x2
03-05 11:00:34.264     0     0 I init    : starting service 'derive_sdk'...
03-05 11:00:34.265     0     0 I init    : SVC_EXEC service 'derive_sdk' pid 297 (uid 9999 gid 9999+0 context default) started; waiting...
03-05 11:00:34.165   297   297 I derive_sdk: Read version 6 from 8
03-05 11:00:34.166   297   297 I derive_sdk: Read version 5 from 4
03-05 11:00:34.166   297   297 I derive_sdk: Read version 3 from 13
03-05 11:00:34.166   297   297 I derive_sdk: Read version 5 from 11
03-05 11:00:34.167   297   297 I derive_sdk: Read version 6 from 6
03-05 11:00:34.167   297   297 I derive_sdk: Read version 6 from 2
03-05 11:00:34.167   297   297 I derive_sdk: Read version 5 from 10
03-05 11:00:34.167   297   297 I derive_sdk: Read version 4 from 9
03-05 11:00:34.167   297   297 I derive_sdk: Read version 5 from 5
03-05 11:00:34.168   297   297 I derive_sdk: Read version 6 from 7
03-05 11:00:34.168   297   297 I derive_sdk: Read version 4 from 1
03-05 11:00:34.168   297   297 I derive_sdk: Read version 4 from 12
03-05 11:00:34.168   297   297 I derive_sdk: Read version 6 from 3
03-05 11:00:34.168   297   297 I derive_sdk: extension r version is 5
03-05 11:00:34.168   297   297 I derive_sdk: extension s version is 5
03-05 11:00:34.168   297   297 I derive_sdk: extension t version is 5
03-05 11:00:34.168   297   297 I derive_sdk: extension ad_services version is 5
03-05 11:00:34.274     0     0 I init    : Service 'derive_sdk' (pid 297) exited with status 0 waiting took 0.009000 seconds
03-05 11:00:34.276     0     0 I init    : Sending signal 9 to service 'derive_sdk' (pid 297) process group...
03-05 11:00:34.277     0     0 I libprocessgroup: Successfully killed process cgroup uid 9999 pid 297 in 0ms
03-05 11:00:34.278     0     0 I init    : starting service 'exec 10 (/system/bin/vdc --wait cryptfs init_user0)'...
03-05 11:00:34.280     0     0 I init    : SVC_EXEC service 'exec 10 (/system/bin/vdc --wait cryptfs init_user0)' pid 298 (uid 0 gid 0+0 context default) started; waiting...
03-05 11:00:34.178   189   189 D vold    : fscrypt_init_user0
03-05 11:00:34.179   189   189 D vold    : Preparing: /data/misc/vold/user_keys
03-05 11:00:34.179   189   189 D vold    : Preparing: /data/misc/vold/user_keys/ce
03-05 11:00:34.179   189   189 D vold    : Preparing: /data/misc/vold/user_keys/de
03-05 11:00:34.284     0     0 D vdc     : Waited 0ms for vold
03-05 11:00:34.180   189   189 D vold    : Installed fscrypt key with ref 53faa5a284f1a8de4ae61dca697d05ad to /data
03-05 11:00:34.180   189   189 D vold    : Added fscrypt-provisioning key for 53faa5a284f1a8de4ae61dca697d05ad to session keyring
03-05 11:00:34.180   189   189 D vold    : Installed de key for user 0
03-05 11:00:34.180   189   189 D vold    : fscrypt_prepare_user_storage for volume null, user 0, serial 0, flags 1
03-05 11:00:34.180   189   189 D vold    : Preparing: /data/system/users/0
03-05 11:00:34.181   189   189 D vold    : Preparing: /data/misc/profiles/cur/0
03-05 11:00:34.181   189   189 D vold    : Preparing: /data/system_de/0
03-05 11:00:34.181   189   189 D vold    : Preparing: /data/vendor_de/0
03-05 11:00:34.181   189   189 D vold    : Preparing: /data/misc_de/0
03-05 11:00:34.181   189   189 D vold    : Preparing: /data/user_de/0
03-05 11:00:34.181   189   189 I vold    : Verified that /data/system_de/0 has the encryption policy 53faa5a284f1a8de4ae61dca697d05ad v2 modes 1/4 flags 0x2
03-05 11:00:34.181   189   189 I vold    : Verified that /data/vendor_de/0 has the encryption policy 53faa5a284f1a8de4ae61dca697d05ad v2 modes 1/4 flags 0x2
03-05 11:00:34.181   189   189 I vold    : Verified that /data/misc_de/0 has the encryption policy 53faa5a284f1a8de4ae61dca697d05ad v2 modes 1/4 flags 0x2
03-05 11:00:34.181   189   189 I vold    : Verified that /data/user_de/0 has the encryption policy 53faa5a284f1a8de4ae61dca697d05ad v2 modes 1/4 flags 0x2
03-05 11:00:34.181   189   189 D vold    : /system/bin/vold_prepare_subdirs
03-05 11:00:34.181   189   189 D vold    :     prepare
03-05 11:00:34.181   189   189 D vold    :     
03-05 11:00:34.181   189   189 D vold    :     0
03-05 11:00:34.181   189   189 D vold    :     1
03-05 11:00:34.186   299   299 D vold_prepare_subdirs: Setting up mode 771 uid 1000 gid 1000 context u:object_r:system_data_file:s0:c512,c768 on path: /data/user_de/0
03-05 11:00:34.187   299   299 D vold_prepare_subdirs: Setting up mode 771 uid 1000 gid 1000 context u:object_r:sdk_sandbox_system_data_file:s0:c512,c768 on path: /data/misc_de/0/sdksandbox
03-05 11:00:34.187   299   299 D vold_prepare_subdirs: Setting up mode 700 uid 0 gid 0 context u:object_r:vold_data_file:s0 on path: /data/misc_de/0/vold
03-05 11:00:34.187   299   299 D vold_prepare_subdirs: Setting up mode 700 uid 0 gid 0 context u:object_r:storaged_data_file:s0 on path: /data/misc_de/0/storaged
03-05 11:00:34.187   299   299 D vold_prepare_subdirs: Setting up mode 700 uid 0 gid 0 context u:object_r:rollback_data_file:s0 on path: /data/misc_de/0/rollback
03-05 11:00:34.187   299   299 D vold_prepare_subdirs: Setting up mode 700 uid 0 gid 0 context u:object_r:apex_rollback_data_file:s0 on path: /data/misc_de/0/apexrollback
03-05 11:00:34.188   299   299 D vold_prepare_subdirs: Setting up mode 711 uid 0 gid 0 context u:object_r:apex_module_data_file:s0 on path: /data/misc_de/0/apexdata
03-05 11:00:34.188   299   299 D vold_prepare_subdirs: Setting up mode 771 uid 0 gid 1000 context u:object_r:apex_module_data_file:s0 on path: /data/misc_de/0/apexdata/com.android.resolv
03-05 11:00:34.188   299   299 D vold_prepare_subdirs: Setting up mode 771 uid 0 gid 1000 context u:object_r:apex_module_data_file:s0 on path: /data/misc_de/0/apexdata/com.android.art
03-05 11:00:34.188   299   299 D vold_prepare_subdirs: Setting up mode 771 uid 0 gid 1000 context u:object_r:apex_system_server_data_file:s0 on path: /data/misc_de/0/apexdata/com.android.permission
03-05 11:00:34.188   299   299 D vold_prepare_subdirs: Setting up mode 771 uid 0 gid 1000 context u:object_r:apex_module_data_file:s0 on path: /data/misc_de/0/apexdata/com.android.ondevicepersonalization
03-05 11:00:34.188   299   299 D vold_prepare_subdirs: Setting up mode 771 uid 0 gid 1000 context u:object_r:apex_system_server_data_file:s0 on path: /data/misc_de/0/apexdata/com.android.wifi
03-05 11:00:34.188   299   299 D vold_prepare_subdirs: Setting up mode 771 uid 0 gid 1000 context u:object_r:apex_system_server_data_file:s0 on path: /data/misc_de/0/apexdata/com.android.uwb
03-05 11:00:34.189   299   299 D vold_prepare_subdirs: Setting up mode 771 uid 0 gid 1000 context u:object_r:apex_module_data_file:s0 on path: /data/misc_de/0/apexdata/com.android.extservices
03-05 11:00:34.189   299   299 D vold_prepare_subdirs: Setting up mode 771 uid 0 gid 1000 context u:object_r:apex_module_data_file:s0 on path: /data/misc_de/0/apexdata/com.android.adservices
03-05 11:00:34.189   299   299 D vold_prepare_subdirs: Setting up mode 771 uid 0 gid 1000 context u:object_r:apex_module_data_file:s0 on path: /data/misc_de/0/apexdata/com.android.cellbroadcast
03-05 11:00:34.189   299   299 D vold_prepare_subdirs: Setting up mode 771 uid 0 gid 1000 context u:object_r:apex_module_data_file:s0 on path: /data/misc_de/0/apexdata/com.android.neuralnetworks
03-05 11:00:34.189   299   299 D vold_prepare_subdirs: Setting up mode 771 uid 0 gid 1000 context u:object_r:apex_module_data_file:s0 on path: /data/misc_de/0/apexdata/com.android.os.statsd
03-05 11:00:34.189   299   299 D vold_prepare_subdirs: Setting up mode 771 uid 0 gid 1000 context u:object_r:apex_module_data_file:s0 on path: /data/misc_de/0/apexdata/com.android.media
03-05 11:00:34.189   299   299 D vold_prepare_subdirs: Setting up mode 771 uid 0 gid 1000 context u:object_r:apex_module_data_file:s0 on path: /data/misc_de/0/apexdata/com.android.conscrypt
03-05 11:00:34.189   299   299 D vold_prepare_subdirs: Setting up mode 771 uid 0 gid 1000 context u:object_r:apex_module_data_file:s0 on path: /data/misc_de/0/apexdata/com.android.scheduling
03-05 11:00:34.189   299   299 D vold_prepare_subdirs: Setting up mode 771 uid 0 gid 1000 context u:object_r:apex_module_data_file:s0 on path: /data/misc_de/0/apexdata/com.android.sdkext
03-05 11:00:34.189   299   299 D vold_prepare_subdirs: Setting up mode 771 uid 0 gid 1000 context u:object_r:apex_module_data_file:s0 on path: /data/misc_de/0/apexdata/com.android.adbd
03-05 11:00:34.189   299   299 D vold_prepare_subdirs: Setting up mode 771 uid 0 gid 1000 context u:object_r:apex_module_data_file:s0 on path: /data/misc_de/0/apexdata/com.android.media.swcodec
03-05 11:00:34.189   299   299 D vold_prepare_subdirs: Setting up mode 771 uid 0 gid 1000 context u:object_r:apex_module_data_file:s0 on path: /data/misc_de/0/apexdata/com.android.tethering
03-05 11:00:34.189   299   299 D vold_prepare_subdirs: Setting up mode 771 uid 0 gid 1000 context u:object_r:apex_module_data_file:s0 on path: /data/misc_de/0/apexdata/com.android.ipsec
03-05 11:00:34.189   299   299 D vold_prepare_subdirs: Setting up mode 771 uid 0 gid 1000 context u:object_r:apex_module_data_file:s0 on path: /data/misc_de/0/apexdata/com.android.appsearch
03-05 11:00:34.190   299   299 D vold_prepare_subdirs: Setting up mode 771 uid 0 gid 1000 context u:object_r:apex_module_data_file:s0 on path: /data/misc_de/0/apexdata/com.android.mediaprovider
03-05 11:00:34.190   299   299 D vold_prepare_subdirs: Setting up mode 771 uid 0 gid 1000 context u:object_r:apex_module_data_file:s0 on path: /data/misc_de/0/apexdata/com.android.btservices
03-05 11:00:34.190   299   299 D vold_prepare_subdirs: Setting up mode 771 uid 0 gid 1000 context u:object_r:apex_module_data_file:s0 on path: /data/misc_de/0/apexdata/com.android.apex.cts.shim
03-05 11:00:34.190   299   299 D vold_prepare_subdirs: Setting up mode 771 uid 0 gid 1000 context u:object_r:apex_module_data_file:s0 on path: /data/misc_de/0/apexdata/com.android.runtime
03-05 11:00:34.190   299   299 D vold_prepare_subdirs: Setting up mode 771 uid 0 gid 1000 context u:object_r:apex_module_data_file:s0 on path: /data/misc_de/0/apexdata/com.android.tzdata
03-05 11:00:34.190   299   299 D vold_prepare_subdirs: Setting up mode 771 uid 0 gid 1000 context u:object_r:apex_module_data_file:s0 on path: /data/misc_de/0/apexdata/com.android.vndk.v33
03-05 11:00:34.190   299   299 D vold_prepare_subdirs: Setting up mode 771 uid 0 gid 1000 context u:object_r:apex_module_data_file:s0 on path: /data/misc_de/0/apexdata/com.android.i18n
03-05 11:00:34.190   299   299 D vold_prepare_subdirs: Setting up mode 771 uid 0 gid 1000 context u:object_r:apex_module_data_file:s0 on path: /data/misc_de/0/apexdata/sharedlibs
03-05 11:00:34.190   299   299 D vold_prepare_subdirs: Setting up mode 771 uid 1000 gid 1000 context u:object_r:user_profile_root_file:s0:c512,c768 on path: /data/misc/profiles/cur/0
03-05 11:00:34.190   299   299 D vold_prepare_subdirs: Setting up mode 700 uid 1000 gid 1000 context u:object_r:fingerprint_vendor_data_file:s0 on path: /data/vendor_de/0/fpdata
03-05 11:00:34.190   299   299 D vold_prepare_subdirs: Setting up mode 700 uid 1000 gid 1000 context u:object_r:face_vendor_data_file:s0 on path: /data/vendor_de/0/facedata
03-05 11:00:34.190   189   189 D vold    : Detected support for FS_IOC_ADD_ENCRYPTION_KEY
03-05 11:00:34.296     0     0 I init    : Service 'exec 10 (/system/bin/vdc --wait cryptfs init_user0)' (pid 298) exited with status 0 waiting took 0.016000 seconds
03-05 11:00:34.298     0     0 I init    : Sending signal 9 to service 'exec 10 (/system/bin/vdc --wait cryptfs init_user0)' (pid 298) process group...
03-05 11:00:34.300     0     0 I libprocessgroup: Successfully killed process cgroup uid 0 pid 298 in 0ms
03-05 11:00:34.302     0     0 I selinux : SELinux: Skipping restorecon on directory(/data)
03-05 11:00:34.302     0     0 I selinux :  
03-05 11:00:34.303     0     0 I init    : starting service 'derive_classpath'...
03-05 11:00:34.305     0     0 I init    : SVC_EXEC service 'derive_classpath' pid 300 (uid 1000 gid 1000+1 context default) started; waiting...
03-05 11:00:34.203   300   300 I derive_classpath: ParseFragments for bootclasspath
03-05 11:00:34.208   300   300 I derive_classpath: ReadClasspathFragment /apex/com.android.art/etc/classpaths/bootclasspath.pb
03-05 11:00:34.208   300   300 I derive_classpath: ReadClasspathFragment /system/etc/classpaths/bootclasspath.pb
03-05 11:00:34.208   300   300 I derive_classpath: ReadClasspathFragment /apex/com.android.adservices/etc/classpaths/bootclasspath.pb
03-05 11:00:34.209   300   300 I derive_classpath: ReadClasspathFragment /apex/com.android.appsearch/etc/classpaths/bootclasspath.pb
03-05 11:00:34.209   300   300 I derive_classpath: ReadClasspathFragment /apex/com.android.btservices/etc/classpaths/bootclasspath.pb
03-05 11:00:34.209   300   300 I derive_classpath: ReadClasspathFragment /apex/com.android.conscrypt/etc/classpaths/bootclasspath.pb
03-05 11:00:34.209   300   300 I derive_classpath: ReadClasspathFragment /apex/com.android.ipsec/etc/classpaths/bootclasspath.pb
03-05 11:00:34.209   300   300 I derive_classpath: ReadClasspathFragment /apex/com.android.media/etc/classpaths/bootclasspath.pb
03-05 11:00:34.210   300   300 I derive_classpath: ReadClasspathFragment /apex/com.android.mediaprovider/etc/classpaths/bootclasspath.pb
03-05 11:00:34.210   300   300 I derive_classpath: ReadClasspathFragment /apex/com.android.ondevicepersonalization/etc/classpaths/bootclasspath.pb
03-05 11:00:34.210   300   300 I derive_classpath: ReadClasspathFragment /apex/com.android.os.statsd/etc/classpaths/bootclasspath.pb
03-05 11:00:34.211   300   300 I derive_classpath: ReadClasspathFragment /apex/com.android.permission/etc/classpaths/bootclasspath.pb
03-05 11:00:34.211   300   300 I derive_classpath: ReadClasspathFragment /apex/com.android.scheduling/etc/classpaths/bootclasspath.pb
03-05 11:00:34.211   300   300 I derive_classpath: ReadClasspathFragment /apex/com.android.sdkext/etc/classpaths/bootclasspath.pb
03-05 11:00:34.211   300   300 I derive_classpath: ReadClasspathFragment /apex/com.android.tethering/etc/classpaths/bootclasspath.pb
03-05 11:00:34.211   300   300 I derive_classpath: ReadClasspathFragment /apex/com.android.uwb/etc/classpaths/bootclasspath.pb
03-05 11:00:34.212   300   300 I derive_classpath: ReadClasspathFragment /apex/com.android.wifi/etc/classpaths/bootclasspath.pb
03-05 11:00:34.212   300   300 I derive_classpath: ParseFragments for systemserverclasspath
03-05 11:00:34.212   300   300 I derive_classpath: ReadClasspathFragment /system/etc/classpaths/systemserverclasspath.pb
03-05 11:00:34.212   300   300 I derive_classpath: ReadClasspathFragment /apex/com.android.adservices/etc/classpaths/systemserverclasspath.pb
03-05 11:00:34.212   300   300 I derive_classpath: ReadClasspathFragment /apex/com.android.appsearch/etc/classpaths/systemserverclasspath.pb
03-05 11:00:34.212   300   300 I derive_classpath: ReadClasspathFragment /apex/com.android.art/etc/classpaths/systemserverclasspath.pb
03-05 11:00:34.212   300   300 I derive_classpath: ReadClasspathFragment /apex/com.android.btservices/etc/classpaths/systemserverclasspath.pb
03-05 11:00:34.213   300   300 I derive_classpath: ReadClasspathFragment /apex/com.android.media/etc/classpaths/systemserverclasspath.pb
03-05 11:00:34.213   300   300 I derive_classpath: ReadClasspathFragment /apex/com.android.os.statsd/etc/classpaths/systemserverclasspath.pb
03-05 11:00:34.213   300   300 I derive_classpath: ReadClasspathFragment /apex/com.android.permission/etc/classpaths/systemserverclasspath.pb
03-05 11:00:34.213   300   300 I derive_classpath: ReadClasspathFragment /apex/com.android.scheduling/etc/classpaths/systemserverclasspath.pb
03-05 11:00:34.213   300   300 I derive_classpath: ReadClasspathFragment /apex/com.android.tethering/etc/classpaths/systemserverclasspath.pb
03-05 11:00:34.213   300   300 I derive_classpath: ReadClasspathFragment /apex/com.android.uwb/etc/classpaths/systemserverclasspath.pb
03-05 11:00:34.213   300   300 I derive_classpath: ReadClasspathFragment /apex/com.android.wifi/etc/classpaths/systemserverclasspath.pb
03-05 11:00:34.213   300   300 I derive_classpath: WriteClasspathExports /data/system/environ/classpath
03-05 11:00:34.213   300   300 I derive_classpath: WriteClasspathExports content
03-05 11:00:34.213   300   300 I derive_classpath: export BOOTCLASSPATH /apex/com.android.art/javalib/core-oj.jar:/apex/com.android.art/javalib/core-libart.jar:/apex/com.android.art/javalib/okhttp.jar:/apex/com.android.art/javalib/bouncycastle.jar:/apex/com.android.art/javalib/apache-xml.jar:/system/framework/framework.jar:/system/framework/framework-graphics.jar:/system/framework/ext.jar:/system/framework/telephony-common.jar:/system/framework/voip-common.jar:/system/framework/ims-common.jar:/apex/com.android.i18n/javalib/core-icu4j.jar:/apex/com.android.adservices/javalib/framework-adservices.jar:/apex/com.android.adservices/javalib/framework-sdksandbox.jar:/apex/com.android.appsearch/javalib/framework-appsearch.jar:/apex/com.android.btservices/javalib/framework-bluetooth.jar:/apex/com.android.conscrypt/javalib/conscrypt.jar:/apex/com.android.ipsec/javalib/android.net.ipsec.ike.jar:/apex/com.android.media/javalib/updatable-media.jar:/apex/com.android.mediaprovider/javalib/framework-mediaprovider.jar:/apex/com.android.ondevicepersonalization/javalib/framework-ondevicepersonalization.jar:/apex/com.android.os.statsd/javalib/framework-statsd.jar:/apex/com.android.permission/javalib/framework-permission.jar:/apex/com.android.permission/javalib/framework-permission-s.jar:/apex/com.android.scheduling/javalib/framework-scheduling.jar:/apex/com.android.sdkext/javalib/framework-sdkextensions.jar:/apex/com.android.tethering/javalib/framework-connectivity.jar:/apex/com.android.tethering/javalib/framework-connectivity-t.jar:/apex/com.android.tethering/javalib/framework-tethering.jar:/apex/com.android.uwb/javalib/framework-uwb.jar:/apex/com.android.wifi/javalib/framework-wifi.jar
03-05 11:00:34.213   300   300 I derive_classpath: export DEX2OATBOOTCLASSPATH /apex/com.android.art/javalib/core-oj.jar:/apex/com.android.art/javalib/core-libart.jar:/apex/com.android.art/javalib/okhttp.jar:/apex/com.android.art/javalib/bouncycastle.jar:/apex/com.android.art/javalib/apache-xml.jar:/system/framework/framework.jar:/system/framework/framework-graphics.jar:/system/framework/ext.jar:/system/framework/telephony-common.jar:/system/framework/voip-common.jar:/system/framework/ims-common.jar:/apex/com.android.i18n/javalib/core-icu4j.jar
03-05 11:00:34.213   300   300 I derive_classpath: export SYSTEMSERVERCLASSPATH /system/framework/com.android.location.provider.jar:/system/framework/services.jar:/apex/com.android.adservices/javalib/service-adservices.jar:/apex/com.android.adservices/javalib/service-sdksandbox.jar:/apex/com.android.appsearch/javalib/service-appsearch.jar:/apex/com.android.art/javalib/service-art.jar:/apex/com.android.media/javalib/service-media-s.jar:/apex/com.android.permission/javalib/service-permission.jar
03-05 11:00:34.213   300   300 I derive_classpath: export STANDALONE_SYSTEMSERVER_JARS /apex/com.android.btservices/javalib/service-bluetooth.jar:/apex/com.android.os.statsd/javalib/service-statsd.jar:/apex/com.android.scheduling/javalib/service-scheduling.jar:/apex/com.android.tethering/javalib/service-connectivity.jar:/apex/com.android.uwb/javalib/service-uwb.jar:/apex/com.android.wifi/javalib/service-wifi.jar
03-05 11:00:34.320     0     0 I init    : Service 'derive_classpath' (pid 300) exited with status 0 waiting took 0.015000 seconds
03-05 11:00:34.321     0     0 I init    : Sending signal 9 to service 'derive_classpath' (pid 300) process group...
03-05 11:00:34.322     0     0 I libprocessgroup: Successfully killed process cgroup uid 1000 pid 300 in 0ms
03-05 11:00:34.324     0     0 I init    : starting service 'odsign'...
03-05 11:00:34.242   301   301 I odsign  : Trying to retrieve existing HMAC key...
03-05 11:00:34.242   301   301 I odsign  : Trying to retrieve existing keystore key...
03-05 11:00:34.245   301   301 I odsign  : Verified public key signature.
03-05 11:00:34.245   301   301 I odsign  : Initialized Keystore key.
03-05 11:00:34.246   301   301 I odsign  : Found and verified existing public key certificate: /data/misc/odsign/key.cert
03-05 11:00:34.423     0     0 I fs-verity: sha256 using implementation "sha256-avx"
03-05 11:00:34.335   303   303 I odrefresh: ART APEX version 331711080
03-05 11:00:34.405   301   301 I odsign  : Metrics report is empty
03-05 11:00:34.408   301   301 I odsign  : /data/misc/odsign/odsign.info.signature matches.
03-05 11:00:34.408   301   301 I odsign  : Loaded /data/misc/odsign/odsign.info
03-05 11:00:34.410   301   301 I odsign  : All root hashes match.
03-05 11:00:34.410   301   301 I odsign  : odrefresh said artifacts are VALID
03-05 11:00:34.410   301   301 I odsign  : On-device signing done.
03-05 11:00:34.514     0     0 I init    : Wait for property 'odsign.key.done=1' took 186ms
03-05 11:00:34.516     0     0 I init    : starting service 'exec 11 (/system/bin/fsverity_init --lock)'...
03-05 11:00:34.518     0     0 I init    : SVC_EXEC service 'exec 11 (/system/bin/fsverity_init --lock)' pid 304 (uid 0 gid 0+0 context default) started; waiting...
03-05 11:00:34.520     0     0 I init    : Sending signal 9 to service 'odsign' (pid 301) process group...
03-05 11:00:34.526     0     0 I libprocessgroup: Successfully killed process cgroup uid 0 pid 301 in 5ms
03-05 11:00:34.528     0     0 I init    : Control message: Processed ctl.stop for 'odsign' from pid: 301 (/system/bin/odsign)
03-05 11:00:34.529     0     0 I init    : Service 'odsign' (pid 301) received signal 9
03-05 11:00:34.530     0     0 I init    : Service 'exec 11 (/system/bin/fsverity_init --lock)' (pid 304) exited with status 0 waiting took 0.012000 seconds
03-05 11:00:34.532     0     0 I init    : Sending signal 9 to service 'exec 11 (/system/bin/fsverity_init --lock)' (pid 304) process group...
03-05 11:00:34.429   198   237 I keystore2: keystore2::super_key: keystore.boot_level 1000000000 hits maximum 1000000000, finishing.
03-05 11:00:34.534     0     0 I libprocessgroup: Successfully killed process cgroup uid 0 pid 304 in 0ms
03-05 11:00:34.535     0     0 I init    : starting service 'apexd-snapshotde'...
03-05 11:00:34.537     0     0 I init    : SVC_EXEC service 'apexd-snapshotde' pid 305 (uid 0 gid 1000+0 context default) started; waiting...
03-05 11:00:34.542     0     0 I apexd   : Snapshot DE subcommand detected
03-05 11:00:34.543     0     0 I apexd   : Marking APEXd as ready
03-05 11:00:34.545     0     0 I init    : Service 'apexd-snapshotde' (pid 305) exited with status 0 waiting took 0.008000 seconds
03-05 11:00:34.546     0     0 I init    : Sending signal 9 to service 'apexd-snapshotde' (pid 305) process group...
03-05 11:00:34.547     0     0 I libprocessgroup: Successfully killed process cgroup uid 0 pid 305 in 0ms
03-05 11:00:34.549     0     0 I init    : starting service 'exec 12 (/system/bin/tzdatacheck /apex/com.android.tzdata/etc/tz /data/misc/zoneinfo)'...
03-05 11:00:34.451   306   306 I tzdatacheck: timezone distro dir /data/misc/zoneinfo/current does not exist. No action required.
03-05 11:00:34.552     0     0 I init    : SVC_EXEC service 'exec 12 (/system/bin/tzdatacheck /apex/com.android.tzdata/etc/tz /data/misc/zoneinfo)' pid 306 (uid 1000 gid 1000+0 context default) started; waiting...
03-05 11:00:34.557     0     0 I init    : Service 'exec 12 (/system/bin/tzdatacheck /apex/com.android.tzdata/etc/tz /data/misc/zoneinfo)' (pid 306) exited with status 0 waiting took 0.005000 seconds
03-05 11:00:34.560     0     0 I init    : Sending signal 9 to service 'exec 12 (/system/bin/tzdatacheck /apex/com.android.tzdata/etc/tz /data/misc/zoneinfo)' (pid 306) process group...
03-05 11:00:34.562     0     0 I libprocessgroup: Successfully killed process cgroup uid 1000 pid 306 in 0ms
03-05 11:00:34.565     0     0 I init    : processing action (post-fs-data) from (/system/etc/init/hw/init.usb.rc:6)
03-05 11:00:34.567     0     0 I init    : Verified that /data/adb has the encryption policy 3573ea8750aec94bd32c2a97550ccd69 v2 modes 1/4 flags 0x2
03-05 11:00:34.568     0     0 I init    : processing action (post-fs-data) from (/vendor/etc/init/hw/init.ranchu.rc:68)
03-05 11:00:34.570     0     0 I init    : starting service 'qemu-adb-keys'...
03-05 11:00:34.572     0     0 I init    : starting service 'qemu-device-state'...
03-05 11:00:34.576     0     0 I init    : processing action (ro.boot.qemu.virtiowifi=1 && post-fs-data) from (/vendor/etc/init/hw/init.ranchu.rc:141)
03-05 11:00:34.577     0     0 I init    : starting service 'ranchu-net'...
03-05 11:00:34.579     0     0 I init    : processing action (post-fs-data) from (/system/etc/init/bootstat.rc:9)
03-05 11:00:34.580     0     0 I init    : Service 'qemu-device-state' (pid 308) exited with status 0 oneshot service took 0.004000 seconds in background
03-05 11:00:34.582     0     0 I init    : Sending signal 9 to service 'qemu-device-state' (pid 308) process group...
03-05 11:00:34.583     0     0 I libprocessgroup: Successfully killed process cgroup uid 0 pid 308 in 0ms
03-05 11:00:34.585     0     0 I init    : Service 'qemu-adb-keys' (pid 307) exited with status 0 oneshot service took 0.012000 seconds in background
03-05 11:00:34.587     0     0 I init    : Sending signal 9 to service 'qemu-adb-keys' (pid 307) process group...
03-05 11:00:34.588     0     0 I libprocessgroup: Successfully killed process cgroup uid 0 pid 307 in 0ms
03-05 11:00:34.589     0     0 I init    : processing action (ro.debuggable=1 && post-fs-data) from (/system/etc/init/clean_scratch_files.rc:1)
03-05 11:00:34.591     0     0 I init    : starting service 'exec 13 (/system/bin/clean_scratch_files)'...
03-05 11:00:34.593     0     0 I init    : processing action (post-fs-data) from (/system/etc/init/gsid.rc:17)
03-05 11:00:34.595     0     0 I init    : Not setting encryption policy on: /data/gsi
03-05 11:00:34.596     0     0 I init    : processing action (post-fs-data) from (/system/etc/init/incidentd.rc:21)
03-05 11:00:34.598     0     0 I init    : processing action (post-fs-data) from (/system/etc/init/logtagd.rc:4)
03-05 11:00:34.598     0     0 D ieee80211 phy1: Selected rate control algorithm 'minstrel_ht'
03-05 11:00:34.599     0     0 I init    : processing action (post-fs-data) from (/system/etc/init/otapreopt.rc:3)
03-05 11:00:34.601     0     0 I init    : starting service 'exec 14 (/system/bin/otapreopt_slot)'...
03-05 11:00:34.604     0     0 I init    : SVC_EXEC service 'exec 14 (/system/bin/otapreopt_slot)' pid 315 (uid 0 gid 0+0 context default) started; waiting...
03-05 11:00:34.606     0     0 I init    : starting service 'dhcpclient_wifi'...
03-05 11:00:34.609     0     0 I init    : Control message: Processed ctl.start for 'dhcpclient_wifi' from pid: 314 (setprop ctl.start dhcpclient_wifi)
03-05 11:00:34.611     0     0 I init    : Service 'exec 13 (/system/bin/clean_scratch_files)' (pid 313) exited with status 0 oneshot service took 0.018000 seconds in background
03-05 11:00:34.512   319   319 W otapreopt_slot: Slot property empty.
03-05 11:00:34.613     0     0 I init    : Sending signal 9 to service 'exec 13 (/system/bin/clean_scratch_files)' (pid 313) process group...
03-05 11:00:34.615     0     0 I libprocessgroup: Successfully killed process cgroup uid 0 pid 313 in 0ms
03-05 11:00:34.616     0     0 I init    : Service 'ranchu-net' (pid 309) exited with status 0 oneshot service took 0.037000 seconds in background
03-05 11:00:34.618     0     0 I init    : Sending signal 9 to service 'ranchu-net' (pid 309) process group...
03-05 11:00:34.619     0     0 I libprocessgroup: Successfully killed process cgroup uid 0 pid 309 in 0ms
03-05 11:00:34.620     0     0 I init    : Service 'exec 14 (/system/bin/otapreopt_slot)' (pid 315) exited with status 1 waiting took 0.017000 seconds
03-05 11:00:34.622     0     0 I init    : Sending signal 9 to service 'exec 14 (/system/bin/otapreopt_slot)' (pid 315) process group...
03-05 11:00:34.623     0     0 I libprocessgroup: Successfully killed process cgroup uid 0 pid 315 in 0ms
03-05 11:00:34.625     0     0 E selinux : SELinux:  Could not stat /data/dalvik-cache/arm: No such file or directory.
03-05 11:00:34.626     0     0 E selinux :  
03-05 11:00:34.627     0     0 E selinux : SELinux:  Could not stat /data/dalvik-cache/arm64: No such file or directory.
03-05 11:00:34.628     0     0 E selinux :  
03-05 11:00:34.628     0     0 E selinux : SELinux:  Could not stat /data/dalvik-cache/mips: No such file or directory.
03-05 11:00:34.629     0     0 E selinux :  
03-05 11:00:34.630     0     0 E selinux : SELinux:  Could not stat /data/dalvik-cache/mips64: No such file or directory.
03-05 11:00:34.631     0     0 E selinux :  
03-05 11:00:34.632     0     0 E selinux : SELinux:  Could not stat /data/dalvik-cache/x86: No such file or directory.
03-05 11:00:34.633     0     0 E selinux :  
03-05 11:00:34.634     0     0 I selinux : SELinux: Skipping restorecon on directory(/data/dalvik-cache/x86_64)
03-05 11:00:34.635     0     0 I selinux :  
03-05 11:00:34.635     0     0 I init    : processing action (post-fs-data) from (/system/etc/init/perfetto.rc:73)
03-05 11:00:34.636     0     0 I init    : Command 'rm /data/misc/perfetto-traces/.guardraildata' action=post-fs-data (/system/etc/init/perfetto.rc:74) took 0ms and failed: unlink() failed: No such file or directory
03-05 11:00:34.639     0     0 I init    : processing action (post-fs-data) from (/system/etc/init/profcollectd.rc:9)
03-05 11:00:34.640     0     0 I init    : processing action (post-fs-data) from (/system/etc/init/recovery-persist.rc:1)
03-05 11:00:34.642     0     0 I init    : starting service 'exec 15 (/system/bin/recovery-persist)'...
03-05 11:00:34.644     0     0 I init    : processing action (post-fs-data) from (/system/etc/init/wifi.rc:18)
03-05 11:00:34.645     0     0 I selinux : SELinux: Skipping restorecon on directory(/data/misc/apexdata/com.android.wifi)
03-05 11:00:34.646     0     0 I selinux :  
03-05 11:00:34.541   320   320 E recovery-persist: Failed to unlink /data/misc/recovery/last_install: No such file or directory
03-05 11:00:34.647     0     0 I init    : processing action (post-fs-data) from (/vendor/etc/init/hostapd.android.rc:9)
03-05 11:00:34.648     0     0 I init    : Service 'exec 15 (/system/bin/recovery-persist)' (pid 320) exited with status 0 oneshot service took 0.004000 seconds in background
03-05 11:00:34.650     0     0 I init    : Sending signal 9 to service 'exec 15 (/system/bin/recovery-persist)' (pid 320) process group...
03-05 11:00:34.652     0     0 I libprocessgroup: Successfully killed process cgroup uid 1000 pid 320 in 0ms
03-05 11:00:34.654     0     0 I init    : processing action (load_bpf_programs) from (/system/etc/init/bpfloader.rc:17)
03-05 11:00:34.655     0     0 I init    : starting service 'bpfloader'...
03-05 11:00:34.657     0     0 I init    : SVC_EXEC service 'bpfloader' pid 321 (uid 0 gid 0+0 context default) started; waiting...
03-05 11:00:34.663     0     0 D LibBpfLoader: Loading optional ELF object /apex/com.android.tethering/etc/bpf/test.o with license Apache 2.0
03-05 11:00:34.663     0     0 I LibBpfLoader: Section bpfloader_min_ver value is 2 [0x2]
03-05 11:00:34.664     0     0 I LibBpfLoader: Section bpfloader_max_ver value is 25 [0x19]
03-05 11:00:34.665     0     0 I LibBpfLoader: Section size_of_bpf_map_def value is 120 [0x78]
03-05 11:00:34.666     0     0 I LibBpfLoader: Section size_of_bpf_prog_def value is 92 [0x5c]
03-05 11:00:34.667     0     0 I LibBpfLoader: BpfLoader version 0x00013 processing ELF object /apex/com.android.tethering/etc/bpf/test.o with ver [0x00002,0x00019)
03-05 11:00:34.669     0     0 D LibBpfLoader: Loaded code section 3 (xdp_drop_ipv4_udp_ether)
03-05 11:00:34.669     0     0 D LibBpfLoader: Adding section 3 to cs list
03-05 11:00:34.669     0     0 D LibBpfLoader: Couldn't find section btf_min_bpfloader_ver (defaulting to 0 [0x0]).
03-05 11:00:34.669     0     0 D LibBpfLoader: Couldn't find section btf_min_kernel_ver (defaulting to 0 [0x0]).
03-05 11:00:34.669     0     0 D LibBpfLoader: bpf_create_map name tether_downstream6_map, ret: 6
03-05 11:00:34.669     0     0 I LibBpfLoader: map /sys/fs/bpf/tethering/map_test_tether_downstream6_map id 1
03-05 11:00:34.671     0     0 D LibBpfLoader: bpf_create_map name bitmap, ret: 7
03-05 11:00:34.671     0     0 I LibBpfLoader: map /sys/fs/bpf/tethering/map_test_bitmap id 2
03-05 11:00:34.672     0     0 D LibBpfLoader: map_fd found at 0 is 6 in /apex/com.android.tethering/etc/bpf/test.o
03-05 11:00:34.672     0     0 D LibBpfLoader: map_fd found at 1 is 7 in /apex/com.android.tethering/etc/bpf/test.o
03-05 11:00:34.672     0     0 D LibBpfLoader: cs[0].name:xdp_drop_ipv4_udp_ether min_kver:5090000 .max_kver:ffffffff (kvers:50f0077)
03-05 11:00:34.672     0     0 D LibBpfLoader: cs[0].name:xdp_drop_ipv4_udp_ether requires bpfloader version [0x00002,0x00019)
03-05 11:00:34.673     0     0 D LibBpfLoader: bpf_prog_load lib call for /apex/com.android.tethering/etc/bpf/test.o (xdp_drop_ipv4_udp_ether) returned fd: 8 (no error)
03-05 11:00:34.673     0     0 I LibBpfLoader: prog /sys/fs/bpf/tethering/prog_test_xdp_drop_ipv4_udp_ether id 1
03-05 11:00:34.674     0     0 I bpfloader: Loaded object: /apex/com.android.tethering/etc/bpf/test.o
03-05 11:00:34.677     0     0 D LibBpfLoader: Loading critical for Connectivity (Tethering) ELF object /apex/com.android.tethering/etc/bpf/offload.o with license Apache 2.0
03-05 11:00:34.677     0     0 I LibBpfLoader: Section bpfloader_min_ver value is 2 [0x2]
03-05 11:00:34.678     0     0 I LibBpfLoader: Section bpfloader_max_ver value is 25 [0x19]
03-05 11:00:34.679     0     0 I LibBpfLoader: Section size_of_bpf_map_def value is 120 [0x78]
03-05 11:00:34.680     0     0 I LibBpfLoader: Section size_of_bpf_prog_def value is 92 [0x5c]
03-05 11:00:34.681     0     0 I LibBpfLoader: BpfLoader version 0x00013 processing ELF object /apex/com.android.tethering/etc/bpf/offload.o with ver [0x00002,0x00019)
03-05 11:00:34.684     0     0 D LibBpfLoader: Loaded code section 3 (schedcls_tether_downstream6_ether)
