03-05 11:00:35.851     0     0 I init    : starting service 'media.swcodec'...
03-05 11:00:35.853     0     0 I init    : service 'statsd' requested start, but it is already running (flags: 4)
03-05 11:00:35.856     0     0 I init    : Command 'class_start main' action=nonencrypted (/system/etc/init/hw/init.rc:1185) took 77ms and succeeded
03-05 11:00:35.859     0     0 I init    : Service 'exec 17 (/system/bin/profcollectctl reset)' (pid 417) exited with status 0 oneshot service took 0.486000 seconds in background
03-05 11:00:35.865     0     0 I init    : Sending signal 9 to service 'exec 17 (/system/bin/profcollectctl reset)' (pid 417) process group...
03-05 11:00:35.765   470   470 I wificond: wificond is starting up...
03-05 11:00:35.766   175   175 I servicemanager: Could not find android.hardware.net.nlinterceptor.IInterceptor/default in the VINTF manifest.
03-05 11:00:35.767   433   433 D BootAnimation: BootAnimationPreloadStopTiming start time: 8279ms
03-05 11:00:35.876     0     0 I libprocessgroup: Successfully killed process cgroup uid 0 pid 417 in 0ms
03-05 11:00:35.773   470   470 I HidlServiceManagement: Registered android.system.wifi.keystore@1.0::IKeystore/default
03-05 11:00:35.882     0     0 I init    : Service 'qemu-adb-setup' (pid 450) exited with status 0 oneshot service took 0.107000 seconds in background
03-05 11:00:35.885     0     0 I init    : Sending signal 9 to service 'qemu-adb-setup' (pid 450) process group...
03-05 11:00:35.785   433   477 D libEGL  : loaded /vendor/lib64/egl/libEGL_emulation.so
03-05 11:00:35.786   433   477 D libEGL  : loaded /vendor/lib64/egl/libGLESv1_CM_emulation.so
03-05 11:00:35.787   433   477 D libEGL  : loaded /vendor/lib64/egl/libGLESv2_emulation.so
03-05 11:00:35.901     0     0 I libprocessgroup: Successfully killed process cgroup uid 0 pid 450 in 2ms
03-05 11:00:35.910     0     0 I init    : starting service 'mdnsd'...
03-05 11:00:35.911     0     0 I init    : Created socket '/dev/socket/mdnsd', mode 660, user 1020, group 3003
03-05 11:00:35.919     0     0 I init    : Control message: Processed ctl.start for 'mdnsd' from pid: 436 (/apex/com.android.adbd/bin/adbd --root_seclabel=u:r:su:s0)
03-05 11:00:35.926     0     0 I init    : starting service 'gatekeeperd'...
03-05 11:00:35.830   465   465 I main_extractorservice: enable media.extractor memory limits
03-05 11:00:35.830   465   465 V MediaUtils: physMem: 2061213696
03-05 11:00:35.830   465   465 V MediaUtils: requested limit: 412242720
03-05 11:00:35.830   465   465 I libc    : malloc_limit: Allocation limit enabled, max size 412242720 bytes
03-05 11:00:35.837   465   465 W mediaextractor: Could not read additional policy file '/vendor/etc/seccomp_policy/mediaextractor.policy'
03-05 11:00:35.837   465   465 W mediaextractor: libminijail[465]: failed to get path of fd 5: No such file or directory
03-05 11:00:35.837   465   465 W mediaextractor: libminijail[465]: allowing syscall: socket
03-05 11:00:35.838   465   465 W mediaextractor: libminijail[465]: allowing syscall: connect
03-05 11:00:35.838   465   465 W mediaextractor: libminijail[465]: allowing syscall: fcntl
03-05 11:00:35.838   465   465 W mediaextractor: libminijail[465]: allowing syscall: writev
03-05 11:00:35.838   465   465 W mediaextractor: libminijail[465]: compile_file: <fd>(48): syscall readlinkat redefined here
03-05 11:00:35.838   465   465 W mediaextractor: libminijail[465]: compile_file: <fd>(43): previous definition here
03-05 11:00:35.838   465   465 W mediaextractor: libminijail[465]: compile_file: <fd>(54): syscall gettid redefined here
03-05 11:00:35.838   465   465 W mediaextractor: libminijail[465]: compile_file: <fd>(51): previous definition here
03-05 11:00:35.938     0     0 I init    : service 'traced' requested start, but it is already running (flags: 132)
03-05 11:00:35.941     0     0 I init    : service 'traced_probes' requested start, but it is already running (flags: 132)
03-05 11:00:35.838   465   465 W mediaextractor: libminijail[465]: compile_file: /apex/com.android.media/etc/seccomp_policy/crash_dump.x86_64.policy(1): syscall read redefined here
03-05 11:00:35.838   465   465 W mediaextractor: libminijail[465]: compile_file: <fd>(19): previous definition here
03-05 11:00:35.838   465   465 W mediaextractor: libminijail[465]: compile_file: /apex/com.android.media/etc/seccomp_policy/crash_dump.x86_64.policy(2): syscall write redefined here
03-05 11:00:35.838   465   465 W mediaextractor: libminijail[465]: compile_file: <fd>(6): previous definition here
03-05 11:00:35.838   465   465 W mediaextractor: libminijail[465]: compile_file: /apex/com.android.media/etc/seccomp_policy/crash_dump.x86_64.policy(3): syscall exit redefined here
03-05 11:00:35.838   465   465 W mediaextractor: libminijail[465]: compile_file: <fd>(29): previous definition here
03-05 11:00:35.838   465   465 W mediaextractor: libminijail[465]: compile_file: /apex/com.android.media/etc/seccomp_policy/crash_dump.x86_64.policy(4): syscall rt_sigreturn redefined here
03-05 11:00:35.838   465   465 W mediaextractor: libminijail[465]: compile_file: <fd>(31): previous definition here
03-05 11:00:35.838   465   465 W mediaextractor: libminijail[465]: compile_file: /apex/com.android.media/etc/seccomp_policy/crash_dump.x86_64.policy(5): syscall exit_group redefined here
03-05 11:00:35.838   465   465 W mediaextractor: libminijail[465]: compile_file: <fd>(30): previous definition here
03-05 11:00:35.838   465   465 W mediaextractor: libminijail[465]: compile_file: /apex/com.android.media/etc/seccomp_policy/crash_dump.x86_64.policy(6): syscall clock_gettime redefined here
03-05 11:00:35.838   465   465 W mediaextractor: libminijail[465]: compile_file: <fd>(15): previous definition here
03-05 11:00:35.838   465   465 W mediaextractor: libminijail[465]: compile_file: /apex/com.android.media/etc/seccomp_policy/crash_dump.x86_64.policy(8): syscall futex redefined here
03-05 11:00:35.838   465   465 W mediaextractor: libminijail[465]: compile_file: <fd>(4): previous definition here
03-05 11:00:35.838   465   465 W mediaextractor: libminijail[465]: compile_file: /apex/com.android.media/etc/seccomp_policy/crash_dump.x86_64.policy(9): syscall getrandom redefined here
03-05 11:00:35.838   465   465 W mediaextractor: libminijail[465]: compile_file: <fd>(36): previous definition here
03-05 11:00:35.838   465   465 W mediaextractor: libminijail[465]: compile_file: /apex/com.android.media/etc/seccomp_policy/crash_dump.x86_64.policy(10): syscall getpid redefined here
03-05 11:00:35.838   465   465 W mediaextractor: libminijail[465]: compile_file: <fd>(53): previous definition here
03-05 11:00:35.838   465   465 W mediaextractor: libminijail[465]: compile_file: /apex/com.android.media/etc/seccomp_policy/crash_dump.x86_64.policy(11): syscall gettid redefined here
03-05 11:00:35.838   465   465 W mediaextractor: libminijail[465]: compile_file: <fd>(51): previous definition here
03-05 11:00:35.838   465   465 W mediaextractor: libminijail[465]: compile_file: /apex/com.android.media/etc/seccomp_policy/crash_dump.x86_64.policy(14): syscall openat redefined here
03-05 11:00:35.838   465   465 W mediaextractor: libminijail[465]: compile_file: <fd>(13): previous definition here
03-05 11:00:35.838   465   465 W mediaextractor: libminijail[465]: compile_file: /apex/com.android.media/etc/seccomp_policy/crash_dump.x86_64.policy(15): syscall dup redefined here
03-05 11:00:35.838   465   465 W mediaextractor: libminijail[465]: compile_file: <fd>(9): previous definition here
03-05 11:00:35.838   465   465 W mediaextractor: libminijail[465]: compile_file: /apex/com.android.media/etc/seccomp_policy/crash_dump.x86_64.policy(16): syscall close redefined here
03-05 11:00:35.838   465   465 W mediaextractor: libminijail[465]: compile_file: <fd>(8): previous definition here
03-05 11:00:35.838   465   465 W mediaextractor: libminijail[465]: compile_file: /apex/com.android.media/etc/seccomp_policy/crash_dump.x86_64.policy(17): syscall lseek redefined here
03-05 11:00:35.838   465   465 W mediaextractor: libminijail[465]: compile_file: <fd>(20): previous definition here
03-05 11:00:35.838   465   465 W mediaextractor: libminijail[465]: compile_file: /apex/com.android.media/etc/seccomp_policy/crash_dump.x86_64.policy(18): syscall getdents64 redefined here
03-05 11:00:35.838   465   465 W mediaextractor: libminijail[465]: compile_file: <fd>(42): previous definition here
03-05 11:00:35.838   465   465 W mediaextractor: libminijail[465]: compile_file: /apex/com.android.media/etc/seccomp_policy/crash_dump.x86_64.policy(19): syscall faccessat redefined here
03-05 11:00:35.838   465   465 W mediaextractor: libminijail[465]: compile_file: <fd>(32): previous definition here
03-05 11:00:35.838   465   465 W mediaextractor: libminijail[465]: compile_file: /apex/com.android.media/etc/seccomp_policy/crash_dump.x86_64.policy(28): syscall prctl redefined here
03-05 11:00:35.838   465   465 W mediaextractor: libminijail[465]: compile_file: <fd>(5): previous definition here
03-05 11:00:35.839   465   465 W mediaextractor: libminijail[465]: compile_file: /apex/com.android.media/etc/seccomp_policy/crash_dump.x86_64.policy(29): syscall madvise redefined here
03-05 11:00:35.839   465   465 W mediaextractor: libminijail[465]: compile_file: <fd>(12): previous definition here
03-05 11:00:35.839   465   465 W mediaextractor: libminijail[465]: compile_file: /apex/com.android.media/etc/seccomp_policy/crash_dump.x86_64.policy(30): syscall mprotect redefined here
03-05 11:00:35.839   465   465 W mediaextractor: libminijail[465]: compile_file: <fd>(18): previous definition here
03-05 11:00:35.839   465   465 W mediaextractor: libminijail[465]: compile_file: /apex/com.android.media/etc/seccomp_policy/crash_dump.x86_64.policy(31): syscall munmap redefined here
03-05 11:00:35.944     0     0 I init    : starting service 'usbd'...
03-05 11:00:35.839   465   465 W mediaextractor: libminijail[465]: compile_file: <fd>(10): previous definition here
03-05 11:00:35.839   465   465 W mediaextractor: libminijail[465]: compile_file: /apex/com.android.media/etc/seccomp_policy/crash_dump.x86_64.policy(32): syscall getuid redefined here
03-05 11:00:35.839   465   465 W mediaextractor: libminijail[465]: compile_file: <fd>(22): previous definition here
03-05 11:00:35.839   465   465 W mediaextractor: libminijail[465]: compile_file: /apex/com.android.media/etc/seccomp_policy/crash_dump.x86_64.policy(33): syscall fstat redefined here
03-05 11:00:35.839   465   465 W mediaextractor: libminijail[465]: compile_file: <fd>(25): previous definition here
03-05 11:00:35.839   465   465 W mediaextractor: libminijail[465]: compile_file: /apex/com.android.media/etc/seccomp_policy/crash_dump.x86_64.policy(34): syscall mmap redefined here
03-05 11:00:35.839   465   465 W mediaextractor: libminijail[465]: compile_file: <fd>(11): previous definition here
03-05 11:00:35.840   465   465 W mediaextractor: libminijail[465]: logging seccomp filter failures
03-05 11:00:35.947     0     0 I init    : starting service 'vendor.face-hal-1-0-default'...
03-05 11:00:35.850   433   477 D HostConnection: HostComposition ext ANDROID_EMU_CHECKSUM_HELPER_v1 ANDROID_EMU_native_sync_v2 ANDROID_EMU_dma_v1 ANDROID_EMU_direct_mem ANDROID_EMU_host_composition_v1 ANDROID_EMU_host_composition_v2 ANDROID_EMU_vulkan ANDROID_EMU_deferred_vulkan_commands ANDROID_EMU_vulkan_null_optional_strings ANDROID_EMU_vulkan_create_resources_with_requirements ANDROID_EMU_YUV_Cache ANDROID_EMU_vulkan_ignored_handles ANDROID_EMU_has_shared_slots_host_memory_allocator ANDROID_EMU_vulkan_free_memory_sync ANDROID_EMU_vulkan_shader_float16_int8 ANDROID_EMU_vulkan_async_queue_submit ANDROID_EMU_vulkan_queue_submit_with_commands ANDROID_EMU_sync_buffer_data ANDROID_EMU_vulkan_async_qsri ANDROID_EMU_read_color_buffer_dma ANDROID_EMU_hwc_multi_configs ANDROID_EMU_hwc_color_transform GL_OES_EGL_image_external_essl3 GL_OES_vertex_array_object GL_KHR_texture_compression_astc_ldr ANDROID_EMU_host_side_tracing ANDROID_EMU_gles_max_version_3_0 
03-05 11:00:35.851   176   176 I hwservicemanager: getTransport: Cannot find entry android.hardware.graphics.mapper@4.0::IMapper/default in either framework or device VINTF manifest.
03-05 11:00:35.851   433   477 I Gralloc4: mapper 4.x is not supported
03-05 11:00:35.952     0     0 I init    : starting service 'vendor.fps_hal'...
03-05 11:00:35.957     0     0 I init    : processing action (load_persist_props_action) from (/system/etc/init/flags_health_check.rc:1)
03-05 11:00:35.868   443   443 I perfetto:  probes_producer.cc:311 Connected to the service
03-05 11:00:35.873   175   175 I servicemanager: Could not find android.hardware.health.IHealth/default in the VINTF manifest.
03-05 11:00:35.976     0     0 I init    : Verified that /data/server_configurable_flags has the encryption policy 3573ea8750aec94bd32c2a97550ccd69 v2 modes 1/4 flags 0x2
03-05 11:00:35.877   468   468 I storaged: Unable to get AIDL health service, trying HIDL...
03-05 11:00:35.982     0     0 I init    : starting service 'exec 19 (/system/bin/flags_health_check BOOT_FAILURE)'...
03-05 11:00:35.883   176   176 I hwservicemanager: getTransport: Cannot find entry android.hardware.graphics.allocator@4.0::IAllocator/default in either framework or device VINTF manifest.
03-05 11:00:35.883   175   175 I servicemanager: Could not find android.hardware.graphics.allocator.IAllocator/default in the VINTF manifest.
03-05 11:00:35.885   433   477 W Gralloc4: allocator 4.x is not supported
03-05 11:00:35.905   433   477 D HostConnection: HostComposition ext ANDROID_EMU_CHECKSUM_HELPER_v1 ANDROID_EMU_native_sync_v2 ANDROID_EMU_dma_v1 ANDROID_EMU_direct_mem ANDROID_EMU_host_composition_v1 ANDROID_EMU_host_composition_v2 ANDROID_EMU_vulkan ANDROID_EMU_deferred_vulkan_commands ANDROID_EMU_vulkan_null_optional_strings ANDROID_EMU_vulkan_create_resources_with_requirements ANDROID_EMU_YUV_Cache ANDROID_EMU_vulkan_ignored_handles ANDROID_EMU_has_shared_slots_host_memory_allocator ANDROID_EMU_vulkan_free_memory_sync ANDROID_EMU_vulkan_shader_float16_int8 ANDROID_EMU_vulkan_async_queue_submit ANDROID_EMU_vulkan_queue_submit_with_commands ANDROID_EMU_sync_buffer_data ANDROID_EMU_vulkan_async_qsri ANDROID_EMU_read_color_buffer_dma ANDROID_EMU_hwc_multi_configs ANDROID_EMU_hwc_color_transform GL_OES_EGL_image_external_essl3 GL_OES_vertex_array_object GL_KHR_texture_compression_astc_ldr ANDROID_EMU_host_side_tracing ANDROID_EMU_gles_max_version_3_0 
03-05 11:00:35.916   484   484 I android.hardware.biometrics.face@1.0-service: BiometricsFace HAL is being started.
03-05 11:00:35.919   486   486 D android.hardware.biometrics.fingerprint@2.1-service: Opening fingerprint hal library...
03-05 11:00:35.920   176   176 I hwservicemanager: getTransport: Cannot find entry android.hardware.usb.gadget@1.0::IUsbGadget/default in either framework or device VINTF manifest.
03-05 11:00:35.921   486   486 D FingerprintHal: ----------------> fingerprint_open ----------------->
03-05 11:00:35.922   486   486 D FingerprintHal: ----------------> set_notify_callback ----------------->
03-05 11:00:35.922   486   486 D FingerprintHal: fingerprint callback notification set
03-05 11:00:35.923   484   484 I HidlServiceManagement: Registered android.hardware.biometrics.face@1.0::IBiometricsFace/default
03-05 11:00:35.923   483   483 I usbd    : Usb HAL not found
03-05 11:00:35.924   484   484 I HidlServiceManagement: Removing namespace from process name android.hardware.biometrics.face@1.0-service.example to face@1.0-service.example.
03-05 11:00:35.924   484   484 I android.hardware.biometrics.face@1.0-service: BiometricsFace HAL has started successfully.
03-05 11:00:35.926   490   490 I flags_health_check: ServerConfigurableFlagsReset reset_mode value: 0
03-05 11:00:35.926   490   490 I flags_health_check: ServerConfigurableFlagsReset attempted boot count is under threshold, skipping reset.
03-05 11:00:35.933   486   491 D FingerprintHal: ----------------> listenerFunction ----------------->
03-05 11:00:35.941   468   468 I ServiceManager: Waiting for service 'package_native' on '/dev/binder'...
03-05 11:00:35.946   433   477 D EGL_emulation: eglCreateContext: 0x72b3c94ff9d0: maj 3 min 0 rcv 3
03-05 11:00:35.947   433   477 D EGL_emulation: eglMakeCurrent: 0x72b3c94ff9d0: ver 3 0 (tinfo 0x72b5fab6d080) (first time)
03-05 11:00:36.029     0     0 I init    : SVC_EXEC service 'exec 19 (/system/bin/flags_health_check BOOT_FAILURE)' pid 490 (uid 1000 gid 1000+0 context default) started; waiting...
03-05 11:00:36.046     0     0 I init    : Command 'exec - system system -- /system/bin/flags_health_check BOOT_FAILURE' action=load_persist_props_action (/system/etc/init/flags_health_check.rc:5) took 65ms and succeeded
03-05 11:00:35.952   486   486 I HidlServiceManagement: Registered android.hardware.biometrics.fingerprint@2.1::IBiometricsFingerprint/default
03-05 11:00:35.952   486   486 I HidlServiceManagement: Removing namespace from process name android.hardware.biometrics.fingerprint@2.1-service to fingerprint@2.1-service.
03-05 11:00:35.953   482   482 I gatekeeperd: Starting gatekeeperd...
03-05 11:00:35.960   433   477 E emuglGLESv2_enc: device/generic/goldfish-opengl/system/GLESv2_enc/GL2Encoder.cpp:s_glEnable:4892 GL error 0x500 condition [!GLESv2Validation::allowedEnable(ctx->majorVersion(), ctx->minorVersion(), what)]
03-05 11:00:36.078     0     0 I init    : Service 'usbd' (pid 483) exited with status 0 oneshot service took 0.131000 seconds in background
03-05 11:00:36.087     0     0 I init    : Sending signal 9 to service 'usbd' (pid 483) process group...
03-05 11:00:35.990   465   465 I MediaExtractorFactory: plugin directory not present (/system/lib64/extractors)
03-05 11:00:35.990   465   465 I MediaExtractorFactory: plugin directory not present (/system_ext/lib64/extractors)
03-05 11:00:36.100     0     0 I libprocessgroup: Successfully killed process cgroup uid 0 pid 483 in 0ms
03-05 11:00:36.104     0     0 I init    : Service 'exec 19 (/system/bin/flags_health_check BOOT_FAILURE)' (pid 490) exited with status 0 waiting took 0.090000 seconds
03-05 11:00:36.111     0     0 I init    : Sending signal 9 to service 'exec 19 (/system/bin/flags_health_check BOOT_FAILURE)' (pid 490) process group...
03-05 11:00:36.012   466   466 V MediaUtils: physMem: 2061213696
03-05 11:00:36.012   466   466 V MediaUtils: requested limit: 134217728
03-05 11:00:36.014   466   466 I libc    : malloc_limit: Allocation limit enabled, max size 134217728 bytes
03-05 11:00:36.016   331   331 D zygote64: Time zone APEX ICU file found: /apex/com.android.tzdata/etc/icu/icu_tzdata.dat
03-05 11:00:36.017   466   466 D AudioPowerUsage: AudioPowerUsage
03-05 11:00:36.017   466   466 D AudioAnalytics: AudioAnalytics
03-05 11:00:36.017   466   466 D MediaMetricsService: MediaMetricsService
03-05 11:00:36.017   331   331 D zygote64: I18n APEX ICU file found: /apex/com.android.i18n/etc/icu/icudt70l.dat
03-05 11:00:36.025   377   377 I ServiceManager: Waiting for service 'media.metrics' on '/dev/binder' successful after waiting 507ms
03-05 11:00:36.025   377   377 I AudioFlinger: Using default 3000 mSec as standby time.
03-05 11:00:36.130     0     0 I libprocessgroup: Successfully killed process cgroup uid 1000 pid 490 in 0ms
03-05 11:00:36.133     0     0 I init    : processing action (load_persist_props_action) from (/system/etc/init/logcatd.rc:29)
03-05 11:00:36.141     0     0 I init    : processing action (llk.enable=0) from (/system/etc/init/llkd.rc:12)
03-05 11:00:36.042   466   494 I ServiceManager: Waiting for service 'package_native' on '/dev/binder'...
03-05 11:00:36.043   175   175 I servicemanager: Found android.hardware.radio.data.IRadioData/slot1 in device VINTF manifest.
03-05 11:00:36.044   175   175 I servicemanager: Found android.hardware.radio.messaging.IRadioMessaging/slot1 in device VINTF manifest.
03-05 11:00:36.044   175   175 I servicemanager: Found android.hardware.radio.modem.IRadioModem/slot1 in device VINTF manifest.
03-05 11:00:36.044   175   175 I servicemanager: Found android.hardware.radio.network.IRadioNetwork/slot1 in device VINTF manifest.
03-05 11:00:36.044   175   175 I servicemanager: Found android.hardware.radio.sim.IRadioSim/slot1 in device VINTF manifest.
03-05 11:00:36.044   175   175 I servicemanager: Found android.hardware.radio.voice.IRadioVoice/slot1 in device VINTF manifest.
03-05 11:00:36.044   175   175 I servicemanager: Found android.hardware.radio.config.IRadioConfig/default in device VINTF manifest.
03-05 11:00:36.148     0     0 I init    : processing action (khungtask.enable=1) from (/system/etc/init/llkd.rc:18)
03-05 11:00:36.155     0     0 I init    : processing action (llk.enable=0) from (/system/etc/init/llkd.rc:12)
03-05 11:00:36.056   433   477 D BootAnimation: BootAnimationShownTiming start time: 8567ms
03-05 11:00:36.056   433   477 D BootAnimation: Playing files = /product/media/bootanimation.zip/part0, Requested repeat = 1, playUntilComplete = true
03-05 11:00:36.169     0     0 I init    : processing action (khungtask.enable=0) from (/system/etc/init/llkd.rc:21)
03-05 11:00:36.070   475   475 I mediaswcodec: media swcodec service starting
03-05 11:00:36.070   475   475 W mediaswcodec: Could not read additional policy file '/vendor/etc/seccomp_policy/mediaswcodec.policy'
03-05 11:00:36.070   475   475 W mediaswcodec: libminijail[475]: failed to get path of fd 5: No such file or directory
03-05 11:00:36.070   475   475 W mediaswcodec: libminijail[475]: allowing syscall: socket
03-05 11:00:36.070   475   475 W mediaswcodec: libminijail[475]: allowing syscall: connect
03-05 11:00:36.070   475   475 W mediaswcodec: libminijail[475]: allowing syscall: fcntl
03-05 11:00:36.070   475   475 W mediaswcodec: libminijail[475]: allowing syscall: writev
03-05 11:00:36.070   475   475 W mediaswcodec: libminijail[475]: compile_file: <fd>(20): nonexistent syscall 'getuid32'
03-05 11:00:36.070   475   475 W mediaswcodec: libminijail[475]: compile_file: <fd>(26): nonexistent syscall 'mmap2'
03-05 11:00:36.070   475   475 W mediaswcodec: libminijail[475]: compile_file: <fd>(28): nonexistent syscall 'fstat64'
03-05 11:00:36.070   475   475 W mediaswcodec: libminijail[475]: compile_file: <fd>(31): nonexistent syscall 'stat64'
03-05 11:00:36.070   475   475 W mediaswcodec: libminijail[475]: compile_file: <fd>(32): nonexistent syscall 'statfs64'
03-05 11:00:36.070   475   475 W mediaswcodec: libminijail[475]: compile_file: <fd>(34): nonexistent syscall 'fstatat64'
03-05 11:00:36.070   475   475 W mediaswcodec: libminijail[475]: compile_file: <fd>(39): nonexistent syscall '_llseek'
03-05 11:00:36.070   475   475 W mediaswcodec: libminijail[475]: compile_file: <fd>(48): nonexistent syscall 'ugetrlimit'
03-05 11:00:36.070   475   475 W mediaswcodec: libminijail[475]: compile_file: <fd>(51): nonexistent syscall '_llseek'
03-05 11:00:36.070   475   475 W mediaswcodec: libminijail[475]: compile_file: <fd>(52): nonexistent syscall 'fstatfs64'
03-05 11:00:36.070   475   475 W mediaswcodec: libminijail[475]: compile_file: <fd>(64): nonexistent syscall 'ftruncate64'
03-05 11:00:36.070   475   475 W mediaswcodec: libminijail[475]: compile_file: <fd>(70): syscall gettid redefined here
03-05 11:00:36.070   475   475 W mediaswcodec: libminijail[475]: compile_file: <fd>(67): previous definition here
03-05 11:00:36.071   475   475 W mediaswcodec: libminijail[475]: compile_file: /apex/com.android.media.swcodec/etc/seccomp_policy/crash_dump.x86_64.policy(1): syscall read redefined here
03-05 11:00:36.071   475   475 W mediaswcodec: libminijail[475]: compile_file: <fd>(15): previous definition here
03-05 11:00:36.071   475   475 W mediaswcodec: libminijail[475]: compile_file: /apex/com.android.media.swcodec/etc/seccomp_policy/crash_dump.x86_64.policy(2): syscall write redefined here
03-05 11:00:36.071   475   475 W mediaswcodec: libminijail[475]: compile_file: <fd>(58): previous definition here
03-05 11:00:36.071   475   475 W mediaswcodec: libminijail[475]: compile_file: /apex/com.android.media.swcodec/etc/seccomp_policy/crash_dump.x86_64.policy(3): syscall exit redefined here
03-05 11:00:36.071   475   475 W mediaswcodec: libminijail[475]: compile_file: <fd>(45): previous definition here
03-05 11:00:36.071   475   475 W mediaswcodec: libminijail[475]: compile_file: /apex/com.android.media.swcodec/etc/seccomp_policy/crash_dump.x86_64.policy(4): syscall rt_sigreturn redefined here
03-05 11:00:36.071   475   475 W mediaswcodec: libminijail[475]: compile_file: <fd>(47): previous definition here
03-05 11:00:36.071   475   475 W mediaswcodec: libminijail[475]: compile_file: /apex/com.android.media.swcodec/etc/seccomp_policy/crash_dump.x86_64.policy(5): syscall exit_group redefined here
03-05 11:00:36.071   475   475 W mediaswcodec: libminijail[475]: compile_file: <fd>(46): previous definition here
03-05 11:00:36.071   475   475 W mediaswcodec: libminijail[475]: compile_file: /apex/com.android.media.swcodec/etc/seccomp_policy/crash_dump.x86_64.policy(8): syscall futex redefined here
03-05 11:00:36.071   475   475 W mediaswcodec: libminijail[475]: compile_file: <fd>(36): previous definition here
03-05 11:00:36.071   475   475 W mediaswcodec: libminijail[475]: compile_file: /apex/com.android.media.swcodec/etc/seccomp_policy/crash_dump.x86_64.policy(10): syscall getpid redefined here
03-05 11:00:36.071   475   475 W mediaswcodec: libminijail[475]: compile_file: <fd>(69): previous definition here
03-05 11:00:36.071   475   475 W mediaswcodec: libminijail[475]: compile_file: /apex/com.android.media.swcodec/etc/seccomp_policy/crash_dump.x86_64.policy(11): syscall gettid redefined here
03-05 11:00:36.071   475   475 W mediaswcodec: libminijail[475]: compile_file: <fd>(67): previous definition here
03-05 11:00:36.071   475   475 W mediaswcodec: libminijail[475]: compile_file: /apex/com.android.media.swcodec/etc/seccomp_policy/crash_dump.x86_64.policy(14): syscall openat redefined here
03-05 11:00:36.071   475   475 W mediaswcodec: libminijail[475]: compile_file: <fd>(18): previous definition here
03-05 11:00:36.071   475   475 W mediaswcodec: libminijail[475]: compile_file: /apex/com.android.media.swcodec/etc/seccomp_policy/crash_dump.x86_64.policy(15): syscall dup redefined here
03-05 11:00:36.071   475   475 W mediaswcodec: libminijail[475]: compile_file: <fd>(56): previous definition here
03-05 11:00:36.071   475   475 W mediaswcodec: libminijail[475]: compile_file: /apex/com.android.media.swcodec/etc/seccomp_policy/crash_dump.x86_64.policy(16): syscall close redefined here
03-05 11:00:36.071   475   475 W mediaswcodec: libminijail[475]: compile_file: <fd>(25): previous definition here
03-05 11:00:36.071   475   475 W mediaswcodec: libminijail[475]: compile_file: /apex/com.android.media.swcodec/etc/seccomp_policy/crash_dump.x86_64.policy(17): syscall lseek redefined here
03-05 11:00:36.071   475   475 W mediaswcodec: libminijail[475]: compile_file: <fd>(40): previous definition here
03-05 11:00:36.071   475   475 W mediaswcodec: libminijail[475]: compile_file: /apex/com.android.media.swcodec/etc/seccomp_policy/crash_dump.x86_64.policy(19): syscall faccessat redefined here
03-05 11:00:36.071   475   475 W mediaswcodec: libminijail[475]: compile_file: <fd>(38): previous definition here
03-05 11:00:36.071   475   475 W mediaswcodec: libminijail[475]: compile_file: /apex/com.android.media.swcodec/etc/seccomp_policy/crash_dump.x86_64.policy(28): syscall prctl redefined here
03-05 11:00:36.071   475   475 W mediaswcodec: libminijail[475]: compile_file: <fd>(17): previous definition here
03-05 11:00:36.071   475   475 W mediaswcodec: libminijail[475]: compile_file: /apex/com.android.media.swcodec/etc/seccomp_policy/crash_dump.x86_64.policy(29): syscall madvise redefined here
03-05 11:00:36.071   475   475 W mediaswcodec: libminijail[475]: compile_file: <fd>(33): previous definition here
03-05 11:00:36.071   475   475 W mediaswcodec: libminijail[475]: compile_file: /apex/com.android.media.swcodec/etc/seccomp_policy/crash_dump.x86_64.policy(30): syscall mprotect redefined here
03-05 11:00:36.071   475   475 W mediaswcodec: libminijail[475]: compile_file: <fd>(16): previous definition here
03-05 11:00:36.071   475   475 W mediaswcodec: libminijail[475]: compile_file: /apex/com.android.media.swcodec/etc/seccomp_policy/crash_dump.x86_64.policy(31): syscall munmap redefined here
03-05 11:00:36.071   475   475 W mediaswcodec: libminijail[475]: compile_file: <fd>(37): previous definition here
03-05 11:00:36.071   475   475 W mediaswcodec: libminijail[475]: compile_file: /apex/com.android.media.swcodec/etc/seccomp_policy/crash_dump.x86_64.policy(32): syscall getuid redefined here
03-05 11:00:36.071   475   475 W mediaswcodec: libminijail[475]: compile_file: <fd>(21): previous definition here
03-05 11:00:36.071   475   475 W mediaswcodec: libminijail[475]: compile_file: /apex/com.android.media.swcodec/etc/seccomp_policy/crash_dump.x86_64.policy(33): syscall fstat redefined here
03-05 11:00:36.071   475   475 W mediaswcodec: libminijail[475]: compile_file: <fd>(29): previous definition here
03-05 11:00:36.071   475   475 W mediaswcodec: libminijail[475]: compile_file: /apex/com.android.media.swcodec/etc/seccomp_policy/crash_dump.x86_64.policy(34): syscall mmap redefined here
03-05 11:00:36.071   475   475 W mediaswcodec: libminijail[475]: compile_file: <fd>(27): previous definition here
03-05 11:00:36.072   475   475 W mediaswcodec: libminijail[475]: logging seccomp filter failures
03-05 11:00:36.072   475   475 I CodecServiceRegistrant: Creating software Codec2 service...
03-05 11:00:36.074   475   475 D C2Store : Default ION heapmask = -1
03-05 11:00:36.074   475   475 D C2Store : Default ION flags = 0
03-05 11:00:36.074   475   475 D C2Store : Default ION align = 0
03-05 11:00:36.080   377   377 D APM_EngineLoader: Loaded engine from libaudiopolicyenginedefault.so
03-05 11:00:36.080   377   377 D APM::AudioPolicyEngine/Base: loadAudioPolicyEngineConfig: No configuration found, using default matching phone experience.
03-05 11:00:36.082   475   475 I HidlServiceManagement: Registered android.hardware.media.c2@1.2::IComponentStore/software
03-05 11:00:36.084   377   377 W APM::AudioPolicyEngine/Base: loadAudioPolicyEngineConfig: No configuration of AUDIO_STREAM_CALL_ASSISTANT found, using default volume configuration
03-05 11:00:36.182     0     0 I init    : processing action (init.svc.media=*) from (/system/etc/init/mediaserver.rc:1)
03-05 11:00:36.189     0     0 I init    : processing action (khungtask.enable=true) from (/system/etc/init/llkd.rc:25)
03-05 11:00:36.089   475   475 I CodecServiceRegistrant: Preferred Codec2 store is set to "default".
03-05 11:00:36.089   475   475 I CodecServiceRegistrant: Software Codec2 service created and registered.
03-05 11:00:36.198     0     0 I init    : processing action (khungtask.enable=false) from (/system/etc/init/llkd.rc:31)
03-05 11:00:36.099   436   504 I adbd    : host-13: read thread spawning
03-05 11:00:36.099   436   505 I adbd    : host-13: write thread spawning
03-05 11:00:36.104   436   506 I adbd    : host-19: read thread spawning
03-05 11:00:36.104   436   436 I adbd    : host-19: already offline
03-05 11:00:36.104   436   436 I adbd    : authentication not required
03-05 11:00:36.209     0     0 I init    : processing action (init.svc.mediadrm=running) from (/vendor/etc/init/android.hardware.drm-service.widevine.rc:1)
03-05 11:00:36.108   436   507 I adbd    : host-19: write thread spawning
03-05 11:00:36.139   377   377 I AudioFlinger: loadHwModule() Loaded primary audio interface, handle 10
03-05 11:00:36.148   377   377 I AudioFlinger: openOutput() this 0x70fa8f871130, module 10 Device AUDIO_DEVICE_OUT_SPEAKER, @:, SamplingRate 48000, Format 0x000001, Channels 0x3, flags 0x2
03-05 11:00:36.153   331   331 I zygote64: Using memfd for future sealing
03-05 11:00:36.157   331   331 W zygote64: Unexpected CPU variant for x86: x86_64.
03-05 11:00:36.157   331   331 W zygote64: Known variants: atom, sandybridge, silvermont, kabylake, default
03-05 11:00:36.158   467   467 I mediaserver: ServiceManager: 0x734cd2ab2da0
03-05 11:00:36.162   467   467 W BatteryNotifier: batterystats service unavailable!
03-05 11:00:36.172   467   467 W BatteryNotifier: batterystats service unavailable!
03-05 11:00:36.181   377   377 I AudioFlinger: HAL output buffer size 1056 frames, normal sink buffer size 1056 frames
03-05 11:00:36.181   176   176 I hwservicemanager: getTransport: Cannot find entry android.hardware.audio.effect@7.1::IEffectsFactory/default in either framework or device VINTF manifest.
03-05 11:00:36.310     0     0 I logd    : logdr: UID=2000 GID=2000 PID=512 n tail=500 logMask=99 pid=0 start=0ns deadline=0ns
03-05 11:00:36.211   453   453 I cameraserver: ServiceManager: 0x71cb13b615f0
03-05 11:00:36.312     0     0 I logd    : logdr: UID=2000 GID=2000 PID=516 n tail=0 logMask=99 pid=0 start=0ns deadline=0ns
03-05 11:00:36.211   453   453 I CameraService: CameraService started (pid=453)
03-05 11:00:36.212   453   453 I CameraService: CameraService process starting
03-05 11:00:36.213   453   453 W BatteryNotifier: batterystats service unavailable!
03-05 11:00:36.213   453   453 W BatteryNotifier: batterystats service unavailable!
03-05 11:00:36.218   377   377 I BufferProvider: found effect "Multichannel Downmix To Stereo" from The Android Open Source Project
03-05 11:00:36.218   377   377 D AudioFlinger: Failed to add event callback
03-05 11:00:36.219   336   336 E android.hardware.audio@7.1-impl.ranchu: device/generic/goldfish/audio/primary_device.cpp:getParameters:211 failure: Result::NOT_SUPPORTED
03-05 11:00:36.219   377   377 E APM_AudioPolicyManager: invalid volume index range
03-05 11:00:36.219   377   377 E APM_AudioPolicyManager: invalid volume index range
03-05 11:00:36.219   377   377 E APM_AudioPolicyManager: invalid volume index range
03-05 11:00:36.219   377   377 V APM_AudioPolicyManager: checkAndSetVolume cannot set volume group 4 volume when is not requested for comm
03-05 11:00:36.219   377   377 E APM_AudioPolicyManager: invalid volume index range
03-05 11:00:36.219   377   377 E APM_AudioPolicyManager: invalid volume index range
03-05 11:00:36.219   377   377 E APM_AudioPolicyManager: invalid volume index range
03-05 11:00:36.219   377   377 E APM_AudioPolicyManager: invalid volume index range
03-05 11:00:36.219   377   526 I AudioFlinger: AudioFlinger's thread 0x70fc1fa109a0 tid=526 ready to run
03-05 11:00:36.221   453   453 I cameraserver: Connecting to new camera provider: legacy/0, isRemote? 1
03-05 11:00:36.222   453   453 I CameraProviderManager: Enumerating new camera device: device@3.3/legacy/0
03-05 11:00:36.225   377   526 W AudioFlinger: no wake lock to update, system not ready yet
03-05 11:00:36.225   377   526 D AudioFlinger: ro.audio.silent is ignored since no output device is set
03-05 11:00:36.225   336   336 E android.hardware.audio@7.1-impl.ranchu: device/generic/goldfish/audio/stream_out.cpp:getPresentationPosition:475 failure: Result::INVALID_STATE
